Archive member included because of file (symbol)

contiki-wismote.a(dtls.o)     dtls-server.co (dtls_init)
contiki-wismote.a(tinycrypto.o)
                              contiki-wismote.a(dtls.o) (tinydtls_crypto_init)
contiki-wismote.a(hmac.o)     contiki-wismote.a(dtls.o) (dtls_hmac_update)
contiki-wismote.a(rijndael.o)
                              contiki-wismote.a(tinycrypto.o) (rijndael_set_key_enc_only)
contiki-wismote.a(sha2.o)     contiki-wismote.a(dtls.o) (SHA256_Init)
contiki-wismote.a(tinyccm.o)  contiki-wismote.a(tinycrypto.o) (dtls_ccm_encrypt_message)
contiki-wismote.a(netq.o)     contiki-wismote.a(dtls.o) (netq_init)
contiki-wismote.a(ecc.o)      contiki-wismote.a(tinycrypto.o) (ecc_ec_mult)
contiki-wismote.a(dtls_time.o)
                              contiki-wismote.a(dtls.o) (dtls_clock_init)
contiki-wismote.a(peer.o)     contiki-wismote.a(dtls.o) (peer_init)
contiki-wismote.a(session.o)  contiki-wismote.a(dtls.o) (dtls_session_equals)
contiki-wismote.a(debug.o)    dtls-server.co (dtls_set_log_level)
contiki-wismote.a(contiki-wismote)
                              obj_wismote/contiki-wismote-main.o (init_platform)
contiki-wismote.a(button-sensor.o)
                              contiki-wismote.a(contiki-wismote) (button_sensor)
contiki-wismote.a(xmem.o)     obj_wismote/contiki-wismote-main.o (xmem_init)
contiki-wismote.a(node-id.o)  obj_wismote/contiki-wismote-main.o (node_id)
contiki-wismote.a(sensors.o)  contiki-wismote.a(button-sensor.o) (sensors_changed)
contiki-wismote.a(cc2520.o)   obj_wismote/contiki-wismote-main.o (cc2520_set_channel)
contiki-wismote.a(cc2520-arch.o)
                              contiki-wismote.a(cc2520.o) (cc2520_arch_init)
contiki-wismote.a(uart1.o)    obj_wismote/contiki-wismote-main.o (uart1_active)
contiki-wismote.a(uart1-putchar.o)
                              obj_wismote/contiki-wismote-main.o (putchar)
contiki-wismote.a(msp430.o)   obj_wismote/contiki-wismote-main.o (msp430_cpu_init)
contiki-wismote.a(clock.o)    contiki-wismote.a(dtls.o) (clock_time)
contiki-wismote.a(leds.o)     obj_wismote/contiki-wismote-main.o (leds_init)
contiki-wismote.a(leds-arch.o)
                              contiki-wismote.a(leds.o) (leds_arch_init)
contiki-wismote.a(watchdog.o)
                              obj_wismote/contiki-wismote-main.o (watchdog_start)
contiki-wismote.a(rtimer-arch.o)
                              obj_wismote/contiki-wismote-main.o (rtimer_arch_now)
contiki-wismote.a(autostart.o)
                              obj_wismote/contiki-wismote-main.o (autostart_start)
contiki-wismote.a(energest.o)
                              obj_wismote/contiki-wismote-main.o (energest_init)
contiki-wismote.a(etimer.o)   contiki-wismote.a(clock.o) (etimer_request_poll)
contiki-wismote.a(ctimer.o)   obj_wismote/contiki-wismote-main.o (ctimer_init)
contiki-wismote.a(process.o)  contiki-wismote.a(dtls.o) (process_current)
contiki-wismote.a(rtimer.o)   obj_wismote/contiki-wismote-main.o (rtimer_init)
contiki-wismote.a(timer.o)    contiki-wismote.a(button-sensor.o) (timer_set)
contiki-wismote.a(list.o)     contiki-wismote.a(dtls.o) (list_init)
contiki-wismote.a(memb.o)     contiki-wismote.a(tinycrypto.o) (memb_init)
contiki-wismote.a(random.o)   obj_wismote/contiki-wismote-main.o (random_init)
contiki-wismote.a(assert.o)   contiki-wismote.a(dtls.o) (_xassert)
contiki-wismote.a(uip-ds6.o)  obj_wismote/contiki-wismote-main.o (uip_ds6_get_link_local)
contiki-wismote.a(uip-ds6-route.o)
                              contiki-wismote.a(uip-ds6.o) (uip_ds6_route_init)
contiki-wismote.a(uip6.o)     dtls-server.co (uip_htons)
contiki-wismote.a(uip-ds6-nbr.o)
                              contiki-wismote.a(uip-ds6.o) (uip_ds6_neighbors_init)
contiki-wismote.a(uip-nd6.o)  contiki-wismote.a(uip-ds6-nbr.o) (uip_nd6_ns_output)
contiki-wismote.a(sicslowpan.o)
                              obj_wismote/contiki-wismote-main.o (sicslowpan_driver)
contiki-wismote.a(uip-debug.o)
                              dtls-server.co (uip_debug_ipaddr_print)
contiki-wismote.a(tcpip.o)    contiki-wismote.a(sicslowpan.o) (tcpip_set_outputfunc)
contiki-wismote.a(udp-socket.o)
                              dtls-server.co (udp_socket_register)
contiki-wismote.a(rpl-dag.o)  contiki-wismote.a(tcpip.o) (rpl_repair_root)
contiki-wismote.a(rpl-timers.o)
                              contiki-wismote.a(rpl-dag.o) (rpl_reset_dio_timer)
contiki-wismote.a(rpl-ext-header.)
                              contiki-wismote.a(uip6.o) (rpl_verify_header)
contiki-wismote.a(rpl.o)      contiki-wismote.a(rpl-timers.o) (rpl_get_mode)
contiki-wismote.a(rpl-mrhof.o)
                              contiki-wismote.a(rpl-dag.o) (rpl_mrhof)
contiki-wismote.a(queuebuf.o)
                              obj_wismote/contiki-wismote-main.o (queuebuf_init)
contiki-wismote.a(nbr-table.o)
                              contiki-wismote.a(uip-ds6-route.o) (nbr_table_register)
contiki-wismote.a(packetbuf.o)
[...]
Memory Configuration

Name             Origin             Length             Attributes
sfr              0x0000000000000000 0x0000000000000010
peripheral_8bit  0x0000000000000010 0x00000000000000f0
peripheral_16bit 0x0000000000000100 0x0000000000000100
bsl              0x0000000000001000 0x0000000000000800
infomem          0x0000000000001800 0x0000000000000200
infod            0x0000000000001800 0x0000000000000080
infoc            0x0000000000001880 0x0000000000000080
infob            0x0000000000001900 0x0000000000000080
infoa            0x0000000000001980 0x0000000000000080
ram              0x0000000000001c00 0x0000000000004000 xw
rom              0x0000000000005c00 0x000000000000a380 xr
vectors          0x000000000000ff80 0x0000000000000080
far_rom          0x0000000000010000 0x0000000000035c00
ram2             0x0000000000000000 0x0000000000000000 xw
ram_mirror       0x0000000000000000 0x0000000000000000 xw
usbram           0x0000000000000000 0x0000000000000000 xw
*default*        0x0000000000000000 0xffffffffffffffff

Linker script and memory map

LOAD /opt/compilers/bin/../lib/gcc/msp430/4.7.3/mcpu-430x/mmpy-16/msr20/mc20/crt0ivtbl64.o
LOAD dtls-server.co
LOAD obj_wismote/contiki-wismote-main.o
LOAD contiki-wismote.a
LOAD /opt/compilers/bin/../lib/gcc/msp430/4.7.3/mcpu-430x/mmpy-16/msr20/mc20/libgcc.a
LOAD /opt/compilers/bin/../lib/gcc/msp430/4.7.3/../../../../msp430/lib/mcpu-430x/mmpy-16/msr20/mc20/libc.a
LOAD /opt/compilers/bin/../lib/gcc/msp430/4.7.3/mcpu-430x/mmpy-16/msr20/mc20/libgcc.a
LOAD /opt/compilers/bin/../lib/gcc/msp430/4.7.3/mcpu-430x/mmpy-16/msr20/mc20/libcrt0.a
                0x0000000000000080                PROVIDE (__info_segment_size, 0x80)
                0x0000000000001800                PROVIDE (__infod, 0x1800)
                0x0000000000001880                PROVIDE (__infoc, 0x1880)
                0x0000000000001900                PROVIDE (__infob, 0x1900)
                0x0000000000001980                PROVIDE (__infoa, 0x1980)
                0x0000000000000700                __ADC12CTL0_L = 0x700
                0x0000000000000701                __ADC12CTL0_H = 0x701
                0x0000000000000700                __ADC12CTL0 = 0x700
                0x0000000000000702                __ADC12CTL1_L = 0x702
                0x0000000000000703                __ADC12CTL1_H = 0x703
                0x0000000000000702                __ADC12CTL1 = 0x702
                0x0000000000000704                __ADC12CTL2_L = 0x704
                0x0000000000000705                __ADC12CTL2_H = 0x705
                0x0000000000000704                __ADC12CTL2 = 0x704
                0x000000000000070a                __ADC12IFG_L = 0x70a
                0x000000000000070b                __ADC12IFG_H = 0x70b
                0x000000000000070a                __ADC12IFG = 0x70a
                0x000000000000070c                __ADC12IE_L = 0x70c
                0x000000000000070d                __ADC12IE_H = 0x70d
                0x000000000000070c                __ADC12IE = 0x70c
                0x000000000000070e                __ADC12IV_L = 0x70e
                0x000000000000070f                __ADC12IV_H = 0x70f
                0x000000000000070e                __ADC12IV = 0x70e
                0x0000000000000720                __ADC12MEM0_L = 0x720
                0x0000000000000721                __ADC12MEM0_H = 0x721
                0x0000000000000720                __ADC12MEM0 = 0x720
                0x0000000000000722                __ADC12MEM1_L = 0x722
                0x0000000000000723                __ADC12MEM1_H = 0x723
                0x0000000000000722                __ADC12MEM1 = 0x722
                0x0000000000000724                __ADC12MEM2_L = 0x724
                0x0000000000000725                __ADC12MEM2_H = 0x725
                0x0000000000000724                __ADC12MEM2 = 0x724
                0x0000000000000726                __ADC12MEM3_L = 0x726
                0x0000000000000727                __ADC12MEM3_H = 0x727
                0x0000000000000726                __ADC12MEM3 = 0x726
                0x0000000000000728                __ADC12MEM4_L = 0x728
                0x0000000000000729                __ADC12MEM4_H = 0x729
                0x0000000000000728                __ADC12MEM4 = 0x728
                0x000000000000072a                __ADC12MEM5_L = 0x72a
                0x000000000000072b                __ADC12MEM5_H = 0x72b
                0x000000000000072a                __ADC12MEM5 = 0x72a
                0x000000000000072c                __ADC12MEM6_L = 0x72c
                0x000000000000072d                __ADC12MEM6_H = 0x72d
                0x000000000000072c                __ADC12MEM6 = 0x72c
                0x000000000000072e                __ADC12MEM7_L = 0x72e
                0x000000000000072f                __ADC12MEM7_H = 0x72f
                0x000000000000072e                __ADC12MEM7 = 0x72e
                0x0000000000000730                __ADC12MEM8_L = 0x730
                0x0000000000000731                __ADC12MEM8_H = 0x731
                0x0000000000000730                __ADC12MEM8 = 0x730
                0x0000000000000732                __ADC12MEM9_L = 0x732
                0x0000000000000733                __ADC12MEM9_H = 0x733
                0x0000000000000732                __ADC12MEM9 = 0x732
                0x0000000000000734                __ADC12MEM10_L = 0x734
                0x0000000000000735                __ADC12MEM10_H = 0x735
                0x0000000000000734                __ADC12MEM10 = 0x734
                0x0000000000000736                __ADC12MEM11_L = 0x736
                0x0000000000000737                __ADC12MEM11_H = 0x737
                0x0000000000000736                __ADC12MEM11 = 0x736
                0x0000000000000738                __ADC12MEM12_L = 0x738
                0x0000000000000739                __ADC12MEM12_H = 0x739
                0x0000000000000738                __ADC12MEM12 = 0x738
                0x000000000000073a                __ADC12MEM13_L = 0x73a
                0x000000000000073b                __ADC12MEM13_H = 0x73b
                0x000000000000073a                __ADC12MEM13 = 0x73a
                0x000000000000073c                __ADC12MEM14_L = 0x73c
                0x000000000000073d                __ADC12MEM14_H = 0x73d
                0x000000000000073c                __ADC12MEM14 = 0x73c
                0x000000000000073e                __ADC12MEM15_L = 0x73e
                0x000000000000073f                __ADC12MEM15_H = 0x73f
                0x000000000000073e                __ADC12MEM15 = 0x73e
                0x0000000000000710                __ADC12MCTL0 = 0x710
                0x0000000000000711                __ADC12MCTL1 = 0x711
                0x0000000000000712                __ADC12MCTL2 = 0x712
                0x0000000000000713                __ADC12MCTL3 = 0x713
                0x0000000000000714                __ADC12MCTL4 = 0x714
                0x0000000000000715                __ADC12MCTL5 = 0x715
                0x0000000000000716                __ADC12MCTL6 = 0x716
                0x0000000000000717                __ADC12MCTL7 = 0x717
                0x0000000000000718                __ADC12MCTL8 = 0x718
                0x0000000000000719                __ADC12MCTL9 = 0x719
                0x000000000000071a                __ADC12MCTL10 = 0x71a
                0x000000000000071b                __ADC12MCTL11 = 0x71b
                0x000000000000071c                __ADC12MCTL12 = 0x71c
                0x000000000000071d                __ADC12MCTL13 = 0x71d
                0x000000000000071e                __ADC12MCTL14 = 0x71e
                0x000000000000071f                __ADC12MCTL15 = 0x71f
                0x0000000000000150                __CRCDI_L = 0x150
                0x0000000000000151                __CRCDI_H = 0x151
                0x0000000000000150                __CRCDI = 0x150
                0x0000000000000154                __CRCINIRES_L = 0x154
                0x0000000000000155                __CRCINIRES_H = 0x155
                0x0000000000000154                __CRCINIRES = 0x154
                0x0000000000000500                __DMACTL0_L = 0x500
                0x0000000000000501                __DMACTL0_H = 0x501
                0x0000000000000500                __DMACTL0 = 0x500
                0x0000000000000502                __DMACTL1_L = 0x502
                0x0000000000000503                __DMACTL1_H = 0x503
                0x0000000000000502                __DMACTL1 = 0x502
                0x0000000000000504                __DMACTL2_L = 0x504
                0x0000000000000505                __DMACTL2_H = 0x505
                0x0000000000000504                __DMACTL2 = 0x504
                0x0000000000000506                __DMACTL3_L = 0x506
                0x0000000000000507                __DMACTL3_H = 0x507
                0x0000000000000506                __DMACTL3 = 0x506
                0x0000000000000508                __DMACTL4_L = 0x508
                0x0000000000000509                __DMACTL4_H = 0x509
                0x0000000000000508                __DMACTL4 = 0x508
                0x000000000000050e                __DMAIV_L = 0x50e
                0x000000000000050f                __DMAIV_H = 0x50f
                0x000000000000050e                __DMAIV = 0x50e
                0x0000000000000510                __DMA0CTL_L = 0x510
                0x0000000000000511                __DMA0CTL_H = 0x511
                0x0000000000000510                __DMA0CTL = 0x510
                0x0000000000000512                __DMA0SA = 0x512
                0x0000000000000516                __DMA0DA = 0x516
                0x000000000000051a                __DMA0SZ = 0x51a
                0x0000000000000520                __DMA1CTL_L = 0x520
                0x0000000000000521                __DMA1CTL_H = 0x521
                0x0000000000000520                __DMA1CTL = 0x520
                0x0000000000000522                __DMA1SA = 0x522
                0x0000000000000526                __DMA1DA = 0x526
                0x000000000000052a                __DMA1SZ = 0x52a
                0x0000000000000530                __DMA2CTL_L = 0x530
                0x0000000000000531                __DMA2CTL_H = 0x531
                0x0000000000000530                __DMA2CTL = 0x530
                0x0000000000000532                __DMA2SA = 0x532
                0x0000000000000536                __DMA2DA = 0x536
                0x000000000000053a                __DMA2SZ = 0x53a
                0x0000000000000140                __FCTL1_L = 0x140
                0x0000000000000141                __FCTL1_H = 0x141
                0x0000000000000140                __FCTL1 = 0x140
                0x0000000000000144                __FCTL3_L = 0x144
                0x0000000000000145                __FCTL3_H = 0x145
                0x0000000000000144                __FCTL3 = 0x144
                0x0000000000000146                __FCTL4_L = 0x146
                0x0000000000000147                __FCTL4_H = 0x147
                0x0000000000000146                __FCTL4 = 0x146
                0x00000000000004c0                __MPY_L = 0x4c0
                0x00000000000004c1                __MPY_H = 0x4c1
                0x00000000000004c0                __MPY = 0x4c0
                0x00000000000004c2                __MPYS_L = 0x4c2
                0x00000000000004c3                __MPYS_H = 0x4c3
                0x00000000000004c2                __MPYS = 0x4c2
                0x00000000000004c4                __MAC_L = 0x4c4
                0x00000000000004c5                __MAC_H = 0x4c5
                0x00000000000004c4                __MAC = 0x4c4
                0x00000000000004c6                __MACS_L = 0x4c6
                0x00000000000004c7                __MACS_H = 0x4c7
                0x00000000000004c6                __MACS = 0x4c6
                0x00000000000004c8                __OP2_L = 0x4c8
                0x00000000000004c9                __OP2_H = 0x4c9
                0x00000000000004c8                __OP2 = 0x4c8
                0x00000000000004ca                __RESLO_L = 0x4ca
                0x00000000000004cb                __RESLO_H = 0x4cb
                0x00000000000004ca                __RESLO = 0x4ca
                0x00000000000004cc                __RESHI_L = 0x4cc
                0x00000000000004cd                __RESHI_H = 0x4cd
                0x00000000000004cc                __RESHI = 0x4cc
                0x00000000000004ce                __SUMEXT_L = 0x4ce
                0x00000000000004cf                __SUMEXT_H = 0x4cf
                0x00000000000004ce                __SUMEXT = 0x4ce
                0x00000000000004d0                __MPY32L_L = 0x4d0
                0x00000000000004d1                __MPY32L_H = 0x4d1
                0x00000000000004d0                __MPY32L = 0x4d0
                0x00000000000004d2                __MPY32H_L = 0x4d2
                0x00000000000004d3                __MPY32H_H = 0x4d3
                0x00000000000004d2                __MPY32H = 0x4d2
                0x00000000000004d4                __MPYS32L_L = 0x4d4
                0x00000000000004d5                __MPYS32L_H = 0x4d5
                0x00000000000004d4                __MPYS32L = 0x4d4
                0x00000000000004d6                __MPYS32H_L = 0x4d6
                0x00000000000004d7                __MPYS32H_H = 0x4d7
                0x00000000000004d6                __MPYS32H = 0x4d6
                0x00000000000004d8                __MAC32L_L = 0x4d8
                0x00000000000004d9                __MAC32L_H = 0x4d9
                0x00000000000004d8                __MAC32L = 0x4d8
                0x00000000000004da                __MAC32H_L = 0x4da
                0x00000000000004db                __MAC32H_H = 0x4db
                0x00000000000004da                __MAC32H = 0x4da
                0x00000000000004dc                __MACS32L_L = 0x4dc
                0x00000000000004dd                __MACS32L_H = 0x4dd
                0x00000000000004dc                __MACS32L = 0x4dc
                0x00000000000004de                __MACS32H_L = 0x4de
                0x00000000000004df                __MACS32H_H = 0x4df
                0x00000000000004de                __MACS32H = 0x4de
                0x00000000000004e0                __OP2L_L = 0x4e0
                0x00000000000004e1                __OP2L_H = 0x4e1
                0x00000000000004e0                __OP2L = 0x4e0
                0x00000000000004e2                __OP2H_L = 0x4e2
                0x00000000000004e3                __OP2H_H = 0x4e3
                0x00000000000004e2                __OP2H = 0x4e2
                0x00000000000004e4                __RES0_L = 0x4e4
                0x00000000000004e5                __RES0_H = 0x4e5
                0x00000000000004e4                __RES0 = 0x4e4
                0x00000000000004e6                __RES1_L = 0x4e6
                0x00000000000004e7                __RES1_H = 0x4e7
                0x00000000000004e6                __RES1 = 0x4e6
                0x00000000000004e8                __RES2_L = 0x4e8
                0x00000000000004e9                __RES2_H = 0x4e9
                0x00000000000004e8                __RES2 = 0x4e8
                0x00000000000004ea                __RES3_L = 0x4ea
                0x00000000000004eb                __RES3_H = 0x4eb
                0x00000000000004ea                __RES3 = 0x4ea
                0x00000000000004ec                __MPY32CTL0_L = 0x4ec
                0x00000000000004ed                __MPY32CTL0_H = 0x4ed
                0x00000000000004ec                __MPY32CTL0 = 0x4ec
                0x0000000000000200                __PAIN_L = 0x200
                0x0000000000000201                __PAIN_H = 0x201
                0x0000000000000200                __PAIN = 0x200
                0x0000000000000202                __PAOUT_L = 0x202
                0x0000000000000203                __PAOUT_H = 0x203
                0x0000000000000202                __PAOUT = 0x202
                0x0000000000000204                __PADIR_L = 0x204
                0x0000000000000205                __PADIR_H = 0x205
                0x0000000000000204                __PADIR = 0x204
                0x0000000000000206                __PAREN_L = 0x206
                0x0000000000000207                __PAREN_H = 0x207
                0x0000000000000206                __PAREN = 0x206
                0x0000000000000208                __PADS_L = 0x208
                0x0000000000000209                __PADS_H = 0x209
                0x0000000000000208                __PADS = 0x208
                0x000000000000020a                __PASEL_L = 0x20a
                0x000000000000020b                __PASEL_H = 0x20b
                0x000000000000020a                __PASEL = 0x20a
                0x0000000000000218                __PAIES_L = 0x218
                0x0000000000000219                __PAIES_H = 0x219
                0x0000000000000218                __PAIES = 0x218
                0x000000000000021a                __PAIE_L = 0x21a
                0x000000000000021b                __PAIE_H = 0x21b
                0x000000000000021a                __PAIE = 0x21a
                0x000000000000021c                __PAIFG_L = 0x21c
                0x000000000000021d                __PAIFG_H = 0x21d
                0x000000000000021c                __PAIFG = 0x21c
                0x000000000000020e                __P1IV = 0x20e
                0x000000000000021e                __P2IV = 0x21e
                0x0000000000000220                __PBIN_L = 0x220
                0x0000000000000221                __PBIN_H = 0x221
                0x0000000000000220                __PBIN = 0x220
                0x0000000000000222                __PBOUT_L = 0x222
                0x0000000000000223                __PBOUT_H = 0x223
                0x0000000000000222                __PBOUT = 0x222
                0x0000000000000224                __PBDIR_L = 0x224
                0x0000000000000225                __PBDIR_H = 0x225
                0x0000000000000224                __PBDIR = 0x224
                0x0000000000000226                __PBREN_L = 0x226
                0x0000000000000227                __PBREN_H = 0x227
                0x0000000000000226                __PBREN = 0x226
                0x0000000000000228                __PBDS_L = 0x228
                0x0000000000000229                __PBDS_H = 0x229
                0x0000000000000228                __PBDS = 0x228
                0x000000000000022a                __PBSEL_L = 0x22a
                0x000000000000022b                __PBSEL_H = 0x22b
                0x000000000000022a                __PBSEL = 0x22a
                0x0000000000000240                __PCIN_L = 0x240
                0x0000000000000241                __PCIN_H = 0x241
                0x0000000000000240                __PCIN = 0x240
                0x0000000000000242                __PCOUT_L = 0x242
                0x0000000000000243                __PCOUT_H = 0x243
                0x0000000000000242                __PCOUT = 0x242
                0x0000000000000244                __PCDIR_L = 0x244
                0x0000000000000245                __PCDIR_H = 0x245
                0x0000000000000244                __PCDIR = 0x244
                0x0000000000000246                __PCREN_L = 0x246
                0x0000000000000247                __PCREN_H = 0x247
                0x0000000000000246                __PCREN = 0x246
                0x0000000000000248                __PCDS_L = 0x248
                0x0000000000000249                __PCDS_H = 0x249
                0x0000000000000248                __PCDS = 0x248
                0x000000000000024a                __PCSEL_L = 0x24a
                0x000000000000024b                __PCSEL_H = 0x24b
                0x000000000000024a                __PCSEL = 0x24a
                0x0000000000000260                __PDIN_L = 0x260
                0x0000000000000261                __PDIN_H = 0x261
                0x0000000000000260                __PDIN = 0x260
                0x0000000000000262                __PDOUT_L = 0x262
                0x0000000000000263                __PDOUT_H = 0x263
                0x0000000000000262                __PDOUT = 0x262
                0x0000000000000264                __PDDIR_L = 0x264
                0x0000000000000265                __PDDIR_H = 0x265
                0x0000000000000264                __PDDIR = 0x264
                0x0000000000000266                __PDREN_L = 0x266
                0x0000000000000267                __PDREN_H = 0x267
                0x0000000000000266                __PDREN = 0x266
                0x0000000000000268                __PDDS_L = 0x268
                0x0000000000000269                __PDDS_H = 0x269
                0x0000000000000268                __PDDS = 0x268
                0x000000000000026a                __PDSEL_L = 0x26a
                0x000000000000026b                __PDSEL_H = 0x26b
                0x000000000000026a                __PDSEL = 0x26a
                0x0000000000000280                __PEIN_L = 0x280
                0x0000000000000281                __PEIN_H = 0x281
                0x0000000000000280                __PEIN = 0x280
                0x0000000000000282                __PEOUT_L = 0x282
                0x0000000000000283                __PEOUT_H = 0x283
                0x0000000000000282                __PEOUT = 0x282
                0x0000000000000284                __PEDIR_L = 0x284
                0x0000000000000285                __PEDIR_H = 0x285
                0x0000000000000284                __PEDIR = 0x284
                0x0000000000000286                __PEREN_L = 0x286
                0x0000000000000287                __PEREN_H = 0x287
                0x0000000000000286                __PEREN = 0x286
                0x0000000000000288                __PEDS_L = 0x288
                0x0000000000000289                __PEDS_H = 0x289
                0x0000000000000288                __PEDS = 0x288
                0x000000000000028a                __PESEL_L = 0x28a
                0x000000000000028b                __PESEL_H = 0x28b
                0x000000000000028a                __PESEL = 0x28a
                0x00000000000002a0                __PFIN_L = 0x2a0
                0x00000000000002a1                __PFIN_H = 0x2a1
                0x00000000000002a0                __PFIN = 0x2a0
                0x00000000000002a2                __PFOUT_L = 0x2a2
                0x00000000000002a3                __PFOUT_H = 0x2a3
                0x00000000000002a2                __PFOUT = 0x2a2
                0x00000000000002a4                __PFDIR_L = 0x2a4
                0x00000000000002a5                __PFDIR_H = 0x2a5
                0x00000000000002a4                __PFDIR = 0x2a4
                0x00000000000002a6                __PFREN_L = 0x2a6
                0x00000000000002a7                __PFREN_H = 0x2a7
                0x00000000000002a6                __PFREN = 0x2a6
                0x00000000000002a8                __PFDS_L = 0x2a8
                0x00000000000002a9                __PFDS_H = 0x2a9
                0x00000000000002a8                __PFDS = 0x2a8
                0x00000000000002aa                __PFSEL_L = 0x2aa
                0x00000000000002ab                __PFSEL_H = 0x2ab
                0x00000000000002aa                __PFSEL = 0x2aa
                0x0000000000000320                __PJIN_L = 0x320
                0x0000000000000321                __PJIN_H = 0x321
                0x0000000000000320                __PJIN = 0x320
                0x0000000000000322                __PJOUT_L = 0x322
                0x0000000000000323                __PJOUT_H = 0x323
                0x0000000000000322                __PJOUT = 0x322
                0x0000000000000324                __PJDIR_L = 0x324
                0x0000000000000325                __PJDIR_H = 0x325
                0x0000000000000324                __PJDIR = 0x324
                0x0000000000000326                __PJREN_L = 0x326
                0x0000000000000327                __PJREN_H = 0x327
                0x0000000000000326                __PJREN = 0x326
                0x0000000000000328                __PJDS_L = 0x328
                0x0000000000000329                __PJDS_H = 0x329
                0x0000000000000328                __PJDS = 0x328
                0x0000000000000120                __PMMCTL0_L = 0x120
                0x0000000000000121                __PMMCTL0_H = 0x121
                0x0000000000000120                __PMMCTL0 = 0x120
                0x0000000000000122                __PMMCTL1_L = 0x122
                0x0000000000000123                __PMMCTL1_H = 0x123
                0x0000000000000122                __PMMCTL1 = 0x122
                0x0000000000000124                __SVSMHCTL_L = 0x124
                0x0000000000000125                __SVSMHCTL_H = 0x125
                0x0000000000000124                __SVSMHCTL = 0x124
                0x0000000000000126                __SVSMLCTL_L = 0x126
                0x0000000000000127                __SVSMLCTL_H = 0x127
                0x0000000000000126                __SVSMLCTL = 0x126
                0x0000000000000128                __SVSMIO_L = 0x128
                0x0000000000000129                __SVSMIO_H = 0x129
                0x0000000000000128                __SVSMIO = 0x128
                0x000000000000012c                __PMMIFG_L = 0x12c
                0x000000000000012d                __PMMIFG_H = 0x12d
                0x000000000000012c                __PMMIFG = 0x12c
                0x000000000000012e                __PMMRIE_L = 0x12e
                0x000000000000012f                __PMMRIE_H = 0x12f
                0x000000000000012e                __PMMRIE = 0x12e
                0x0000000000000158                __RCCTL0_L = 0x158
                0x0000000000000159                __RCCTL0_H = 0x159
                0x0000000000000158                __RCCTL0 = 0x158
                0x00000000000004a0                __RTCCTL01_L = 0x4a0
                0x00000000000004a1                __RTCCTL01_H = 0x4a1
                0x00000000000004a0                __RTCCTL01 = 0x4a0
                0x00000000000004a2                __RTCCTL23_L = 0x4a2
                0x00000000000004a3                __RTCCTL23_H = 0x4a3
                0x00000000000004a2                __RTCCTL23 = 0x4a2
                0x00000000000004a8                __RTCPS0CTL_L = 0x4a8
                0x00000000000004a9                __RTCPS0CTL_H = 0x4a9
                0x00000000000004a8                __RTCPS0CTL = 0x4a8
                0x00000000000004aa                __RTCPS1CTL_L = 0x4aa
                0x00000000000004ab                __RTCPS1CTL_H = 0x4ab
                0x00000000000004aa                __RTCPS1CTL = 0x4aa
                0x00000000000004ac                __RTCPS_L = 0x4ac
                0x00000000000004ad                __RTCPS_H = 0x4ad
                0x00000000000004ac                __RTCPS = 0x4ac
                0x00000000000004ae                __RTCIV = 0x4ae
                0x00000000000004b0                __RTCTIM0_L = 0x4b0
                0x00000000000004b1                __RTCTIM0_H = 0x4b1
                0x00000000000004b0                __RTCTIM0 = 0x4b0
                0x00000000000004b2                __RTCTIM1_L = 0x4b2
                0x00000000000004b3                __RTCTIM1_H = 0x4b3
                0x00000000000004b2                __RTCTIM1 = 0x4b2
                0x00000000000004b4                __RTCDATE_L = 0x4b4
                0x00000000000004b5                __RTCDATE_H = 0x4b5
                0x00000000000004b4                __RTCDATE = 0x4b4
                0x00000000000004b6                __RTCYEAR_L = 0x4b6
                0x00000000000004b7                __RTCYEAR_H = 0x4b7
                0x00000000000004b6                __RTCYEAR = 0x4b6
                0x00000000000004b8                __RTCAMINHR_L = 0x4b8
                0x00000000000004b9                __RTCAMINHR_H = 0x4b9
                0x00000000000004b8                __RTCAMINHR = 0x4b8
                0x00000000000004ba                __RTCADOWDAY_L = 0x4ba
                0x00000000000004bb                __RTCADOWDAY_H = 0x4bb
                0x00000000000004ba                __RTCADOWDAY = 0x4ba
                0x0000000000000100                __SFRIE1_L = 0x100
                0x0000000000000101                __SFRIE1_H = 0x101
                0x0000000000000100                __SFRIE1 = 0x100
                0x0000000000000102                __SFRIFG1_L = 0x102
                0x0000000000000103                __SFRIFG1_H = 0x103
                0x0000000000000102                __SFRIFG1 = 0x102
                0x0000000000000104                __SFRRPCR_L = 0x104
                0x0000000000000105                __SFRRPCR_H = 0x105
                0x0000000000000104                __SFRRPCR = 0x104
                0x0000000000000180                __SYSCTL_L = 0x180
                0x0000000000000181                __SYSCTL_H = 0x181
                0x0000000000000180                __SYSCTL = 0x180
                0x0000000000000182                __SYSBSLC_L = 0x182
                0x0000000000000183                __SYSBSLC_H = 0x183
                0x0000000000000182                __SYSBSLC = 0x182
                0x0000000000000186                __SYSJMBC_L = 0x186
                0x0000000000000187                __SYSJMBC_H = 0x187
                0x0000000000000186                __SYSJMBC = 0x186
                0x0000000000000188                __SYSJMBI0_L = 0x188
                0x0000000000000189                __SYSJMBI0_H = 0x189
                0x0000000000000188                __SYSJMBI0 = 0x188
                0x000000000000018a                __SYSJMBI1_L = 0x18a
                0x000000000000018b                __SYSJMBI1_H = 0x18b
                0x000000000000018a                __SYSJMBI1 = 0x18a
                0x000000000000018c                __SYSJMBO0_L = 0x18c
                0x000000000000018d                __SYSJMBO0_H = 0x18d
                0x000000000000018c                __SYSJMBO0 = 0x18c
                0x000000000000018e                __SYSJMBO1_L = 0x18e
                0x000000000000018f                __SYSJMBO1_H = 0x18f
                0x000000000000018e                __SYSJMBO1 = 0x18e
                0x000000000000019a                __SYSUNIV_L = 0x19a
                0x000000000000019b                __SYSUNIV_H = 0x19b
                0x000000000000019a                __SYSUNIV = 0x19a
                0x000000000000019c                __SYSSNIV_L = 0x19c
                0x000000000000019d                __SYSSNIV_H = 0x19d
                0x000000000000019c                __SYSSNIV = 0x19c
                0x000000000000019e                __SYSRSTIV_L = 0x19e
                0x000000000000019f                __SYSRSTIV_H = 0x19f
                0x000000000000019e                __SYSRSTIV = 0x19e
                0x0000000000000340                __TA0CTL = 0x340
                0x0000000000000342                __TA0CCTL0 = 0x342
                0x0000000000000344                __TA0CCTL1 = 0x344
                0x0000000000000346                __TA0CCTL2 = 0x346
                0x0000000000000348                __TA0CCTL3 = 0x348
                0x000000000000034a                __TA0CCTL4 = 0x34a
                0x0000000000000350                __TA0R = 0x350
                0x0000000000000352                __TA0CCR0 = 0x352
                0x0000000000000354                __TA0CCR1 = 0x354
                0x0000000000000356                __TA0CCR2 = 0x356
                0x0000000000000358                __TA0CCR3 = 0x358
                0x000000000000035a                __TA0CCR4 = 0x35a
                0x000000000000036e                __TA0IV = 0x36e
                0x0000000000000360                __TA0EX0 = 0x360
                0x0000000000000380                __TA1CTL = 0x380
                0x0000000000000382                __TA1CCTL0 = 0x382
                0x0000000000000384                __TA1CCTL1 = 0x384
                0x0000000000000386                __TA1CCTL2 = 0x386
                0x0000000000000390                __TA1R = 0x390
                0x0000000000000392                __TA1CCR0 = 0x392
                0x0000000000000394                __TA1CCR1 = 0x394
                0x0000000000000396                __TA1CCR2 = 0x396
                0x00000000000003ae                __TA1IV = 0x3ae
                0x00000000000003a0                __TA1EX0 = 0x3a0
                0x00000000000003c0                __TB0CTL = 0x3c0
                0x00000000000003c2                __TB0CCTL0 = 0x3c2
                0x00000000000003c4                __TB0CCTL1 = 0x3c4
                0x00000000000003c6                __TB0CCTL2 = 0x3c6
                0x00000000000003c8                __TB0CCTL3 = 0x3c8
                0x00000000000003ca                __TB0CCTL4 = 0x3ca
                0x00000000000003cc                __TB0CCTL5 = 0x3cc
                0x00000000000003ce                __TB0CCTL6 = 0x3ce
                0x00000000000003d0                __TB0R = 0x3d0
                0x00000000000003d2                __TB0CCR0 = 0x3d2
                0x00000000000003d4                __TB0CCR1 = 0x3d4
                0x00000000000003d6                __TB0CCR2 = 0x3d6
                0x00000000000003d8                __TB0CCR3 = 0x3d8
                0x00000000000003da                __TB0CCR4 = 0x3da
                0x00000000000003dc                __TB0CCR5 = 0x3dc
                0x00000000000003de                __TB0CCR6 = 0x3de
                0x00000000000003e0                __TB0EX0 = 0x3e0
                0x00000000000003ee                __TB0IV = 0x3ee
                0x0000000000000160                __UCSCTL0_L = 0x160
                0x0000000000000161                __UCSCTL0_H = 0x161
                0x0000000000000160                __UCSCTL0 = 0x160
                0x0000000000000162                __UCSCTL1_L = 0x162
                0x0000000000000163                __UCSCTL1_H = 0x163
                0x0000000000000162                __UCSCTL1 = 0x162
                0x0000000000000164                __UCSCTL2_L = 0x164
                0x0000000000000165                __UCSCTL2_H = 0x165
                0x0000000000000164                __UCSCTL2 = 0x164
                0x0000000000000166                __UCSCTL3_L = 0x166
                0x0000000000000167                __UCSCTL3_H = 0x167
                0x0000000000000166                __UCSCTL3 = 0x166
                0x0000000000000168                __UCSCTL4_L = 0x168
                0x0000000000000169                __UCSCTL4_H = 0x169
                0x0000000000000168                __UCSCTL4 = 0x168
                0x000000000000016a                __UCSCTL5_L = 0x16a
                0x000000000000016b                __UCSCTL5_H = 0x16b
                0x000000000000016a                __UCSCTL5 = 0x16a
                0x000000000000016c                __UCSCTL6_L = 0x16c
                0x000000000000016d                __UCSCTL6_H = 0x16d
                0x000000000000016c                __UCSCTL6 = 0x16c
                0x000000000000016e                __UCSCTL7_L = 0x16e
                0x000000000000016f                __UCSCTL7_H = 0x16f
                0x000000000000016e                __UCSCTL7 = 0x16e
                0x0000000000000170                __UCSCTL8_L = 0x170
                0x0000000000000171                __UCSCTL8_H = 0x171
                0x0000000000000170                __UCSCTL8 = 0x170
                0x00000000000005c0                __UCA0CTLW0_L = 0x5c0
                0x00000000000005c1                __UCA0CTLW0_H = 0x5c1
                0x00000000000005c0                __UCA0CTLW0 = 0x5c0
                0x00000000000005c6                __UCA0BRW_L = 0x5c6
                0x00000000000005c7                __UCA0BRW_H = 0x5c7
                0x00000000000005c6                __UCA0BRW = 0x5c6
                0x00000000000005c8                __UCA0MCTL = 0x5c8
                0x00000000000005ca                __UCA0STAT = 0x5ca
                0x00000000000005cc                __UCA0RXBUF = 0x5cc
                0x00000000000005ce                __UCA0TXBUF = 0x5ce
                0x00000000000005d0                __UCA0ABCTL = 0x5d0
                0x00000000000005d2                __UCA0IRCTL_L = 0x5d2
                0x00000000000005d3                __UCA0IRCTL_H = 0x5d3
                0x00000000000005d2                __UCA0IRCTL = 0x5d2
                0x00000000000005dc                __UCA0ICTL_L = 0x5dc
                0x00000000000005dd                __UCA0ICTL_H = 0x5dd
                0x00000000000005dc                __UCA0ICTL = 0x5dc
                0x00000000000005de                __UCA0IV = 0x5de
                0x00000000000005e0                __UCB0CTLW0_L = 0x5e0
                0x00000000000005e1                __UCB0CTLW0_H = 0x5e1
                0x00000000000005e0                __UCB0CTLW0 = 0x5e0
                0x00000000000005e6                __UCB0BRW_L = 0x5e6
                0x00000000000005e7                __UCB0BRW_H = 0x5e7
                0x00000000000005e6                __UCB0BRW = 0x5e6
                0x00000000000005ea                __UCB0STAT = 0x5ea
                0x00000000000005ec                __UCB0RXBUF = 0x5ec
                0x00000000000005ee                __UCB0TXBUF = 0x5ee
                0x00000000000005f0                __UCB0I2COA_L = 0x5f0
                0x00000000000005f1                __UCB0I2COA_H = 0x5f1
                0x00000000000005f0                __UCB0I2COA = 0x5f0
                0x00000000000005f2                __UCB0I2CSA_L = 0x5f2
                0x00000000000005f3                __UCB0I2CSA_H = 0x5f3
                0x00000000000005f2                __UCB0I2CSA = 0x5f2
                0x00000000000005fc                __UCB0ICTL_L = 0x5fc
                0x00000000000005fd                __UCB0ICTL_H = 0x5fd
                0x00000000000005fc                __UCB0ICTL = 0x5fc
                0x00000000000005fe                __UCB0IV = 0x5fe
                0x0000000000000600                __UCA1CTLW0_L = 0x600
                0x0000000000000601                __UCA1CTLW0_H = 0x601
                0x0000000000000600                __UCA1CTLW0 = 0x600
                0x0000000000000606                __UCA1BRW_L = 0x606
                0x0000000000000607                __UCA1BRW_H = 0x607
                0x0000000000000606                __UCA1BRW = 0x606
                0x0000000000000608                __UCA1MCTL = 0x608
                0x000000000000060a                __UCA1STAT = 0x60a
                0x000000000000060c                __UCA1RXBUF = 0x60c
                0x000000000000060e                __UCA1TXBUF = 0x60e
                0x0000000000000610                __UCA1ABCTL = 0x610
                0x0000000000000612                __UCA1IRCTL_L = 0x612
                0x0000000000000613                __UCA1IRCTL_H = 0x613
                0x0000000000000612                __UCA1IRCTL = 0x612
                0x000000000000061c                __UCA1ICTL_L = 0x61c
                0x000000000000061d                __UCA1ICTL_H = 0x61d
                0x000000000000061c                __UCA1ICTL = 0x61c
                0x000000000000061e                __UCA1IV = 0x61e
                0x0000000000000620                __UCB1CTLW0_L = 0x620
                0x0000000000000621                __UCB1CTLW0_H = 0x621
                0x0000000000000620                __UCB1CTLW0 = 0x620
                0x0000000000000626                __UCB1BRW_L = 0x626
                0x0000000000000627                __UCB1BRW_H = 0x627
                0x0000000000000626                __UCB1BRW = 0x626
                0x000000000000062a                __UCB1STAT = 0x62a
                0x000000000000062c                __UCB1RXBUF = 0x62c
                0x000000000000062e                __UCB1TXBUF = 0x62e
                0x0000000000000630                __UCB1I2COA_L = 0x630
                0x0000000000000631                __UCB1I2COA_H = 0x631
                0x0000000000000630                __UCB1I2COA = 0x630
                0x0000000000000632                __UCB1I2CSA_L = 0x632
                0x0000000000000633                __UCB1I2CSA_H = 0x633
                0x0000000000000632                __UCB1I2CSA = 0x632
                0x000000000000063c                __UCB1ICTL_L = 0x63c
                0x000000000000063d                __UCB1ICTL_H = 0x63d
                0x000000000000063c                __UCB1ICTL = 0x63c
                0x000000000000063e                __UCB1IV = 0x63e
                0x000000000000015c                __WDTCTL_L = 0x15c
                0x000000000000015d                __WDTCTL_H = 0x15d
                0x000000000000015c                __WDTCTL = 0x15c

.hash
 *(.hash)

.dynsym
 *(.dynsym)

.dynstr
 *(.dynstr)

.gnu.version
 *(.gnu.version)

.gnu.version_d
 *(.gnu.version_d)

.gnu.version_r
 *(.gnu.version_r)

.rel.init
 *(.rel.init)

.rela.init
 *(.rela.init)

.rel.fini
 *(.rel.fini)

.rela.fini
 *(.rela.fini)

.rel.text
 *(.rel.text .rel.text.* .rel.gnu.linkonce.t.*)

.rela.text
 *(.rela.text .rela.text.* .rela.gnu.linkonce.t.*)

.rel.rodata
 *(.rel.rodata .rel.rodata.* .rel.gnu.linkonce.r.*)

.rela.rodata
 *(.rela.rodata .rela.rodata.* .rela.gnu.linkonce.r.*)

.rel.data
 *(.rel.data .rel.data.* .rel.gnu.linkonce.d.*)

.rela.data
 *(.rela.data .rela.data.* .rela.gnu.linkonce.d.*)

.rel.bss
 *(.rel.bss .rel.bss.* .rel.gnu.linkonce.b.*)

.rela.bss
 *(.rela.bss .rela.bss.* .rela.gnu.linkonce.b.*)

.rel.ctors
 *(.rel.ctors)

.rela.ctors
 *(.rela.ctors)

.rel.dtors
 *(.rel.dtors)

.rela.dtors
 *(.rela.dtors)

.rel.got
 *(.rel.got)

.rela.got
 *(.rela.got)

.rel.plt
 *(.rel.plt)

.rela.plt
 *(.rela.plt)

.text           0x0000000000005c00     0x6f20
                0x0000000000005c00                . = ALIGN (0x2)
 *(.init .init.*)
 *(.init0)
 .init0         0x0000000000005c00        0x0 /opt/compilers/bin/../lib/gcc/msp430/4.7.3/mcpu-430x/mmpy-16/msr20/mc20/libcrt0.a(_reset_vector__.o)
                0x0000000000005c00                _reset_vector__
 *(.init1)
 .init1         0x0000000000005c00        0xc /opt/compilers/bin/../lib/gcc/msp430/4.7.3/mcpu-430x/mmpy-16/msr20/mc20/libcrt0.a(__watchdog_support.o)
                0x0000000000005c00                __watchdog_support
 *(.init2)
 .init2         0x0000000000005c0c        0x4 /opt/compilers/bin/../lib/gcc/msp430/4.7.3/mcpu-430x/mmpy-16/msr20/mc20/libcrt0.a(__init_stack.o)
                0x0000000000005c0c                __init_stack
 *(.init3)
 .init3         0x0000000000005c10        0x0 /opt/compilers/bin/../lib/gcc/msp430/4.7.3/mcpu-430x/mmpy-16/msr20/mc20/libcrt0.a(__low_level_init.o)
                0x0000000000005c10                __low_level_init
 *(.init4)
 .init4         0x0000000000005c10       0x18 /opt/compilers/bin/../lib/gcc/msp430/4.7.3/mcpu-430x/mmpy-16/msr20/mc20/libcrt0.a(_copy_data.o)
                0x0000000000005c10                __do_copy_data
 .init4         0x0000000000005c28       0x16 /opt/compilers/bin/../lib/gcc/msp430/4.7.3/mcpu-430x/mmpy-16/msr20/mc20/libcrt0.a(_clear_bss.o)
                0x0000000000005c28                __do_clear_bss
 *(.init5)
 *(.init6)
 *(.init7)
 *(.init8)
 *(.init9)
 .init9         0x0000000000005c3e      0x314 obj_wismote/contiki-wismote-main.o
                0x0000000000005c3e                main
 *(.fini9)
 .fini9         0x0000000000005f52        0x0 /opt/compilers/bin/../lib/gcc/msp430/4.7.3/mcpu-430x/mmpy-16/msr20/mc20/libcrt0.a(__stop_progExec__.o)
                0x0000000000005f52                __stop_progExec__
 *(.fini8)
 *(.fini7)
 *(.fini6)
 *(.fini5)
 *(.fini4)
 *(.fini3)
 *(.fini2)
 *(.fini1)
 *(.fini0)
 .fini0         0x0000000000005f52        0x6 /opt/compilers/bin/../lib/gcc/msp430/4.7.3/mcpu-430x/mmpy-16/msr20/mc20/libcrt0.a(_endless_loop__.o)
                0x0000000000005f52                _endless_loop__
 *(.fini .fini.*)
                0x0000000000005f58                . = ALIGN (0x2)
                0x0000000000005f58                __ctors_start = .
 *(.ctors)
                0x0000000000005f58                __ctors_end = .
                0x0000000000005f58                __dtors_start = .
 *(.dtors)
                0x0000000000005f58                __dtors_end = .
                0x0000000000005f58                . = ALIGN (0x2)
 *(.text .text.* .gnu.linkonce.t.*)
 .text          0x0000000000005f58        0x4 /opt/compilers/bin/../lib/gcc/msp430/4.7.3/mcpu-430x/mmpy-16/msr20/mc20/crt0ivtbl64.o
                0x0000000000005f58                __isr_37
                0x0000000000005f58                __isr_51
                0x0000000000005f58                __isr_57
                0x0000000000005f58                __isr_33
                0x0000000000005f58                __isr_32
                0x0000000000005f58                __isr_54
                0x0000000000005f58                __isr_59
                0x0000000000005f58                __isr_39
                0x0000000000005f58                __isr_53
                0x0000000000005f58                __isr_41
                0x0000000000005f58                __isr_60
                0x0000000000005f58                __isr_36
                0x0000000000005f58                __isr_34
                0x0000000000005f58                __isr_44
                0x0000000000005f58                __isr_61
                0x0000000000005f58                __isr_55
                0x0000000000005f58                __isr_43
                0x0000000000005f58                __isr_50
                0x0000000000005f58                __isr_56
                0x0000000000005f58                __isr_38
                0x0000000000005f58                __isr_35
                0x0000000000005f58                __isr_45
                0x0000000000005f58                __isr_62
                0x0000000000005f58                __isr_52
                0x0000000000005f58                __isr_40
 .text.libgcc   0x0000000000005f5c       0x22 /opt/compilers/bin/../lib/gcc/msp430/4.7.3/mcpu-430x/mmpy-16/msr20/mc20/libgcc.a(_udivmod16.o)
                0x0000000000005f5c                __udivhi3
                0x0000000000005f5c                __ext_udivmod16
                0x0000000000005f76                __umodhi3
 .text.libgcc   0x0000000000005f7e       0x3a /opt/compilers/bin/../lib/gcc/msp430/4.7.3/mcpu-430x/mmpy-16/msr20/mc20/libgcc.a(_divmod16.o)
                0x0000000000005f7e                __ext_divmod16
                0x0000000000005f7e                __divhi3
                0x0000000000005fb0                __modhi3
 .text.libgcc   0x0000000000005fb8       0x38 /opt/compilers/bin/../lib/gcc/msp430/4.7.3/mcpu-430x/mmpy-16/msr20/mc20/libgcc.a(_udivmod32.o)
                0x0000000000005fb8                __udivsi3
                0x0000000000005fb8                __ext_udivmod32
                0x0000000000005fe6                __umodsi3
 .text.libgcc   0x0000000000005ff0       0x26 /opt/compilers/bin/../lib/gcc/msp430/4.7.3/mcpu-430x/mmpy-16/msr20/mc20/libgcc.a(_mulsi3.o)
                0x0000000000005ff0                __mulsi3
 .text.libgcc   0x0000000000006016       0xbc /opt/compilers/bin/../lib/gcc/msp430/4.7.3/mcpu-430x/mmpy-16/msr20/mc20/libgcc.a(_udivmod64.o)
                0x0000000000006016                __xabi_udivmod64
                0x0000000000006068                __udivdi3
                0x0000000000006082                __umoddi3
                0x00000000000060a4                __udivmoddi4
 .text.crt0     0x00000000000060d2        0x2 /opt/compilers/bin/../lib/gcc/msp430/4.7.3/mcpu-430x/mmpy-16/msr20/mc20/libcrt0.a(_unexpected_.o)
                0x00000000000060d2                _unexpected_
 *(.near.text .near.text.*)
 .near.text.irq_p2
                0x00000000000060d4       0x74 contiki-wismote.a(button-sensor.o)
                0x00000000000060d4                irq_p2
                0x00000000000060d4                __isr_42
 .near.text.cc2520_port1_interrupt
                0x0000000000006148       0x4e contiki-wismote.a(cc2520-arch.o)
                0x0000000000006148                __isr_47
                0x0000000000006148                cc2520_port1_interrupt
 .near.text.uart1_rx_interrupt
                0x0000000000006196       0x6c contiki-wismote.a(uart1.o)
                0x0000000000006196                __isr_46
                0x0000000000006196                uart1_rx_interrupt
 .near.text.timera1
                0x0000000000006202       0xfa contiki-wismote.a(clock.o)
                0x0000000000006202                __isr_48
                0x0000000000006202                timera1
 .near.text.watchdog_interrupt
                0x00000000000062fc        0x6 contiki-wismote.a(watchdog.o)
                0x00000000000062fc                watchdog_interrupt
                0x00000000000062fc                __isr_58
 .near.text.timera0
                0x0000000000006302       0x5c contiki-wismote.a(rtimer-arch.o)
                0x0000000000006302                __isr_49
                0x0000000000006302                timera0
 .any.text.DtlsServerCb
                0x000000000000635e       0x86 dtls-server.co
                0x000000000000635e                DtlsServerCb
 .any.text.DtlsSendCb
                0x00000000000063e4       0x4a dtls-server.co
                0x00000000000063e4                DtlsSendCb
 .any.text.get_psk_info
                0x000000000000642e       0x88 dtls-server.co
                0x000000000000642e                get_psk_info
 .any.text.ReadSensors
                0x00000000000064b6       0x86 dtls-server.co
                0x00000000000064b6                ReadSensors
 .any.text.DtlsReadCb
                0x000000000000653c       0x8c dtls-server.co
                0x000000000000653c                DtlsReadCb
 .any.text.Init
                0x00000000000065c8       0x46 dtls-server.co
                0x00000000000065c8                Init
 .any.text.process_thread_udp_server_process
                0x000000000000660e       0x46 dtls-server.co
 .any.text.is_ecdsa_client_auth_supported
                0x0000000000006654       0x22 contiki-wismote.a(dtls.o)
 .any.text.verify_ext_cert_type
                0x0000000000006676       0x34 contiki-wismote.a(dtls.o)
 .any.text.dtls_check_ecdsa_signature_elem
                0x00000000000066aa       0xa6 contiki-wismote.a(dtls.o)
 .any.text.dtls_check_tls_extension
                0x0000000000006750      0x1a6 contiki-wismote.a(dtls.o)
 .any.text.dtls_prepare_record
                0x00000000000068f6      0x2c0 contiki-wismote.a(dtls.o)
 .any.text.dtls_prng
                0x0000000000006bb6       0x42 contiki-wismote.a(dtls.o)
 .any.text.clear_hs_hash
                0x0000000000006bf8       0x2c contiki-wismote.a(dtls.o)
 .any.text.update_hs_hash
                0x0000000000006c24       0x30 contiki-wismote.a(dtls.o)
 .any.text.dtls_send_multi
                0x0000000000006c54      0x1ae contiki-wismote.a(dtls.o)
 .any.text.dtls_send
                0x0000000000006e02       0x36 contiki-wismote.a(dtls.o)
 .any.text.dtls_add_ecdsa_signature_elem
                0x0000000000006e38       0x72 contiki-wismote.a(dtls.o)
 .any.text.dtls_stop_retransmission
                0x0000000000006eaa       0x50 contiki-wismote.a(dtls.o)
 .any.text.calculate_key_block.isra.6
                0x0000000000006efa      0x2b0 contiki-wismote.a(dtls.o)
 .any.text.dtls_send_handshake_msg_hash
                0x00000000000071aa      0x11c contiki-wismote.a(dtls.o)
 .any.text.dtls_send_handshake_msg
                0x00000000000072c6       0x18 contiki-wismote.a(dtls.o)
 .any.text.dtls_send_certificate_ecdsa
                0x00000000000072de       0x7a contiki-wismote.a(dtls.o)
 .any.text.dtls_send_certificate_verify_ecdh
                0x0000000000007358       0x90 contiki-wismote.a(dtls.o)
 .any.text.dtls_send_finished.constprop.13
                0x00000000000073e8       0x8c contiki-wismote.a(dtls.o)
 .any.text.dtls_send_client_hello
                0x0000000000007474      0x254 contiki-wismote.a(dtls.o)
 .any.text.known_cipher
                0x00000000000076c8       0x5a contiki-wismote.a(dtls.o)
 .any.text.dtls_retransmit
                0x0000000000007722      0x18e contiki-wismote.a(dtls.o)
 .any.text.process_thread_dtls_retransmit_process
                0x00000000000078b0       0xbc contiki-wismote.a(dtls.o)
 .any.text.handle_handshake_msg
                0x000000000000796c     0x1436 contiki-wismote.a(dtls.o)
 .any.text.dtls_init
                0x0000000000008da2       0x12 contiki-wismote.a(dtls.o)
                0x0000000000008da2                dtls_init
 .any.text.dtls_get_peer
                0x0000000000008db4       0x2e contiki-wismote.a(dtls.o)
                0x0000000000008db4                dtls_get_peer
 .any.text.dtls_alert_send_from_err
                0x0000000000008de2       0x86 contiki-wismote.a(dtls.o)
 .any.text.dtls_close
                0x0000000000008e68       0x3e contiki-wismote.a(dtls.o)
                0x0000000000008e68                dtls_close
 .any.text.dtls_destroy_peer
                0x0000000000008ea6       0x44 contiki-wismote.a(dtls.o)
 .any.text.dtls_renegotiate
                0x0000000000008eea       0x80 contiki-wismote.a(dtls.o)
                0x0000000000008eea                dtls_renegotiate
 .any.text.dtls_handle_message
                0x0000000000008f6a      0x71a contiki-wismote.a(dtls.o)
                0x0000000000008f6a                dtls_handle_message
 .any.text.dtls_free_context
                0x0000000000009684       0x2c contiki-wismote.a(dtls.o)
                0x0000000000009684                dtls_free_context
 .any.text.dtls_new_context
                0x00000000000096b0       0xa2 contiki-wismote.a(dtls.o)
                0x00000000000096b0                dtls_new_context
 .any.text.dtls_connect_peer
                0x0000000000009752       0xb0 contiki-wismote.a(dtls.o)
                0x0000000000009752                dtls_connect_peer
 .any.text.dtls_connect
                0x0000000000009802       0x74 contiki-wismote.a(dtls.o)
                0x0000000000009802                dtls_connect
 .any.text.dtls_write
                0x0000000000009876       0x42 contiki-wismote.a(dtls.o)
                0x0000000000009876                dtls_write
 .any.text.dtls_ec_key_to_uint32
                0x00000000000098b8       0x86 contiki-wismote.a(tinycrypto.o)
 .any.text.dtls_prng
                0x000000000000993e       0x42 contiki-wismote.a(tinycrypto.o)
 .any.text.dtls_ec_key_from_uint32
                0x0000000000009980       0x3c contiki-wismote.a(tinycrypto.o)
 .any.text.tinydtls_crypto_init
                0x00000000000099bc       0x12 contiki-wismote.a(tinycrypto.o)
                0x00000000000099bc                tinydtls_crypto_init
 .any.text.dtls_handshake_new
                0x00000000000099ce       0x3c contiki-wismote.a(tinycrypto.o)
                0x00000000000099ce                dtls_handshake_new
 .any.text.dtls_handshake_free
                0x0000000000009a0a       0x1e contiki-wismote.a(tinycrypto.o)
                0x0000000000009a0a                dtls_handshake_free
 .any.text.dtls_security_new
                0x0000000000009a28       0x32 contiki-wismote.a(tinycrypto.o)
                0x0000000000009a28                dtls_security_new
 .any.text.dtls_security_free
                0x0000000000009a5a       0x10 contiki-wismote.a(tinycrypto.o)
                0x0000000000009a5a                dtls_security_free
 .any.text.dtls_p_hash
                0x0000000000009a6a      0x180 contiki-wismote.a(tinycrypto.o)
                0x0000000000009a6a                dtls_p_hash
 .any.text.dtls_prf
                0x0000000000009bea       0x46 contiki-wismote.a(tinycrypto.o)
                0x0000000000009bea                dtls_prf
 .any.text.dtls_psk_pre_master_secret
                0x0000000000009c30       0x4e contiki-wismote.a(tinycrypto.o)
                0x0000000000009c30                dtls_psk_pre_master_secret
 .any.text.dtls_ec_key_from_uint32_asn1
                0x0000000000009c7e      0x102 contiki-wismote.a(tinycrypto.o)
                0x0000000000009c7e                dtls_ec_key_from_uint32_asn1
 .any.text.dtls_ecdh_pre_master_secret
                0x0000000000009d80       0x86 contiki-wismote.a(tinycrypto.o)
                0x0000000000009d80                dtls_ecdh_pre_master_secret
 .any.text.dtls_ecdsa_generate_key
                0x0000000000009e06       0x86 contiki-wismote.a(tinycrypto.o)
                0x0000000000009e06                dtls_ecdsa_generate_key
 .any.text.dtls_ecdsa_create_sig_hash
                0x0000000000009e8c       0x52 contiki-wismote.a(tinycrypto.o)
                0x0000000000009e8c                dtls_ecdsa_create_sig_hash
 .any.text.dtls_ecdsa_create_sig
                0x0000000000009ede       0x68 contiki-wismote.a(tinycrypto.o)
                0x0000000000009ede                dtls_ecdsa_create_sig
 .any.text.dtls_ecdsa_verify_sig_hash
                0x0000000000009f46       0x8a contiki-wismote.a(tinycrypto.o)
                0x0000000000009f46                dtls_ecdsa_verify_sig_hash
 .any.text.dtls_ecdsa_verify_sig
                0x0000000000009fd0       0x6c contiki-wismote.a(tinycrypto.o)
                0x0000000000009fd0                dtls_ecdsa_verify_sig
 .any.text.dtls_encrypt
                0x000000000000a03c       0x60 contiki-wismote.a(tinycrypto.o)
                0x000000000000a03c                dtls_encrypt
 .any.text.dtls_decrypt
                0x000000000000a09c       0x60 contiki-wismote.a(tinycrypto.o)
                0x000000000000a09c                dtls_decrypt
 .any.text.dtls_hmac_update
                0x000000000000a0fc       0x30 contiki-wismote.a(hmac.o)
                0x000000000000a0fc                dtls_hmac_update
 .any.text.dtls_hmac_init
                0x000000000000a12c       0x96 contiki-wismote.a(hmac.o)
                0x000000000000a12c                dtls_hmac_init
 .any.text.dtls_hmac_new
                0x000000000000a1c2       0x22 contiki-wismote.a(hmac.o)
                0x000000000000a1c2                dtls_hmac_new
 .any.text.dtls_hmac_free
                0x000000000000a1e4       0x10 contiki-wismote.a(hmac.o)
                0x000000000000a1e4                dtls_hmac_free
 .any.text.dtls_hmac_finalize
                0x000000000000a1f4       0x6a contiki-wismote.a(hmac.o)
                0x000000000000a1f4                dtls_hmac_finalize
 .any.text.rijndaelKeySetupEnc
                0x000000000000a25e      0x552 contiki-wismote.a(rijndael.o)
                0x000000000000a25e                rijndaelKeySetupEnc
 .any.text.rijndaelEncrypt
                0x000000000000a7b0      0x62c contiki-wismote.a(rijndael.o)
                0x000000000000a7b0                rijndaelEncrypt
 .any.text.rijndael_set_key_enc_only
                0x000000000000addc       0x1c contiki-wismote.a(rijndael.o)
                0x000000000000addc                rijndael_set_key_enc_only
 .any.text.rijndael_encrypt
                0x000000000000adf8        0xe contiki-wismote.a(rijndael.o)
                0x000000000000adf8                rijndael_encrypt
 .any.text.SHA256_Init
                0x000000000000ae06       0x38 contiki-wismote.a(sha2.o)
                0x000000000000ae06                SHA256_Init
 .any.text.SHA256_Transform
                0x000000000000ae3e      0x6ac contiki-wismote.a(sha2.o)
                0x000000000000ae3e                SHA256_Transform
 .any.text.SHA256_Update
                0x000000000000b4ea       0xfa contiki-wismote.a(sha2.o)
                0x000000000000b4ea                SHA256_Update
 .any.text.SHA256_Final
                0x000000000000b5e4      0x28e contiki-wismote.a(sha2.o)
                0x000000000000b5e4                SHA256_Final
 .any.text.memxor
                0x000000000000b872       0x1c contiki-wismote.a(tinyccm.o)
 .any.text.block0
                0x000000000000b88e       0x56 contiki-wismote.a(tinyccm.o)
 .any.text.encrypt
                0x000000000000b8e4       0xa4 contiki-wismote.a(tinyccm.o)
 .any.text.mac  0x000000000000b988       0x30 contiki-wismote.a(tinyccm.o)
 .any.text.add_auth_data
                0x000000000000b9b8       0xe4 contiki-wismote.a(tinyccm.o)
 .any.text.dtls_ccm_encrypt_message
                0x000000000000ba9c      0x1a2 contiki-wismote.a(tinyccm.o)
                0x000000000000ba9c                dtls_ccm_encrypt_message
 .any.text.dtls_ccm_decrypt_message
                0x000000000000bc3e      0x1ba contiki-wismote.a(tinyccm.o)
                0x000000000000bc3e                dtls_ccm_decrypt_message
 .any.text.netq_init
                0x000000000000bdf8        0xa contiki-wismote.a(netq.o)
                0x000000000000bdf8                netq_init
 .any.text.netq_insert_node
                0x000000000000be02       0x70 contiki-wismote.a(netq.o)
                0x000000000000be02                netq_insert_node
 .any.text.netq_head
                0x000000000000be72        0xe contiki-wismote.a(netq.o)
                0x000000000000be72                netq_head
 .any.text.netq_next
                0x000000000000be80        0xe contiki-wismote.a(netq.o)
                0x000000000000be80                netq_next
 .any.text.netq_remove
                0x000000000000be8e        0xe contiki-wismote.a(netq.o)
                0x000000000000be8e                netq_remove
 .any.text.netq_node_new
                0x000000000000be9c       0x2a contiki-wismote.a(netq.o)
                0x000000000000be9c                netq_node_new
 .any.text.netq_node_free
                0x000000000000bec6       0x10 contiki-wismote.a(netq.o)
                0x000000000000bec6                netq_node_free
 .any.text.netq_delete_all
                0x000000000000bed6       0x22 contiki-wismote.a(netq.o)
                0x000000000000bed6                netq_delete_all
 .any.text.add  0x000000000000bef8       0xa4 contiki-wismote.a(ecc.o)
 .any.text.sub  0x000000000000bf9c       0xbc contiki-wismote.a(ecc.o)
 .any.text.rshiftby
                0x000000000000c058       0x52 contiki-wismote.a(ecc.o)
 .any.text.isGreater
                0x000000000000c0aa       0x58 contiki-wismote.a(ecc.o)
 .any.text.isOne
                0x000000000000c102       0x34 contiki-wismote.a(ecc.o)
 .any.text.isZero
                0x000000000000c136       0x28 contiki-wismote.a(ecc.o)
 .any.text.rshift
                0x000000000000c15e       0x4e contiki-wismote.a(ecc.o)
 .any.text.setZero
                0x000000000000c1ac        0xc contiki-wismote.a(ecc.o)
 .any.text.fieldMult
                0x000000000000c1b8      0x122 contiki-wismote.a(ecc.o)
 .any.text.fieldModO
                0x000000000000c2da       0xbe contiki-wismote.a(ecc.o)
 .any.text.fieldAdd.constprop.3
                0x000000000000c398       0x42 contiki-wismote.a(ecc.o)
 .any.text.fieldAddAndDivide
                0x000000000000c3da       0x68 contiki-wismote.a(ecc.o)
 .any.text.fieldSub
                0x000000000000c442       0x44 contiki-wismote.a(ecc.o)
 .any.text.fieldInv
                0x000000000000c486      0x1b8 contiki-wismote.a(ecc.o)
 .any.text.fieldModP
                0x000000000000c63e      0x348 contiki-wismote.a(ecc.o)
 .any.text.ec_double
                0x000000000000c986      0x180 contiki-wismote.a(ecc.o)
 .any.text.ecc_is_valid_key
                0x000000000000cb06       0x18 contiki-wismote.a(ecc.o)
                0x000000000000cb06                ecc_is_valid_key
 .any.text.reset
                0x000000000000cb1e        0x2 contiki-wismote.a(rpl-mrhof.o)

.rodata         0x000000000000cb20     0x32eb
                0x000000000000cb20                . = ALIGN (0x2)
 *(.rodata .rodata.* .gnu.linkonce.r.*)
 .rodata.DtlsServerCb
                0x000000000000cb20       0x29 dtls-server.co
 .rodata.DtlsSendCb
                0x000000000000cb49        0xe dtls-server.co
 .rodata.get_psk_info
                0x000000000000cb57       0x4b dtls-server.co
 .rodata        0x000000000000cba2       0x2c dtls-server.co
 .rodata.ReadSensors
                0x000000000000cbce        0xb dtls-server.co
 .rodata.DtlsReadCb
                0x000000000000cbd9       0x2f dtls-server.co
 .rodata.Init   0x000000000000cc08       0x14 dtls-server.co
 .rodata.process_thread_udp_server_process
                0x000000000000cc1c       0x16 dtls-server.co
 .rodata.autostart_processes
                0x000000000000cc32        0x4 dtls-server.co
                0x000000000000cc32                autostart_processes
 .rodata        0x000000000000cc36      0x119 obj_wismote/contiki-wismote-main.o
 .rodata.verify_ext_cert_type
                0x000000000000cd4f       0x73 contiki-wismote.a(dtls.o)
 .rodata.dtls_check_ecdsa_signature_elem
                0x000000000000cdc2       0xc4 contiki-wismote.a(dtls.o)
 *fill*         0x000000000000ce86        0x2 00
 .rodata.dtls_check_tls_extension
                0x000000000000ce88      0x1c4 contiki-wismote.a(dtls.o)
 .rodata.dtls_prepare_record
                0x000000000000d04c      0x122 contiki-wismote.a(dtls.o)
 .rodata.clear_hs_hash
                0x000000000000d16e       0x42 contiki-wismote.a(dtls.o)
 .rodata.update_hs_hash
                0x000000000000d1b0        0xd contiki-wismote.a(dtls.o)
 .rodata.dtls_send_multi
                0x000000000000d1bd       0x5b contiki-wismote.a(dtls.o)
 .rodata.calculate_key_block.isra.6
                0x000000000000d218      0x164 contiki-wismote.a(dtls.o)
 .rodata.dtls_send_handshake_msg_hash
                0x000000000000d37c       0x30 contiki-wismote.a(dtls.o)
 .rodata.dtls_send_finished.constprop.13
                0x000000000000d3ac       0x14 contiki-wismote.a(dtls.o)
 .rodata.dtls_send_client_hello
                0x000000000000d3c0       0x17 contiki-wismote.a(dtls.o)
 .rodata.dtls_retransmit
                0x000000000000d3d7       0xaa contiki-wismote.a(dtls.o)
 .rodata.process_thread_dtls_retransmit_process
                0x000000000000d481       0x21 contiki-wismote.a(dtls.o)
 *fill*         0x000000000000d4a2        0x2 00
 .rodata.handle_handshake_msg
                0x000000000000d4a4      0x954 contiki-wismote.a(dtls.o)
 .rodata.dtls_destroy_peer
                0x000000000000ddf8        0xd contiki-wismote.a(dtls.o)
 .rodata.dtls_handle_message
                0x000000000000de05      0x477 contiki-wismote.a(dtls.o)
 .rodata.dtls_new_context
                0x000000000000e27c       0x1b contiki-wismote.a(dtls.o)
 .rodata.dtls_connect_peer
                0x000000000000e297       0x1e contiki-wismote.a(dtls.o)
 .rodata.dtls_connect
                0x000000000000e2b5       0x17 contiki-wismote.a(dtls.o)
 .rodata        0x000000000000e2cc       0xcb contiki-wismote.a(dtls.o)
 *fill*         0x000000000000e397        0x1 00
 .rodata.CSWTCH.144
                0x000000000000e398       0x2a contiki-wismote.a(dtls.o)
 .rodata.prf_label_master
                0x000000000000e3c2        0xe contiki-wismote.a(dtls.o)
 .rodata.prf_label_key
                0x000000000000e3d0        0xe contiki-wismote.a(dtls.o)
 .rodata.prf_label_server
                0x000000000000e3de        0x7 contiki-wismote.a(dtls.o)
 .rodata.cert_asn1_header
                0x000000000000e3e5       0x1b contiki-wismote.a(dtls.o)
 .rodata.prf_label_client
                0x000000000000e400        0x7 contiki-wismote.a(dtls.o)
 .rodata.prf_label_finished
                0x000000000000e407        0xa contiki-wismote.a(dtls.o)
 .rodata.dtls_handshake_new
                0x000000000000e411       0x44 contiki-wismote.a(tinycrypto.o)
 .rodata.dtls_security_new
                0x000000000000e455       0x23 contiki-wismote.a(tinycrypto.o)
 .rodata.dtls_encrypt
                0x000000000000e478       0x18 contiki-wismote.a(tinycrypto.o)
 .rodata.dtls_hmac_update
                0x000000000000e490       0x38 contiki-wismote.a(hmac.o)
 .rodata.Te4    0x000000000000e4c8      0x400 contiki-wismote.a(rijndael.o)
 .rodata.rcon   0x000000000000e8c8       0x28 contiki-wismote.a(rijndael.o)
 .rodata.Te0    0x000000000000e8f0      0x400 contiki-wismote.a(rijndael.o)
 .rodata.Te1    0x000000000000ecf0      0x400 contiki-wismote.a(rijndael.o)
 .rodata.Te2    0x000000000000f0f0      0x400 contiki-wismote.a(rijndael.o)
 .rodata.Te3    0x000000000000f4f0      0x400 contiki-wismote.a(rijndael.o)
 .rodata.SHA256_Update
                0x000000000000f8f0       0x3d contiki-wismote.a(sha2.o)
 *fill*         0x000000000000f92d        0x1 00
 .rodata.sha256_initial_hash_value
                0x000000000000f92e       0x20 contiki-wismote.a(sha2.o)
 .rodata.K256   0x000000000000f94e      0x100 contiki-wismote.a(sha2.o)
 .rodata.add_auth_data
                0x000000000000fa4e       0x3b contiki-wismote.a(tinyccm.o)
 .rodata.netq_insert_node
                0x000000000000fa89       0x38 contiki-wismote.a(netq.o)
 .rodata.netq_node_new
                0x000000000000fac1       0x16 contiki-wismote.a(netq.o)
 *fill*         0x000000000000fad7        0x1 00
 .rodata.ecc_g_point_y
                0x000000000000fad8       0x20 contiki-wismote.a(ecc.o)
                0x000000000000fad8                ecc_g_point_y
 .rodata.ecc_g_point_x
                0x000000000000faf8       0x20 contiki-wismote.a(ecc.o)
                0x000000000000faf8                ecc_g_point_x
 .rodata.ecc_prime_m
                0x000000000000fb18       0x20 contiki-wismote.a(ecc.o)
 .rodata.ecc_prime_r
                0x000000000000fb38       0x20 contiki-wismote.a(ecc.o)
 .rodata.ecc_order_m
                0x000000000000fb58       0x24 contiki-wismote.a(ecc.o)
 .rodata.ecc_order_r
                0x000000000000fb7c       0x20 contiki-wismote.a(ecc.o)
 .rodata.ecc_order_mu
                0x000000000000fb9c       0x24 contiki-wismote.a(ecc.o)
 .rodata.dtls_new_peer
                0x000000000000fbc0        0xe contiki-wismote.a(peer.o)
 .rodata.dtls_session_init
                0x000000000000fbce       0x3b contiki-wismote.a(session.o)
 .rodata.hexdump
                0x000000000000fc09        0xc contiki-wismote.a(debug.o)
 .rodata.dtls_dsrv_log_addr
                0x000000000000fc15        0xc contiki-wismote.a(debug.o)
 .rodata.dtls_dsrv_hexdump_log
                0x000000000000fc21       0x2d contiki-wismote.a(debug.o)
 .rodata        0x000000000000fc4e       0x23 contiki-wismote.a(debug.o)
 *fill*         0x000000000000fc71        0x1 00
 .rodata.loglevels
                0x000000000000fc72        0xe contiki-wismote.a(debug.o)
 .rodata        0x000000000000fc80        0x7 contiki-wismote.a(button-sensor.o)
 *fill*         0x000000000000fc87        0x1 00
 .rodata.button_sensor
                0x000000000000fc88        0xe contiki-wismote.a(button-sensor.o)
                0x000000000000fc88                button_sensor
 .rodata        0x000000000000fc96        0x8 contiki-wismote.a(sensors.o)
 .rodata.cc2520_driver
                0x000000000000fc9e       0x38 contiki-wismote.a(cc2520.o)
                0x000000000000fc9e                cc2520_driver
 .rodata        0x000000000000fcd6        0xe contiki-wismote.a(cc2520.o)
 .rodata        0x000000000000fce4        0xc contiki-wismote.a(etimer.o)
 .rodata        0x000000000000fcf0        0xf contiki-wismote.a(ctimer.o)
 .rodata._xassert
                0x000000000000fcff       0x25 contiki-wismote.a(assert.o)
 .rodata        0x000000000000fd24        0xb contiki-wismote.a(sicslowpan.o)
 *fill*         0x000000000000fd2f        0x1 00
 .rodata.sicslowpan_driver
                0x000000000000fd30        0xa contiki-wismote.a(sicslowpan.o)
                0x000000000000fd30                sicslowpan_driver
 .rodata.llprefix
                0x000000000000fd3a        0x2 contiki-wismote.a(sicslowpan.o)
                0x000000000000fd3a                llprefix
 .rodata.unc_mxconf
                0x000000000000fd3c        0x4 contiki-wismote.a(sicslowpan.o)
                0x000000000000fd3c                unc_mxconf
 .rodata.unc_ctxconf
                0x000000000000fd40        0x4 contiki-wismote.a(sicslowpan.o)
                0x000000000000fd40                unc_ctxconf
 .rodata.unc_llconf
                0x000000000000fd44        0x4 contiki-wismote.a(sicslowpan.o)
                0x000000000000fd44                unc_llconf
 .rodata.ttl_values
                0x000000000000fd48        0x4 contiki-wismote.a(sicslowpan.o)
 .rodata.uip_debug_ipaddr_print
                0x000000000000fd4c       0x15 contiki-wismote.a(uip-debug.o)
 .rodata        0x000000000000fd61        0xd contiki-wismote.a(tcpip.o)
 .rodata        0x000000000000fd6e       0x13 contiki-wismote.a(udp-socket.o)
 *fill*         0x000000000000fd81        0x1 00
 .rodata.linkaddr_null
                0x000000000000fd82        0x8 contiki-wismote.a(linkaddr.o)
                0x000000000000fd82                linkaddr_null
 .rodata.framer_802154
                0x000000000000fd8a       0x10 contiki-wismote.a(framer-802154.o)
                0x000000000000fd8a                framer_802154
 .rodata        0x000000000000fd9a        0x5 contiki-wismote.a(csma.o)
 *fill*         0x000000000000fd9f        0x1 00
 .rodata.csma_driver
                0x000000000000fda0       0x1a contiki-wismote.a(csma.o)
                0x000000000000fda0                csma_driver
 .rodata.CSWTCH.5
                0x000000000000fdba        0x2 contiki-wismote.a(frame802154.o)
 .rodata        0x000000000000fdbc        0xb contiki-wismote.a(contikimac.o)
 *fill*         0x000000000000fdc7        0x1 00
 .rodata.contikimac_driver
                0x000000000000fdc8       0x1e contiki-wismote.a(contikimac.o)
                0x000000000000fdc8                contikimac_driver
 .rodata        0x000000000000fde6        0x8 contiki-wismote.a(nullsec.o)
 .rodata.nullsec_driver
                0x000000000000fdee       0x16 contiki-wismote.a(nullsec.o)
                0x000000000000fdee                nullsec_driver
 .rodata.vuprintf
                0x000000000000fe04        0x7 /opt/compilers/bin/../lib/gcc/msp430/4.7.3/../../../../msp430/lib/mcpu-430x/mmpy-16/msr20/mc20/libc.a(vuprintf.o)
 *(.near.rodata .near.rodata.*)
                0x000000000000fe0c                . = ALIGN (0x2)
                0x000000000000fe0c                _etext = .

.data           0x0000000000001c00      0x172 load address 0x000000000000fe0c
                0x0000000000001c00                . = ALIGN (0x2)
                0x0000000000001c00                __data_start = .
 *(.data .data.* .gnu.linkonce.d.*)
 .data.udp_server_process
                0x0000000000001c00        0xc dtls-server.co
                0x0000000000001c00                udp_server_process
 .data.cb.5321  0x0000000000001c0c       0x18 dtls-server.co
 .data.dtls_retransmit_process
                0x0000000000001c24        0xc contiki-wismote.a(dtls.o)
                0x0000000000001c24                dtls_retransmit_process
 .data.handshake_storage
                0x0000000000001c30        0x8 contiki-wismote.a(tinycrypto.o)
 .data.security_storage
                0x0000000000001c38        0x8 contiki-wismote.a(tinycrypto.o)
 .data.hmac_context_storage
                0x0000000000001c40        0x8 contiki-wismote.a(hmac.o)
 .data.netq_storage
                0x0000000000001c48        0x8 contiki-wismote.a(netq.o)
 .data.peer_storage
                0x0000000000001c50        0x8 contiki-wismote.a(peer.o)
 .data.maxlog   0x0000000000001c58        0x2 contiki-wismote.a(debug.o)
 .data.sensors  0x0000000000001c5a        0x4 contiki-wismote.a(contiki-wismote)
                0x0000000000001c5a                sensors
 .data.sensors_process
                0x0000000000001c5e        0xc contiki-wismote.a(sensors.o)
                0x0000000000001c5e                sensors_process
 .data.cc2520_process
                0x0000000000001c6a        0xc contiki-wismote.a(cc2520.o)
                0x0000000000001c6a                cc2520_process
 .data.cur_break
                0x0000000000001c76        0x2 contiki-wismote.a(msp430.o)
 .data.etimer_process
                0x0000000000001c78        0xc contiki-wismote.a(etimer.o)
                0x0000000000001c78                etimer_process
 .data.ctimer_process
                0x0000000000001c84        0xc contiki-wismote.a(ctimer.o)
                0x0000000000001c84                ctimer_process
 .data.routememb
                0x0000000000001c90        0x8 contiki-wismote.a(uip-ds6-route.o)
 .data.defaultroutermemb
                0x0000000000001c98        0x8 contiki-wismote.a(uip-ds6-route.o)
 .data.nbr_routes_struct
                0x0000000000001ca0        0xa contiki-wismote.a(uip-ds6-route.o)
 .data.neighborroutememb
                0x0000000000001caa        0x8 contiki-wismote.a(uip-ds6-route.o)
 .data.ds6_neighbors
                0x0000000000001cb2        0x2 contiki-wismote.a(uip-ds6-nbr.o)
                0x0000000000001cb2                ds6_neighbors
 .data.ds6_neighbors_struct
                0x0000000000001cb4        0xa contiki-wismote.a(uip-ds6-nbr.o)
 .data.ns_input_handler
                0x0000000000001cbe        0x8 contiki-wismote.a(uip-nd6.o)
 .data.na_input_handler
                0x0000000000001cc6        0x8 contiki-wismote.a(uip-nd6.o)
 .data.tcpip_process
                0x0000000000001cce        0xc contiki-wismote.a(tcpip.o)
                0x0000000000001cce                tcpip_process
 .data.udp_socket_process
                0x0000000000001cda        0xc contiki-wismote.a(udp-socket.o)
                0x0000000000001cda                udp_socket_process
 .data.rpl_parents
                0x0000000000001ce6        0x2 contiki-wismote.a(rpl-dag.o)
                0x0000000000001ce6                rpl_parents
 .data.rpl_parents_struct
                0x0000000000001ce8        0xa contiki-wismote.a(rpl-dag.o)
 .data.rpl_mrhof
                0x0000000000001cf2       0x1a contiki-wismote.a(rpl-mrhof.o)
                0x0000000000001cf2                rpl_mrhof
 .data.buframmem
                0x0000000000001d0c        0x8 contiki-wismote.a(queuebuf.o)
 .data.bufmem   0x0000000000001d14        0x8 contiki-wismote.a(queuebuf.o)
 .data.neighbor_addr_mem
                0x0000000000001d1c        0x8 contiki-wismote.a(nbr-table.o)
 .data.neighbor_memb
                0x0000000000001d24        0x8 contiki-wismote.a(csma.o)
 .data.packet_memb
                0x0000000000001d2c        0x8 contiki-wismote.a(csma.o)
 .data.metadata_memb
                0x0000000000001d34        0x8 contiki-wismote.a(csma.o)
 .data.echo_request_handler
                0x0000000000001d3c        0x8 contiki-wismote.a(uip-icmp6.o)
 .data.echo_reply_handler
                0x0000000000001d44        0x8 contiki-wismote.a(uip-icmp6.o)
 .data.dao_sequence
                0x0000000000001d4c        0x1 contiki-wismote.a(rpl-icmp6.o)
 *fill*         0x0000000000001d4d        0x1 00
 .data.dis_handler
                0x0000000000001d4e        0x8 contiki-wismote.a(rpl-icmp6.o)
 .data.dio_handler
                0x0000000000001d56        0x8 contiki-wismote.a(rpl-icmp6.o)
 .data.dao_handler
                0x0000000000001d5e        0x8 contiki-wismote.a(rpl-icmp6.o)
 .data.dao_ack_handler
                0x0000000000001d66        0x8 contiki-wismote.a(rpl-icmp6.o)
 .data.next     0x0000000000001d6e        0x4 /opt/compilers/bin/../lib/gcc/msp430/4.7.3/../../../../msp430/lib/mcpu-430x/mmpy-16/msr20/mc20/libc.a(rand.o)
 *(.near.data .near.data.*)
                0x0000000000001d72                . = ALIGN (0x2)
                0x0000000000001d72                _edata = .
                0x000000000000fe0c                __data_load_start = LOADADDR (.data)
                0x0000000000000172                __data_size = SIZEOF (.data)

.bss            0x0000000000001d72     0x263c load address 0x000000000000ff7e
                0x0000000000001d72                __bss_start = .
 *(.bss .bss.*)
 .bss.dtls_context
                0x0000000000001d72        0x2 dtls-server.co
 .bss.server_conn
                0x0000000000001d74        0xa dtls-server.co
 .bss.irq_energest.4395
                0x0000000000001d7e        0x4 obj_wismote/contiki-wismote-main.o
 .bss.the_dtls_context
                0x0000000000001d82       0xf0 contiki-wismote.a(dtls.o)
 .bss.cipher_context
                0x0000000000001e72       0xb2 contiki-wismote.a(tinycrypto.o)
 .bss.handshake_storage_memb_count
                0x0000000000001f24        0x1 contiki-wismote.a(tinycrypto.o)
 *fill*         0x0000000000001f25        0x1 00
 .bss.handshake_storage_memb_mem
                0x0000000000001f26      0x156 contiki-wismote.a(tinycrypto.o)
 .bss.security_storage_memb_count
                0x000000000000207c        0x2 contiki-wismote.a(tinycrypto.o)
 .bss.security_storage_memb_mem
                0x000000000000207e       0x6c contiki-wismote.a(tinycrypto.o)
 .bss.hmac_context_storage_memb_count
                0x00000000000020ea        0x3 contiki-wismote.a(hmac.o)
 *fill*         0x00000000000020ed        0x1 00
 .bss.hmac_context_storage_memb_mem
                0x00000000000020ee      0x1f8 contiki-wismote.a(hmac.o)
 .bss.counter_tmp.4738
                0x00000000000022e6        0x4 contiki-wismote.a(tinyccm.o)
 .bss.netq_storage_memb_count
                0x00000000000022ea        0x5 contiki-wismote.a(netq.o)
 *fill*         0x00000000000022ef        0x1 00
 .bss.netq_storage_memb_mem
                0x00000000000022f0      0x438 contiki-wismote.a(netq.o)
 .bss.peer_storage_memb_count
                0x0000000000002728        0x1 contiki-wismote.a(peer.o)
 *fill*         0x0000000000002729        0x1 00
 .bss.peer_storage_memb_mem
                0x000000000000272a       0x22 contiki-wismote.a(peer.o)
 .bss.debouncetimer
                0x000000000000274c        0x8 contiki-wismote.a(button-sensor.o)
 .bss.node_id   0x0000000000002754        0x2 contiki-wismote.a(node-id.o)
                0x0000000000002754                node_id
 .bss.num_sensors
                0x0000000000002756        0x1 contiki-wismote.a(sensors.o)
 *fill*         0x0000000000002757        0x1 00
 .bss.i.2475    0x0000000000002758        0x2 contiki-wismote.a(sensors.o)
 .bss.events.2476
                0x000000000000275a        0x2 contiki-wismote.a(sensors.o)
 .bss.last_packet_timestamp
                0x000000000000275c        0x2 contiki-wismote.a(cc2520.o)
 .bss.receive_on
                0x000000000000275e        0x1 contiki-wismote.a(cc2520.o)
 .bss.locked    0x000000000000275f        0x1 contiki-wismote.a(cc2520.o)
 .bss.lock_off  0x0000000000002760        0x1 contiki-wismote.a(cc2520.o)
 .bss.lock_on   0x0000000000002761        0x1 contiki-wismote.a(cc2520.o)
 .bss.channel   0x0000000000002762        0x2 contiki-wismote.a(cc2520.o)
 .bss.transmitting
                0x0000000000002764        0x1 contiki-wismote.a(uart1.o)
 *fill*         0x0000000000002765        0x1 00
 .bss.uart1_input_handler
                0x0000000000002766        0x4 contiki-wismote.a(uart1.o)
 .bss.last_tar  0x000000000000276a        0x2 contiki-wismote.a(clock.o)
 .bss.count     0x000000000000276c        0x4 contiki-wismote.a(clock.o)
 .bss.seconds   0x0000000000002770        0x4 contiki-wismote.a(clock.o)
 .bss.leds      0x0000000000002774        0x1 contiki-wismote.a(leds.o)
 *fill*         0x0000000000002775        0x1 00
 .bss.counter   0x0000000000002776        0x2 contiki-wismote.a(watchdog.o)
 .bss.timerlist
                0x0000000000002778        0x2 contiki-wismote.a(etimer.o)
 .bss.next_expiration
                0x000000000000277a        0x4 contiki-wismote.a(etimer.o)
 .bss.initialized
                0x000000000000277e        0x1 contiki-wismote.a(ctimer.o)
 *fill*         0x000000000000277f        0x1 00
 .bss.ctimer_list_list
                0x0000000000002780        0x2 contiki-wismote.a(ctimer.o)
 .bss.poll_requested
                0x0000000000002782        0x1 contiki-wismote.a(process.o)
 *fill*         0x0000000000002783        0x1 00
 .bss.process_current
                0x0000000000002784        0x2 contiki-wismote.a(process.o)
                0x0000000000002784                process_current
 .bss.process_list
                0x0000000000002786        0x2 contiki-wismote.a(process.o)
                0x0000000000002786                process_list
 .bss.lastevent
                0x0000000000002788        0x1 contiki-wismote.a(process.o)
 .bss.fevent    0x0000000000002789        0x1 contiki-wismote.a(process.o)
 .bss.nevents   0x000000000000278a        0x1 contiki-wismote.a(process.o)
 *fill*         0x000000000000278b        0x1 00
 .bss.events    0x000000000000278c       0x30 contiki-wismote.a(process.o)
 .bss.ev.2244   0x00000000000027bc        0x1 contiki-wismote.a(process.o)
 *fill*         0x00000000000027bd        0x1 00
 .bss.data.2245
                0x00000000000027be        0x2 contiki-wismote.a(process.o)
 .bss.receiver.2246
                0x00000000000027c0        0x2 contiki-wismote.a(process.o)
 .bss.p.2247    0x00000000000027c2        0x2 contiki-wismote.a(process.o)
 .bss.snum.2262
                0x00000000000027c4        0x1 contiki-wismote.a(process.o)
 *fill*         0x00000000000027c5        0x1 00
 .bss.next_rtimer
                0x00000000000027c6        0x2 contiki-wismote.a(rtimer.o)
 .bss.loc_fipaddr
                0x00000000000027c8       0x10 contiki-wismote.a(uip-ds6.o)
 .bss.locaddr   0x00000000000027d8        0x2 contiki-wismote.a(uip-ds6.o)
 .bss.locprefix
                0x00000000000027da        0x2 contiki-wismote.a(uip-ds6.o)
 .bss.locmaddr  0x00000000000027dc        0x2 contiki-wismote.a(uip-ds6.o)
 .bss.notificationlist_list
                0x00000000000027de        0x2 contiki-wismote.a(uip-ds6-route.o)
 .bss.defaultrouterlist_list
                0x00000000000027e0        0x2 contiki-wismote.a(uip-ds6-route.o)
 .bss.routelist_list
                0x00000000000027e2        0x2 contiki-wismote.a(uip-ds6-route.o)
 .bss.num_routes
                0x00000000000027e4        0x2 contiki-wismote.a(uip-ds6-route.o)
 .bss.routememb_memb_count
                0x00000000000027e6       0x1e contiki-wismote.a(uip-ds6-route.o)
 .bss.routememb_memb_mem
                0x0000000000002804      0x384 contiki-wismote.a(uip-ds6-route.o)
 .bss.defaultroutermemb_memb_count
                0x0000000000002b88        0x2 contiki-wismote.a(uip-ds6-route.o)
 .bss.defaultroutermemb_memb_mem
                0x0000000000002b8a       0x38 contiki-wismote.a(uip-ds6-route.o)
 .bss._nbr_routes_mem
                0x0000000000002bc2       0x78 contiki-wismote.a(uip-ds6-route.o)
 .bss.neighborroutememb_memb_count
                0x0000000000002c3a       0x1e contiki-wismote.a(uip-ds6-route.o)
 .bss.neighborroutememb_memb_mem
                0x0000000000002c58       0x78 contiki-wismote.a(uip-ds6-route.o)
 .bss.uip_ext_opt_offset
                0x0000000000002cd0        0x1 contiki-wismote.a(uip6.o)
                0x0000000000002cd0                uip_ext_opt_offset
 .bss.uip_ext_len
                0x0000000000002cd1        0x1 contiki-wismote.a(uip6.o)
                0x0000000000002cd1                uip_ext_len
 .bss.uip_ext_bitmap
                0x0000000000002cd2        0x1 contiki-wismote.a(uip6.o)
                0x0000000000002cd2                uip_ext_bitmap
 *fill*         0x0000000000002cd3        0x1 00
 .bss.lastport  0x0000000000002cd4        0x2 contiki-wismote.a(uip6.o)
 .bss.c         0x0000000000002cd6        0x1 contiki-wismote.a(uip6.o)
 *fill*         0x0000000000002cd7        0x1 00
 .bss._ds6_neighbors_mem
                0x0000000000002cd8      0x474 contiki-wismote.a(uip-ds6-nbr.o)
 .bss.nd6_opt_offset
                0x000000000000314c        0x1 contiki-wismote.a(uip-nd6.o)
 *fill*         0x000000000000314d        0x1 00
 .bss.nd6_opt_llao
                0x000000000000314e        0x2 contiki-wismote.a(uip-nd6.o)
 .bss.addr      0x0000000000003150        0x2 contiki-wismote.a(uip-nd6.o)
 .bss.nbr       0x0000000000003152        0x2 contiki-wismote.a(uip-nd6.o)
 .bss.defrt     0x0000000000003154        0x2 contiki-wismote.a(uip-nd6.o)
 .bss.callback  0x0000000000003156        0x2 contiki-wismote.a(sicslowpan.o)
 .bss.addr_contexts
                0x0000000000003158       0x14 contiki-wismote.a(sicslowpan.o)
 .bss.uncomp_hdr_len
                0x000000000000316c        0x1 contiki-wismote.a(sicslowpan.o)
 .bss.packetbuf_hdr_len
                0x000000000000316d        0x1 contiki-wismote.a(sicslowpan.o)
 .bss.packetbuf_ptr
                0x000000000000316e        0x2 contiki-wismote.a(sicslowpan.o)
 .bss.my_tag    0x0000000000003170        0x2 contiki-wismote.a(sicslowpan.o)
 .bss.packetbuf_payload_len
                0x0000000000003172        0x2 contiki-wismote.a(sicslowpan.o)
 .bss.last_tx_status
                0x0000000000003174        0x2 contiki-wismote.a(sicslowpan.o)
 .bss.hc06_ptr  0x0000000000003176        0x2 contiki-wismote.a(sicslowpan.o)
 .bss.context   0x0000000000003178        0x2 contiki-wismote.a(sicslowpan.o)
 .bss.last_rssi
                0x000000000000317a        0x2 contiki-wismote.a(sicslowpan.o)
 .bss.reass_timer
                0x000000000000317c        0x8 contiki-wismote.a(sicslowpan.o)
 .bss.sicslowpan_len
                0x0000000000003184        0x2 contiki-wismote.a(sicslowpan.o)
 .bss.processed_ip_in_len
                0x0000000000003186        0x2 contiki-wismote.a(sicslowpan.o)
 .bss.reass_tag
                0x0000000000003188        0x2 contiki-wismote.a(sicslowpan.o)
 .bss.sicslowpan_aligned_buf
                0x000000000000318a       0xf0 contiki-wismote.a(sicslowpan.o)
 .bss.outputfunc
                0x000000000000327a        0x4 contiki-wismote.a(tcpip.o)
 .bss.periodic  0x000000000000327e        0xc contiki-wismote.a(tcpip.o)
 .bss.inited.4500
                0x000000000000328a        0x1 contiki-wismote.a(udp-socket.o)
 .bss.buf       0x000000000000328b       0xf0 contiki-wismote.a(udp-socket.o)
 *fill*         0x000000000000337b        0x1 00
 .bss._rpl_parents_mem
                0x000000000000337c      0x12c contiki-wismote.a(rpl-dag.o)
 .bss.next_dis  0x00000000000034a8        0x2 contiki-wismote.a(rpl-timers.o)
 .bss.periodic_timer
                0x00000000000034aa       0x16 contiki-wismote.a(rpl-timers.o)
 .bss.dio_send_ok
                0x00000000000034c0        0x1 contiki-wismote.a(rpl-timers.o)
 *fill*         0x00000000000034c1        0x1 00
 .bss.mode      0x00000000000034c2        0x2 contiki-wismote.a(rpl.o)
 .bss.buframmem_memb_count
                0x00000000000034c4        0x8 contiki-wismote.a(queuebuf.o)
 .bss.buframmem_memb_mem
                0x00000000000034cc      0x580 contiki-wismote.a(queuebuf.o)
 .bss.bufmem_memb_count
                0x0000000000003a4c        0x8 contiki-wismote.a(queuebuf.o)
 .bss.bufmem_memb_mem
                0x0000000000003a54       0x10 contiki-wismote.a(queuebuf.o)
 .bss.num_tables
                0x0000000000003a64        0x2 contiki-wismote.a(nbr-table.o)
 .bss.all_tables
                0x0000000000003a66       0x10 contiki-wismote.a(nbr-table.o)
 .bss.used_map  0x0000000000003a76       0x1e contiki-wismote.a(nbr-table.o)
 .bss.nbr_table_keys_list
                0x0000000000003a94        0x2 contiki-wismote.a(nbr-table.o)
 .bss.locked_map
                0x0000000000003a96       0x1e contiki-wismote.a(nbr-table.o)
 .bss.neighbor_addr_mem_memb_count
                0x0000000000003ab4       0x1e contiki-wismote.a(nbr-table.o)
 .bss.neighbor_addr_mem_memb_mem
                0x0000000000003ad2      0x12c contiki-wismote.a(nbr-table.o)
 .bss.bufptr    0x0000000000003bfe        0x2 contiki-wismote.a(packetbuf.o)
 .bss.buflen    0x0000000000003c00        0x2 contiki-wismote.a(packetbuf.o)
 .bss.hdrptr    0x0000000000003c02        0x1 contiki-wismote.a(packetbuf.o)
 *fill*         0x0000000000003c03        0x1 00
 .bss.packetbufptr
                0x0000000000003c04        0x2 contiki-wismote.a(packetbuf.o)
 .bss.packetbuf_aligned
                0x0000000000003c06       0xb0 contiki-wismote.a(packetbuf.o)
 .bss.initialized
                0x0000000000003cb6        0x1 contiki-wismote.a(framer-802154.o)
 .bss.mac_dsn   0x0000000000003cb7        0x1 contiki-wismote.a(framer-802154.o)
 .bss.initialized.3245
                0x0000000000003cb8        0x1 contiki-wismote.a(csma.o)
 *fill*         0x0000000000003cb9        0x1 00
 .bss.seqno.3246
                0x0000000000003cba        0x2 contiki-wismote.a(csma.o)
 .bss.neighbor_list_list
                0x0000000000003cbc        0x2 contiki-wismote.a(csma.o)
 .bss.neighbor_memb_memb_count
                0x0000000000003cbe        0x2 contiki-wismote.a(csma.o)
 .bss.neighbor_memb_memb_mem
                0x0000000000003cc0       0x50 contiki-wismote.a(csma.o)
 .bss.packet_memb_memb_count
                0x0000000000003d10        0x8 contiki-wismote.a(csma.o)
 .bss.packet_memb_memb_mem
                0x0000000000003d18       0x30 contiki-wismote.a(csma.o)
 .bss.metadata_memb_memb_count
                0x0000000000003d48        0x8 contiki-wismote.a(csma.o)
 .bss.metadata_memb_memb_mem
                0x0000000000003d50       0x40 contiki-wismote.a(csma.o)
 .bss.cycle_start
                0x0000000000003d90        0x2 contiki-wismote.a(contikimac.o)
 .bss.radio_is_on
                0x0000000000003d92        0x1 contiki-wismote.a(contikimac.o)
 .bss.we_are_sending
                0x0000000000003d93        0x1 contiki-wismote.a(contikimac.o)
 .bss.contikimac_keep_radio_on
                0x0000000000003d94        0x1 contiki-wismote.a(contikimac.o)
 .bss.contikimac_is_on
                0x0000000000003d95        0x1 contiki-wismote.a(contikimac.o)
 .bss.rt        0x0000000000003d96        0x8 contiki-wismote.a(contikimac.o)