Archive member included to satisfy reference by file (symbol)

contiki-cc2538dk.a(dtls.o)    dtls-client.co (dtls_init)
contiki-cc2538dk.a(tinycrypto.o)
                              contiki-cc2538dk.a(dtls.o) (tinydtls_crypto_init)
contiki-cc2538dk.a(hmac.o)    contiki-cc2538dk.a(dtls.o) (dtls_hmac_update)
contiki-cc2538dk.a(rijndael.o)
                              contiki-cc2538dk.a(tinycrypto.o) (rijndael_set_key_enc_only)
contiki-cc2538dk.a(sha2.o)    contiki-cc2538dk.a(dtls.o) (SHA256_Init)
contiki-cc2538dk.a(tinyccm.o)
                              contiki-cc2538dk.a(tinycrypto.o) (dtls_ccm_encrypt_message)
contiki-cc2538dk.a(netq.o)    contiki-cc2538dk.a(dtls.o) (netq_init)
contiki-cc2538dk.a(ecc.o)     contiki-cc2538dk.a(tinycrypto.o) (ecc_ec_mult)
contiki-cc2538dk.a(dtls_time.o)
                              contiki-cc2538dk.a(dtls.o) (dtls_clock_init)
contiki-cc2538dk.a(peer.o)    contiki-cc2538dk.a(dtls.o) (peer_init)
contiki-cc2538dk.a(session.o)
                              contiki-cc2538dk.a(dtls.o) (dtls_session_equals)
contiki-cc2538dk.a(debug.o)   dtls-client.co (dtls_set_log_level)
contiki-cc2538dk.a(contiki-main.o)
                              obj_cc2538dk/startup-gcc.o (main)
contiki-cc2538dk.a(sensors.o)
                              contiki-cc2538dk.a(contiki-main.o) (sensors_process)
contiki-cc2538dk.a(smartrf-sensors)
                              contiki-cc2538dk.a(sensors.o) (sensors_flags)
contiki-cc2538dk.a(button-sensor.o)
                              contiki-cc2538dk.a(contiki-main.o) (button_sensor_init)
contiki-cc2538dk.a(als-sensor.o)
                              contiki-cc2538dk.a(smartrf-sensors) (als_sensor)
contiki-cc2538dk.a(clock.o)   contiki-cc2538dk.a(dtls_time.o) (clock_init)
contiki-cc2538dk.a(rtimer-arch.o)
                              contiki-cc2538dk.a(clock.o) (rtimer_arch_now)
contiki-cc2538dk.a(uart.o)    contiki-cc2538dk.a(contiki-main.o) (uart_init)
contiki-cc2538dk.a(watchdog.o)
                              contiki-cc2538dk.a(contiki-main.o) (watchdog_init)
contiki-cc2538dk.a(nvic.o)    contiki-cc2538dk.a(contiki-main.o) (nvic_init)
contiki-cc2538dk.a(cpu.o)     contiki-cc2538dk.a(contiki-main.o) (cpu_cpsie)
contiki-cc2538dk.a(sys-ctrl.o)
                              contiki-cc2538dk.a(contiki-main.o) (sys_ctrl_init)
contiki-cc2538dk.a(gpio.o)    contiki-cc2538dk.a(button-sensor.o) (gpio_register_callback)
contiki-cc2538dk.a(ioc.o)     contiki-cc2538dk.a(contiki-main.o) (ioc_init)
contiki-cc2538dk.a(adc.o)     contiki-cc2538dk.a(contiki-main.o) (adc_init)
contiki-cc2538dk.a(crypto.o)  obj_cc2538dk/startup-gcc.o (crypto_isr)
contiki-cc2538dk.a(cc2538-rf.o)
                              obj_cc2538dk/startup-gcc.o (cc2538_rf_rx_tx_isr)
contiki-cc2538dk.a(udma.o)    contiki-cc2538dk.a(contiki-main.o) (udma_init)
contiki-cc2538dk.a(lpm.o)     contiki-cc2538dk.a(rtimer-arch.o) (lpm_exit)
contiki-cc2538dk.a(dbg.o)     dtls-client.co (putchar)
contiki-cc2538dk.a(ieee-addr.o)
                              contiki-cc2538dk.a(contiki-main.o) (ieee_addr_cpy_to)
contiki-cc2538dk.a(cc2538-temp-sen)
                              contiki-cc2538dk.a(smartrf-sensors) (cc2538_temp_sensor)
contiki-cc2538dk.a(vdd3-sensor.o)
                              contiki-cc2538dk.a(smartrf-sensors) (vdd3_sensor)
contiki-cc2538dk.a(dbg-printf.o)
                              dtls-client.co (printf)
contiki-cc2538dk.a(dbg-sprintf.o)
                              contiki-cc2538dk.a(debug.o) (sprintf)
contiki-cc2538dk.a(strformat.o)
                              contiki-cc2538dk.a(dbg-printf.o) (format_str_v)
contiki-cc2538dk.a(autostart.o)
                              contiki-cc2538dk.a(contiki-main.o) (autostart_start)
contiki-cc2538dk.a(energest.o)
                              contiki-cc2538dk.a(contiki-main.o) (energest_init)
contiki-cc2538dk.a(etimer.o)  contiki-cc2538dk.a(clock.o) (etimer_request_poll)
contiki-cc2538dk.a(ctimer.o)  contiki-cc2538dk.a(contiki-main.o) (ctimer_init)
contiki-cc2538dk.a(process.o)
                              contiki-cc2538dk.a(sensors.o) (process_alloc_event)
contiki-cc2538dk.a(rtimer.o)  contiki-cc2538dk.a(contiki-main.o) (rtimer_init)
contiki-cc2538dk.a(timer.o)   contiki-cc2538dk.a(button-sensor.o) (timer_set)
contiki-cc2538dk.a(serial-line.o)
                              dtls-client.co (serial_line_event_message)
contiki-cc2538dk.a(list.o)    contiki-cc2538dk.a(dtls.o) (list_init)
contiki-cc2538dk.a(memb.o)    contiki-cc2538dk.a(tinycrypto.o) (memb_init)
contiki-cc2538dk.a(random.o)  contiki-cc2538dk.a(dtls.o) (random_rand)
contiki-cc2538dk.a(assert.o)  contiki-cc2538dk.a(dtls.o) (_xassert)
contiki-cc2538dk.a(ringbuf.o)
                              contiki-cc2538dk.a(serial-line.o) (ringbuf_init)
contiki-cc2538dk.a(uip-ds6.o)
                              dtls-client.co (uip_ds6_if)
contiki-cc2538dk.a(uip-ds6-route.o)
                              contiki-cc2538dk.a(uip-ds6.o) (uip_ds6_route_init)
[...]
Memory Configuration

Name             Origin             Length             Attributes
FLASH            0x0000000000200000 0x000000000007ffd4 xr
FLASH_CCA        0x000000000027ffd4 0x000000000000002c xr
SRAM             0x0000000020000000 0x0000000000008000 xrw
*default*        0x0000000000000000 0xffffffffffffffff

Linker script and memory map

LOAD obj_cc2538dk/startup-gcc.o
LOAD dtls-client.co
LOAD contiki-cc2538dk.a
START GROUP
LOAD /usr/lib/gcc/arm-none-eabi/4.8/armv7-m/libgcc.a
LOAD /usr/lib/gcc/arm-none-eabi/4.8/../../../arm-none-eabi/lib/armv7-m/libc.a
END GROUP

.text           0x0000000000200000    0x113f7
                0x0000000000200000                _text = .
 *(SORT(.vectors))
 .vectors       0x0000000000200000      0x28c obj_cc2538dk/startup-gcc.o
                0x0000000000200000                vectors
 *(SORT(.text*))
 .text.reset_handler
                0x000000000020028c       0x40 obj_cc2538dk/startup-gcc.o
                0x000000000020028c                reset_handler
 .text.get_ecdsa_key
                0x00000000002002cc        0xc dtls-client.co
 .text.send_to_peer
                0x00000000002002d8       0x6c dtls-client.co
 .text.init_dtls
                0x0000000000200344       0xc0 dtls-client.co
                0x0000000000200344                init_dtls
 .text.process_thread_udp_server_process
                0x0000000000200404      0x188 dtls-client.co
 .text.verify_ext_cert_type
                0x000000000020058c       0x38 contiki-cc2538dk.a(dtls.o)
 .text.dtls_check_ecdsa_signature_elem
                0x00000000002005c4       0x94 contiki-cc2538dk.a(dtls.o)
 .text.dtls_check_tls_extension
                0x0000000000200658      0x1a8 contiki-cc2538dk.a(dtls.o)
 .text.clear_hs_hash
                0x0000000000200800       0x2c contiki-cc2538dk.a(dtls.o)
 .text.dtls_prepare_record.isra.6
                0x000000000020082c      0x244 contiki-cc2538dk.a(dtls.o)
 .text.dtls_send_multi
                0x0000000000200a70      0x184 contiki-cc2538dk.a(dtls.o)
 .text.dtls_retransmit
                0x0000000000200bf4      0x120 contiki-cc2538dk.a(dtls.o)
 .text.process_thread_dtls_retransmit_process
                0x0000000000200d14       0x90 contiki-cc2538dk.a(dtls.o)
 .text.update_hs_hash.isra.8
                0x0000000000200da4       0x30 contiki-cc2538dk.a(dtls.o)
 .text.calculate_key_block.isra.11
                0x0000000000200dd4      0x264 contiki-cc2538dk.a(dtls.o)
 .text.dtls_send_handshake_msg_hash
                0x0000000000201038       0xec contiki-cc2538dk.a(dtls.o)
 .text.dtls_send_client_hello
                0x0000000000201124      0x1c0 contiki-cc2538dk.a(dtls.o)
 .text.dtls_send_certificate_ecdsa
                0x00000000002012e4       0x80 contiki-cc2538dk.a(dtls.o)
 .text.dtls_verify_peer
                0x0000000000201364      0x1a0 contiki-cc2538dk.a(dtls.o)
 .text.dtls_send_finished.constprop.23
                0x0000000000201504       0x70 contiki-cc2538dk.a(dtls.o)
 .text.dtls_send_certificate_verify_ecdh.isra.17
                0x0000000000201574       0x68 contiki-cc2538dk.a(dtls.o)
 .text.handle_handshake_msg
                0x00000000002015dc     0x106c contiki-cc2538dk.a(dtls.o)
 .text.dtls_destroy_peer
                0x0000000000202648       0x38 contiki-cc2538dk.a(dtls.o)
 .text.dtls_renegotiate
                0x0000000000202680       0x70 contiki-cc2538dk.a(dtls.o)
                0x0000000000202680                dtls_renegotiate
 .text.dtls_handle_message
                0x00000000002026f0      0x674 contiki-cc2538dk.a(dtls.o)
                0x00000000002026f0                dtls_handle_message
 .text.dtls_new_context
                0x0000000000202d64       0x88 contiki-cc2538dk.a(dtls.o)
                0x0000000000202d64                dtls_new_context
 .text.dtls_connect_peer
                0x0000000000202dec       0x98 contiki-cc2538dk.a(dtls.o)
                0x0000000000202dec                dtls_connect_peer
 .text.dtls_connect
                0x0000000000202e84       0x68 contiki-cc2538dk.a(dtls.o)
                0x0000000000202e84                dtls_connect
 .text.get_psk_info
                0x0000000000202eec       0x8c contiki-cc2538dk.a(dtls.o)
                0x0000000000202eec                get_psk_info
 .text.tinydtls_crypto_init
                0x0000000000202f78       0x1c contiki-cc2538dk.a(tinycrypto.o)
                0x0000000000202f78                tinydtls_crypto_init
 .text.dtls_handshake_new
                0x0000000000202f94       0x3c contiki-cc2538dk.a(tinycrypto.o)
                0x0000000000202f94                dtls_handshake_new
 .text.dtls_handshake_free
                0x0000000000202fd0       0x20 contiki-cc2538dk.a(tinycrypto.o)
                0x0000000000202fd0                dtls_handshake_free
 .text.dtls_security_new
                0x0000000000202ff0       0x30 contiki-cc2538dk.a(tinycrypto.o)
                0x0000000000202ff0                dtls_security_new
 .text.dtls_security_free
                0x0000000000203020       0x10 contiki-cc2538dk.a(tinycrypto.o)
                0x0000000000203020                dtls_security_free
 .text.dtls_ecdsa_generate_key
                0x0000000000203030       0x5c contiki-cc2538dk.a(tinycrypto.o)
                0x0000000000203030                dtls_ecdsa_generate_key
 .text.dtls_encrypt
                0x000000000020308c       0x64 contiki-cc2538dk.a(tinycrypto.o)
                0x000000000020308c                dtls_encrypt
 .text.dtls_decrypt
                0x00000000002030f0       0x64 contiki-cc2538dk.a(tinycrypto.o)
                0x00000000002030f0                dtls_decrypt
 .text.dtls_hmac_update
                0x0000000000203154       0x28 contiki-cc2538dk.a(hmac.o)
                0x0000000000203154                dtls_hmac_update
 .text.dtls_hmac_init
                0x000000000020317c       0x80 contiki-cc2538dk.a(hmac.o)
                0x000000000020317c                dtls_hmac_init
 .text.dtls_hmac_new
                0x00000000002031fc       0x20 contiki-cc2538dk.a(hmac.o)
                0x00000000002031fc                dtls_hmac_new
 .text.dtls_hmac_free
                0x000000000020321c       0x10 contiki-cc2538dk.a(hmac.o)
                0x000000000020321c                dtls_hmac_free
 .text.dtls_hmac_finalize
                0x000000000020322c       0x54 contiki-cc2538dk.a(hmac.o)
                0x000000000020322c                dtls_hmac_finalize
 .text.rijndaelKeySetupEnc
                0x0000000000203280      0x288 contiki-cc2538dk.a(rijndael.o)
                0x0000000000203280                rijndaelKeySetupEnc
 .text.rijndaelEncrypt
                0x0000000000203508      0x37c contiki-cc2538dk.a(rijndael.o)
                0x0000000000203508                rijndaelEncrypt
 .text.SHA256_Init
                0x0000000000203884       0x3c contiki-cc2538dk.a(sha2.o)
                0x0000000000203884                SHA256_Init
 .text.SHA256_Transform
                0x00000000002038c0      0x1b4 contiki-cc2538dk.a(sha2.o)
                0x00000000002038c0                SHA256_Transform
 .text.SHA256_Update
                0x0000000000203a74       0xbc contiki-cc2538dk.a(sha2.o)
                0x0000000000203a74                SHA256_Update
 .text.SHA256_Final
                0x0000000000203b30       0xc8 contiki-cc2538dk.a(sha2.o)
                0x0000000000203b30                SHA256_Final
 .text.encrypt  0x0000000000203bf8       0x64 contiki-cc2538dk.a(tinyccm.o)
 .text.add_auth_data
                0x0000000000203c5c       0xc8 contiki-cc2538dk.a(tinyccm.o)
 .text.netq_init
                0x0000000000203d24        0xc contiki-cc2538dk.a(netq.o)
                0x0000000000203d24                netq_init
 .text.netq_insert_node
                0x0000000000203d30       0x58 contiki-cc2538dk.a(netq.o)
                0x0000000000203d30                netq_insert_node
 .text.netq_node_new
                0x0000000000203d88       0x28 contiki-cc2538dk.a(netq.o)
                0x0000000000203d88                netq_node_new
 .text.netq_node_free
                0x0000000000203db0       0x10 contiki-cc2538dk.a(netq.o)
                0x0000000000203db0                netq_node_free
 .text.netq_delete_all
                0x0000000000203dc0       0x20 contiki-cc2538dk.a(netq.o)
                0x0000000000203dc0                netq_delete_all
 .text.fieldModO
                0x0000000000203de0       0x98 contiki-cc2538dk.a(ecc.o)
 .text.fieldAdd.constprop.3
                0x0000000000203e78       0x44 contiki-cc2538dk.a(ecc.o)
 .text.fieldModP
                0x0000000000203ebc      0x1ac contiki-cc2538dk.a(ecc.o)
 .text.ec_double
                0x0000000000204068      0x110 contiki-cc2538dk.a(ecc.o)
 .text.ec_add   0x0000000000204178      0x150 contiki-cc2538dk.a(ecc.o)
 .text.ecc_ecdsa_sign
                0x00000000002042c8       0xb8 contiki-cc2538dk.a(ecc.o)
                0x00000000002042c8                ecc_ecdsa_sign
 .text.ecc_ecdsa_validate
                0x0000000000204380       0xa4 contiki-cc2538dk.a(ecc.o)
                0x0000000000204380                ecc_ecdsa_validate
 .text.ecc_is_valid_key
                0x0000000000204424       0x18 contiki-cc2538dk.a(ecc.o)
                0x0000000000204424                ecc_is_valid_key
 .text.dtls_clock_init
                0x000000000020443c       0x14 contiki-cc2538dk.a(dtls_time.o)
                0x000000000020443c                dtls_clock_init
 .text.peer_init
                0x0000000000204450        0xc contiki-cc2538dk.a(peer.o)
                0x0000000000204450                peer_init
 .text.dtls_free_peer
                0x000000000020445c       0x28 contiki-cc2538dk.a(peer.o)
                0x000000000020445c                dtls_free_peer
 .text.dtls_new_peer
                0x0000000000204484       0x54 contiki-cc2538dk.a(peer.o)
                0x0000000000204484                dtls_new_peer
 .text.dtls_session_equals
                0x00000000002044d8       0x4c contiki-cc2538dk.a(session.o)
                0x00000000002044d8                dtls_session_equals
 .text.dtls_set_log_level
                0x0000000000204524        0xc contiki-cc2538dk.a(debug.o)
                0x0000000000204524                dtls_set_log_level
 .text.dtls_dsrv_log_addr
                0x0000000000204530       0x34 contiki-cc2538dk.a(debug.o)
                0x0000000000204530                dtls_dsrv_log_addr
 .text.dtls_dsrv_hexdump_log
                0x0000000000204564       0xb4 contiki-cc2538dk.a(debug.o)
                0x0000000000204564                dtls_dsrv_hexdump_log
 .text.startup.main
                0x0000000000204618      0x1a0 contiki-cc2538dk.a(contiki-main.o)
                0x0000000000204618                main
 .text.process_thread_sensors_process
                0x00000000002047b8       0xd4 contiki-cc2538dk.a(sensors.o)
 .text.sensors_changed
                0x000000000020488c       0x38 contiki-cc2538dk.a(sensors.o)
                0x000000000020488c                sensors_changed
 .text.config_select
                0x00000000002048c4       0x30 contiki-cc2538dk.a(button-sensor.o)
 .text.config_left
                0x00000000002048f4       0x30 contiki-cc2538dk.a(button-sensor.o)
 .text.config_right
                0x0000000000204924       0x30 contiki-cc2538dk.a(button-sensor.o)
 .text.config_up
                0x0000000000204954       0x30 contiki-cc2538dk.a(button-sensor.o)
 .text.config_down
                0x0000000000204984       0x30 contiki-cc2538dk.a(button-sensor.o)
 .text.btn_callback
                0x00000000002049b4       0x64 contiki-cc2538dk.a(button-sensor.o)
 .text.button_sensor_init
                0x0000000000204a18        0xc contiki-cc2538dk.a(button-sensor.o)
                0x0000000000204a18                button_sensor_init
 .text.value    0x0000000000204a24       0x24 contiki-cc2538dk.a(als-sensor.o)
 .text.configure
                0x0000000000204a48       0x54 contiki-cc2538dk.a(als-sensor.o)
 .text.update_ticks
                0x0000000000204a9c       0x50 contiki-cc2538dk.a(clock.o)
 .text.clock_init
                0x0000000000204aec       0x54 contiki-cc2538dk.a(clock.o)
                0x0000000000204aec                clock_init
 .text.clock_time
                0x0000000000204b40       0x14 contiki-cc2538dk.a(clock.o)
                0x0000000000204b40                clock_time
 .text.clock_seconds
                0x0000000000204b54       0x14 contiki-cc2538dk.a(clock.o)
                0x0000000000204b54                clock_seconds
 .text.clock_delay_usec
                0x0000000000204b68       0x1c contiki-cc2538dk.a(clock.o)
                0x0000000000204b68                clock_delay_usec
 .text.clock_adjust
                0x0000000000204b84       0x20 contiki-cc2538dk.a(clock.o)
                0x0000000000204b84                clock_adjust
 .text.rtimer_arch_next_trigger
                0x0000000000204ba4        0xc contiki-cc2538dk.a(rtimer-arch.o)
                0x0000000000204ba4                rtimer_arch_next_trigger
 .text.rtimer_arch_now
                0x0000000000204bb0       0x24 contiki-cc2538dk.a(rtimer-arch.o)
                0x0000000000204bb0                rtimer_arch_now
 .text.rtimer_arch_schedule
                0x0000000000204bd4       0x58 contiki-cc2538dk.a(rtimer-arch.o)
                0x0000000000204bd4                rtimer_arch_schedule
 .text.rtimer_isr
                0x0000000000204c2c       0x24 contiki-cc2538dk.a(rtimer-arch.o)
                0x0000000000204c2c                rtimer_isr
 .text.permit_pm1
                0x0000000000204c50       0x2c contiki-cc2538dk.a(uart.o)
 .text.uart_isr
                0x0000000000204c7c       0x64 contiki-cc2538dk.a(uart.o)
 .text.uart_init
                0x0000000000204ce0      0x184 contiki-cc2538dk.a(uart.o)
                0x0000000000204ce0                uart_init
 .text.uart_set_input
                0x0000000000204e64       0x10 contiki-cc2538dk.a(uart.o)
                0x0000000000204e64                uart_set_input
 .text.uart_write_byte
                0x0000000000204e74       0x1c contiki-cc2538dk.a(uart.o)
                0x0000000000204e74                uart_write_byte
 .text.watchdog_init
                0x0000000000204e90        0xc contiki-cc2538dk.a(watchdog.o)
                0x0000000000204e90                watchdog_init
 .text.watchdog_start
                0x0000000000204e9c        0xc contiki-cc2538dk.a(watchdog.o)
                0x0000000000204e9c                watchdog_start
 .text.watchdog_periodic
                0x0000000000204ea8       0x10 contiki-cc2538dk.a(watchdog.o)
                0x0000000000204ea8                watchdog_periodic
 .text.nvic_init
                0x0000000000204eb8       0x3c contiki-cc2538dk.a(nvic.o)
                0x0000000000204eb8                nvic_init
 .text.nvic_interrupt_enable
                0x0000000000204ef4       0x1c contiki-cc2538dk.a(nvic.o)
                0x0000000000204ef4                nvic_interrupt_enable
 .text.nvic_interrupt_disable
                0x0000000000204f10       0x1c contiki-cc2538dk.a(nvic.o)
                0x0000000000204f10                nvic_interrupt_disable
 .text.nvic_interrupt_unpend
                0x0000000000204f2c       0x1c contiki-cc2538dk.a(nvic.o)
                0x0000000000204f2c                nvic_interrupt_unpend
 .text.sys_ctrl_init
                0x0000000000204f48       0x28 contiki-cc2538dk.a(sys-ctrl.o)
                0x0000000000204f48                sys_ctrl_init
 .text.gpio_register_callback
                0x0000000000204f70       0x10 contiki-cc2538dk.a(gpio.o)
                0x0000000000204f70                gpio_register_callback
 .text.notify   0x0000000000204f80       0x30 contiki-cc2538dk.a(gpio.o)
                0x0000000000204f80                notify
 .text.gpio_port_isr
                0x0000000000204fb0       0x4c contiki-cc2538dk.a(gpio.o)
 .text.gpio_init
                0x0000000000204ffc       0x10 contiki-cc2538dk.a(gpio.o)
                0x0000000000204ffc                gpio_init
 .text.ioc_init
                0x000000000020500c       0x1c contiki-cc2538dk.a(ioc.o)
                0x000000000020500c                ioc_init
 .text.ioc_set_over
                0x0000000000205028       0x14 contiki-cc2538dk.a(ioc.o)
                0x0000000000205028                ioc_set_over
 .text.ioc_set_sel
                0x000000000020503c       0x14 contiki-cc2538dk.a(ioc.o)
                0x000000000020503c                ioc_set_sel
 .text.adc_init
                0x0000000000205050       0x10 contiki-cc2538dk.a(adc.o)
                0x0000000000205050                adc_init
 .text.adc_get  0x0000000000205060       0x74 contiki-cc2538dk.a(adc.o)
                0x0000000000205060                adc_get
 .text.crypto_isr
                0x00000000002050d4       0x24 contiki-cc2538dk.a(crypto.o)
                0x00000000002050d4                crypto_isr
 .text.on       0x00000000002050f8       0x2c contiki-cc2538dk.a(cc2538-rf.o)
 .text.off      0x0000000000205124       0x38 contiki-cc2538dk.a(cc2538-rf.o)
 .text.set_channel
                0x000000000020515c       0x48 contiki-cc2538dk.a(cc2538-rf.o)
 .text.channel_clear
                0x00000000002051a4       0x3c contiki-cc2538dk.a(cc2538-rf.o)
 .text.receiving_packet
                0x00000000002051e0       0x18 contiki-cc2538dk.a(cc2538-rf.o)
 .text.pending_packet
                0x00000000002051f8       0x10 contiki-cc2538dk.a(cc2538-rf.o)
 .text.get_value
                0x0000000000205208      0x11c contiki-cc2538dk.a(cc2538-rf.o)
 .text.prepare  0x0000000000205324       0x64 contiki-cc2538dk.a(cc2538-rf.o)
 .text.transmit
                0x0000000000205388       0x8c contiki-cc2538dk.a(cc2538-rf.o)
 .text.set_frame_filtering
                0x0000000000205414       0x18 contiki-cc2538dk.a(cc2538-rf.o)
 .text.set_value
                0x000000000020542c       0xd8 contiki-cc2538dk.a(cc2538-rf.o)
 .text.get_object
                0x0000000000205504       0x34 contiki-cc2538dk.a(cc2538-rf.o)
 .text.set_object
                0x0000000000205538       0x34 contiki-cc2538dk.a(cc2538-rf.o)
 .text.read     0x000000000020556c       0xc8 contiki-cc2538dk.a(cc2538-rf.o)
 .text.init     0x0000000000205634       0xcc contiki-cc2538dk.a(cc2538-rf.o)
 .text.process_thread_cc2538_rf_process
                0x0000000000205700       0x74 contiki-cc2538dk.a(cc2538-rf.o)
 .text.cc2538_rf_rx_tx_isr
                0x0000000000205774       0x18 contiki-cc2538dk.a(cc2538-rf.o)
                0x0000000000205774                cc2538_rf_rx_tx_isr
 .text.cc2538_rf_err_isr
                0x000000000020578c       0x2c contiki-cc2538dk.a(cc2538-rf.o)
                0x000000000020578c                cc2538_rf_err_isr
 .text.udma_init
                0x00000000002057b8       0x30 contiki-cc2538dk.a(udma.o)
                0x00000000002057b8                udma_init
 .text.udma_set_channel_src
                0x00000000002057e8       0x10 contiki-cc2538dk.a(udma.o)
                0x00000000002057e8                udma_set_channel_src
 .text.udma_set_channel_dst
                0x00000000002057f8       0x14 contiki-cc2538dk.a(udma.o)
                0x00000000002057f8                udma_set_channel_dst
 .text.udma_set_channel_control_word
                0x000000000020580c       0x14 contiki-cc2538dk.a(udma.o)
                0x000000000020580c                udma_set_channel_control_word
 .text.udma_channel_enable
                0x0000000000205820       0x18 contiki-cc2538dk.a(udma.o)
                0x0000000000205820                udma_channel_enable
 .text.udma_channel_mask_set
                0x0000000000205838       0x18 contiki-cc2538dk.a(udma.o)
                0x0000000000205838                udma_channel_mask_set
 .text.udma_channel_sw_request
                0x0000000000205850       0x18 contiki-cc2538dk.a(udma.o)
                0x0000000000205850                udma_channel_sw_request
 .text.udma_channel_get_mode
                0x0000000000205868       0x1c contiki-cc2538dk.a(udma.o)
                0x0000000000205868                udma_channel_get_mode
 .text.udma_isr
                0x0000000000205884       0x10 contiki-cc2538dk.a(udma.o)
                0x0000000000205884                udma_isr
 .text.udma_err_isr
                0x0000000000205894        0xc contiki-cc2538dk.a(udma.o)
                0x0000000000205894                udma_err_isr
 .text.select_32_mhz_xosc
                0x00000000002058a0       0x2c contiki-cc2538dk.a(lpm.o)
 .text.lpm_exit
                0x00000000002058cc       0x34 contiki-cc2538dk.a(lpm.o)
                0x00000000002058cc                lpm_exit
 .text.lpm_enter
                0x0000000000205900       0xb0 contiki-cc2538dk.a(lpm.o)
                0x0000000000205900                lpm_enter
 .text.lpm_register_peripheral
                0x00000000002059b0       0x20 contiki-cc2538dk.a(lpm.o)
                0x00000000002059b0                lpm_register_peripheral
 .text.lpm_init
                0x00000000002059d0       0x24 contiki-cc2538dk.a(lpm.o)
                0x00000000002059d0                lpm_init
 .text.ieee_addr_cpy_to
                0x00000000002059f4       0x70 contiki-cc2538dk.a(ieee-addr.o)
                0x00000000002059f4                ieee_addr_cpy_to
 .text.printf   0x0000000000205a64       0x20 contiki-cc2538dk.a(dbg-printf.o)
                0x0000000000205a64                printf
 .text.sprintf  0x0000000000205a84       0x30 contiki-cc2538dk.a(dbg-sprintf.o)
                0x0000000000205a84                sprintf
 .text.fill_space
                0x0000000000205ab4       0x30 contiki-cc2538dk.a(strformat.o)
 .text.format_str_v
                0x0000000000205ae4      0x6d0 contiki-cc2538dk.a(strformat.o)
                0x0000000000205ae4                format_str_v
 .text.update_time
                0x00000000002061b4       0x40 contiki-cc2538dk.a(etimer.o)
 .text.etimer_request_poll
                0x00000000002061f4        0xc contiki-cc2538dk.a(etimer.o)
                0x00000000002061f4                etimer_request_poll
 .text.process_thread_etimer_process
                0x0000000000206200       0x94 contiki-cc2538dk.a(etimer.o)
 .text.add_timer
                0x0000000000206294       0x40 contiki-cc2538dk.a(etimer.o)
 .text.etimer_pending
                0x00000000002062d4       0x10 contiki-cc2538dk.a(etimer.o)
                0x00000000002062d4                etimer_pending
 .text.etimer_stop
                0x00000000002062e4       0x34 contiki-cc2538dk.a(etimer.o)
                0x00000000002062e4                etimer_stop
 .text.process_thread_ctimer_process
                0x0000000000206318       0x80 contiki-cc2538dk.a(ctimer.o)
 .text.ctimer_init
                0x0000000000206398       0x28 contiki-cc2538dk.a(ctimer.o)
                0x0000000000206398                ctimer_init
 .text.ctimer_set_with_process
                0x00000000002063c0       0x44 contiki-cc2538dk.a(ctimer.o)
                0x00000000002063c0                ctimer_set_with_process
 .text.ctimer_set
                0x0000000000206404       0x14 contiki-cc2538dk.a(ctimer.o)
                0x0000000000206404                ctimer_set
 .text.ctimer_reset
                0x0000000000206418       0x38 contiki-cc2538dk.a(ctimer.o)
                0x0000000000206418                ctimer_reset
 .text.ctimer_stop
                0x0000000000206450       0x2c contiki-cc2538dk.a(ctimer.o)
                0x0000000000206450                ctimer_stop
 .text.call_process.part.0
                0x000000000020647c       0x38 contiki-cc2538dk.a(process.o)
 .text.exit_process
                0x00000000002064b4       0x84 contiki-cc2538dk.a(process.o)
 .text.do_poll  0x0000000000206538       0x30 contiki-cc2538dk.a(process.o)
 .text.process_alloc_event
                0x0000000000206568       0x10 contiki-cc2538dk.a(process.o)
                0x0000000000206568                process_alloc_event
 .text.process_init
                0x0000000000206578       0x30 contiki-cc2538dk.a(process.o)
                0x0000000000206578                process_init
 .text.process_run
                0x00000000002065a8       0xb0 contiki-cc2538dk.a(process.o)
                0x00000000002065a8                process_run
 .text.process_nevents
                0x0000000000206658       0x14 contiki-cc2538dk.a(process.o)
                0x0000000000206658                process_nevents
 .text.process_post
                0x000000000020666c       0x44 contiki-cc2538dk.a(process.o)
                0x000000000020666c                process_post
 .text.process_post_synch
                0x00000000002066b0       0x14 contiki-cc2538dk.a(process.o)
                0x00000000002066b0                process_post_synch
 .text.process_start
                0x00000000002066c4       0x30 contiki-cc2538dk.a(process.o)
                0x00000000002066c4                process_start
 .text.process_poll
                0x00000000002066f4       0x18 contiki-cc2538dk.a(process.o)
                0x00000000002066f4                process_poll
 .text.rtimer_run_next
                0x000000000020670c       0x28 contiki-cc2538dk.a(rtimer.o)
                0x000000000020670c                rtimer_run_next
 .text.process_thread_serial_line_process
                0x0000000000206734       0x98 contiki-cc2538dk.a(serial-line.o)
 .text.serial_line_input_byte
                0x00000000002067cc       0x44 contiki-cc2538dk.a(serial-line.o)
                0x00000000002067cc                serial_line_input_byte
 .text.serial_line_init
                0x0000000000206810       0x24 contiki-cc2538dk.a(serial-line.o)
                0x0000000000206810                serial_line_init
 .text.random_rand
                0x0000000000206834       0x24 contiki-cc2538dk.a(random.o)
                0x0000000000206834                random_rand
 .text.random_init
                0x0000000000206858       0x7c contiki-cc2538dk.a(random.o)
                0x0000000000206858                random_init
 .text._xassert
                0x00000000002068d4       0x10 contiki-cc2538dk.a(assert.o)
                0x00000000002068d4                _xassert
 .text.uip_ds6_prefix_add
                0x00000000002068e4       0x60 contiki-cc2538dk.a(uip-ds6.o)
                0x00000000002068e4                uip_ds6_prefix_add
 .text.uip_ds6_is_addr_onlink
                0x0000000000206944       0x40 contiki-cc2538dk.a(uip-ds6.o)
                0x0000000000206944                uip_ds6_is_addr_onlink
 .text.uip_ds6_addr_lookup
                0x0000000000206984       0x2c contiki-cc2538dk.a(uip-ds6.o)
                0x0000000000206984                uip_ds6_addr_lookup
 .text.uip_ds6_get_link_local
                0x00000000002069b0       0x40 contiki-cc2538dk.a(uip-ds6.o)
                0x00000000002069b0                uip_ds6_get_link_local
 .text.uip_ds6_maddr_add
                0x00000000002069f0       0x4c contiki-cc2538dk.a(uip-ds6.o)
                0x00000000002069f0                uip_ds6_maddr_add
 .text.uip_ds6_addr_add
                0x0000000000206a3c       0x98 contiki-cc2538dk.a(uip-ds6.o)
                0x0000000000206a3c                uip_ds6_addr_add
 .text.uip_ds6_maddr_lookup
                0x0000000000206ad4       0x2c contiki-cc2538dk.a(uip-ds6.o)
                0x0000000000206ad4                uip_ds6_maddr_lookup
 .text.uip_ds6_addr_rm
                0x0000000000206b00       0x44 contiki-cc2538dk.a(uip-ds6.o)
                0x0000000000206b00                uip_ds6_addr_rm
 .text.uip_ds6_periodic
                0x0000000000206b44       0x50 contiki-cc2538dk.a(uip-ds6.o)
                0x0000000000206b44                uip_ds6_periodic
 .text.uip_ds6_select_src
                0x0000000000206b94       0x98 contiki-cc2538dk.a(uip-ds6.o)
                0x0000000000206b94                uip_ds6_select_src
 .text.uip_ds6_compute_reachable_time
                0x0000000000206c2c       0x28 contiki-cc2538dk.a(uip-ds6.o)
                0x0000000000206c2c                uip_ds6_compute_reachable_time
 .text.uip_ds6_init
                0x0000000000206c54       0xe0 contiki-cc2538dk.a(uip-ds6.o)
                0x0000000000206c54                uip_ds6_init
 .text.call_route_callback
                0x0000000000206d34       0x48 contiki-cc2538dk.a(uip-ds6-route.o)
 .text.uip_ds6_route_init
                0x0000000000206d7c       0x48 contiki-cc2538dk.a(uip-ds6-route.o)
                0x0000000000206d7c                uip_ds6_route_init
 .text.uip_ds6_route_nexthop
                0x0000000000206dc4       0x1c contiki-cc2538dk.a(uip-ds6-route.o)
                0x0000000000206dc4                uip_ds6_route_nexthop
 .text.uip_ds6_route_head
                0x0000000000206de0        0xc contiki-cc2538dk.a(uip-ds6-route.o)
                0x0000000000206de0                uip_ds6_route_head
 .text.uip_ds6_route_lookup
                0x0000000000206dec       0x64 contiki-cc2538dk.a(uip-ds6-route.o)
                0x0000000000206dec                uip_ds6_route_lookup
 .text.uip_ds6_route_rm
                0x0000000000206e50       0x9c contiki-cc2538dk.a(uip-ds6-route.o)
                0x0000000000206e50                uip_ds6_route_rm
 .text.rm_routelist
                0x0000000000206eec       0x2c contiki-cc2538dk.a(uip-ds6-route.o)
 .text.uip_ds6_route_add
                0x0000000000206f18      0x110 contiki-cc2538dk.a(uip-ds6-route.o)
                0x0000000000206f18                uip_ds6_route_add
 .text.uip_ds6_defrt_rm
                0x0000000000207028       0x44 contiki-cc2538dk.a(uip-ds6-route.o)
                0x0000000000207028                uip_ds6_defrt_rm
 .text.uip_ds6_defrt_lookup
                0x000000000020706c       0x2c contiki-cc2538dk.a(uip-ds6-route.o)
                0x000000000020706c                uip_ds6_defrt_lookup
 .text.uip_ds6_defrt_add
                0x0000000000207098       0x64 contiki-cc2538dk.a(uip-ds6-route.o)
                0x0000000000207098                uip_ds6_defrt_add
 .text.uip_ds6_defrt_choose
                0x00000000002070fc       0x30 contiki-cc2538dk.a(uip-ds6-route.o)
                0x00000000002070fc                uip_ds6_defrt_choose
 .text.uip_ds6_defrt_periodic
                0x000000000020712c       0x30 contiki-cc2538dk.a(uip-ds6-route.o)
                0x000000000020712c                uip_ds6_defrt_periodic
 .text.upper_layer_chksum
                0x000000000020715c       0x54 contiki-cc2538dk.a(uip6.o)
 .text.ext_hdr_options_process
                0x00000000002071b0       0xa8 contiki-cc2538dk.a(uip6.o)
 .text.uip_init
                0x0000000000207258       0x3c contiki-cc2538dk.a(uip6.o)
                0x0000000000207258                uip_init
 .text.remove_ext_hdr
                0x0000000000207294       0x58 contiki-cc2538dk.a(uip6.o)
                0x0000000000207294                remove_ext_hdr
 .text.uip_udp_new
                0x00000000002072ec       0x9c contiki-cc2538dk.a(uip6.o)
                0x00000000002072ec                uip_udp_new
 .text.uip_process
                0x0000000000207388      0x464 contiki-cc2538dk.a(uip6.o)
                0x0000000000207388                uip_process
 .text.uip_ds6_nbr_rm
                0x00000000002077ec       0x20 contiki-cc2538dk.a(uip-ds6-nbr.o)
                0x00000000002077ec                uip_ds6_nbr_rm
 .text.uip_ds6_neighbors_init
                0x000000000020780c       0x14 contiki-cc2538dk.a(uip-ds6-nbr.o)
                0x000000000020780c                uip_ds6_neighbors_init
 .text.uip_ds6_nbr_add
                0x0000000000207820       0x60 contiki-cc2538dk.a(uip-ds6-nbr.o)
                0x0000000000207820                uip_ds6_nbr_add
 .text.uip_ds6_nbr_get_ll
                0x0000000000207880       0x10 contiki-cc2538dk.a(uip-ds6-nbr.o)
                0x0000000000207880                uip_ds6_nbr_get_ll
 .text.uip_ds6_nbr_lookup
                0x0000000000207890       0x38 contiki-cc2538dk.a(uip-ds6-nbr.o)
                0x0000000000207890                uip_ds6_nbr_lookup
 .text.uip_ds6_nbr_ll_lookup
                0x00000000002078c8       0x10 contiki-cc2538dk.a(uip-ds6-nbr.o)
                0x00000000002078c8                uip_ds6_nbr_ll_lookup
 .text.uip_ds6_link_neighbor_callback
                0x00000000002078d8       0x2c contiki-cc2538dk.a(uip-ds6-nbr.o)
                0x00000000002078d8                uip_ds6_link_neighbor_callback
 .text.uip_ds6_neighbor_periodic
                0x0000000000207904      0x110 contiki-cc2538dk.a(uip-ds6-nbr.o)
                0x0000000000207904                uip_ds6_neighbor_periodic
 .text.na_input
                0x0000000000207a14      0x1d0 contiki-cc2538dk.a(uip-nd6.o)
 .text.ns_input
                0x0000000000207be4      0x264 contiki-cc2538dk.a(uip-nd6.o)
 .text.uip_nd6_ns_output
                0x0000000000207e48      0x164 contiki-cc2538dk.a(uip-nd6.o)
                0x0000000000207e48                uip_nd6_ns_output
 .text.uip_nd6_init
                0x0000000000207fac       0x1c contiki-cc2538dk.a(uip-nd6.o)
                0x0000000000207fac                uip_nd6_init
 .text.sicslowpan_init
                0x0000000000207fc8       0x24 contiki-cc2538dk.a(sicslowpan.o)
                0x0000000000207fc8                sicslowpan_init
 .text.set_packet_attrs
                0x0000000000207fec       0x44 contiki-cc2538dk.a(sicslowpan.o)
 .text.compress_addr_64
                0x0000000000208030       0x90 contiki-cc2538dk.a(sicslowpan.o)
 .text.addr_context_lookup_by_prefix
                0x00000000002080c0       0x28 contiki-cc2538dk.a(sicslowpan.o)
 .text.send_packet
                0x00000000002080e8       0x24 contiki-cc2538dk.a(sicslowpan.o)
 .text.packet_sent
                0x000000000020810c       0x28 contiki-cc2538dk.a(sicslowpan.o)
 .text.uncompress_addr
                0x0000000000208134       0x7c contiki-cc2538dk.a(sicslowpan.o)
 .text.output   0x00000000002081b0      0x684 contiki-cc2538dk.a(sicslowpan.o)
 .text.input    0x0000000000208834      0x5fc contiki-cc2538dk.a(sicslowpan.o)
 .text.uip_debug_ipaddr_print
                0x0000000000208e30       0x64 contiki-cc2538dk.a(uip-debug.o)
                0x0000000000208e30                uip_debug_ipaddr_print
 .text.uip_udp_packet_send
                0x0000000000208e94       0x38 contiki-cc2538dk.a(uip-udp-packet.)
                0x0000000000208e94                uip_udp_packet_send
 .text.tcpip_output
                0x0000000000208ecc       0x14 contiki-cc2538dk.a(tcpip.o)
                0x0000000000208ecc                tcpip_output
 .text.tcpip_set_outputfunc
                0x0000000000208ee0        0xc contiki-cc2538dk.a(tcpip.o)
                0x0000000000208ee0                tcpip_set_outputfunc
 .text.udp_new  0x0000000000208eec       0x18 contiki-cc2538dk.a(tcpip.o)
                0x0000000000208eec                udp_new
 .text.tcpip_icmp6_call
                0x0000000000208f04       0x28 contiki-cc2538dk.a(tcpip.o)
                0x0000000000208f04                tcpip_icmp6_call
 .text.tcpip_input
                0x0000000000208f2c       0x24 contiki-cc2538dk.a(tcpip.o)
                0x0000000000208f2c                tcpip_input
 .text.tcpip_ipv6_output
                0x0000000000208f50      0x11c contiki-cc2538dk.a(tcpip.o)
                0x0000000000208f50                tcpip_ipv6_output
 .text.process_thread_tcpip_process
                0x000000000020906c       0xd8 contiki-cc2538dk.a(tcpip.o)
 .text.tcpip_uipcall
                0x0000000000209144       0x2c contiki-cc2538dk.a(tcpip.o)
                0x0000000000209144                tcpip_uipcall
 .text.rpl_set_preferred_parent
                0x0000000000209170       0x28 contiki-cc2538dk.a(rpl-dag.o)
 .text.set_ip_from_prefix
                0x0000000000209198       0x2c contiki-cc2538dk.a(rpl-dag.o)
 .text.find_parent_any_dag_any_instance
                0x00000000002091c4       0x1c contiki-cc2538dk.a(rpl-dag.o)
 .text.rpl_get_nbr
                0x00000000002091e0       0x28 contiki-cc2538dk.a(rpl-dag.o)
                0x00000000002091e0                rpl_get_nbr
 .text.rpl_dag_init
                0x0000000000209208       0x14 contiki-cc2538dk.a(rpl-dag.o)
                0x0000000000209208                rpl_dag_init
 .text.rpl_get_parent
                0x000000000020921c       0x10 contiki-cc2538dk.a(rpl-dag.o)
                0x000000000020921c                rpl_get_parent
 .text.rpl_get_parent_ipaddr
                0x000000000020922c       0x18 contiki-cc2538dk.a(rpl-dag.o)
                0x000000000020922c                rpl_get_parent_ipaddr
 .text.rpl_alloc_instance
                0x0000000000209244       0x34 contiki-cc2538dk.a(rpl-dag.o)
                0x0000000000209244                rpl_alloc_instance
 .text.rpl_add_parent
                0x0000000000209278       0x44 contiki-cc2538dk.a(rpl-dag.o)
                0x0000000000209278                rpl_add_parent
 .text.rpl_select_parent
                0x00000000002092bc       0x6c contiki-cc2538dk.a(rpl-dag.o)
                0x00000000002092bc                rpl_select_parent
 .text.rpl_remove_parent
                0x0000000000209328       0x1c contiki-cc2538dk.a(rpl-dag.o)
                0x0000000000209328                rpl_remove_parent
 .text.remove_parents.constprop.4
                0x0000000000209344       0x2c contiki-cc2538dk.a(rpl-dag.o)
 .text.rpl_get_any_dag
                0x0000000000209370       0x18 contiki-cc2538dk.a(rpl-dag.o)
                0x0000000000209370                rpl_get_any_dag
 .text.rpl_get_instance
                0x0000000000209388       0x20 contiki-cc2538dk.a(rpl-dag.o)
                0x0000000000209388                rpl_get_instance
 .text.rpl_find_of
                0x00000000002093a8       0x14 contiki-cc2538dk.a(rpl-dag.o)
                0x00000000002093a8                rpl_find_of
 .text.rpl_join_instance
                0x00000000002093bc      0x124 contiki-cc2538dk.a(rpl-dag.o)
                0x00000000002093bc                rpl_join_instance
 .text.rpl_local_repair
                0x00000000002094e0       0x5c contiki-cc2538dk.a(rpl-dag.o)
                0x00000000002094e0                rpl_local_repair
 .text.rpl_recalculate_ranks
                0x000000000020953c       0x3c contiki-cc2538dk.a(rpl-dag.o)
                0x000000000020953c                rpl_recalculate_ranks
 .text.new_dio_interval
                0x0000000000209578       0x58 contiki-cc2538dk.a(rpl-timers.o)
 .text.handle_periodic_timer
                0x00000000002095d0       0x38 contiki-cc2538dk.a(rpl-timers.o)
 .text.set_dao_lifetime_timer
                0x0000000000209608       0x3c contiki-cc2538dk.a(rpl-timers.o)
 .text.handle_dio_timer
                0x0000000000209644       0x80 contiki-cc2538dk.a(rpl-timers.o)
 .text.schedule_dao
                0x00000000002096c4       0x54 contiki-cc2538dk.a(rpl-timers.o)
 .text.handle_dao_timer
                0x0000000000209718       0x58 contiki-cc2538dk.a(rpl-timers.o)
 .text.rpl_reset_periodic_timer
                0x0000000000209770       0x34 contiki-cc2538dk.a(rpl-timers.o)
                0x0000000000209770                rpl_reset_periodic_timer
 .text.rpl_schedule_probing
                0x00000000002097a4       0x30 contiki-cc2538dk.a(rpl-timers.o)
                0x00000000002097a4                rpl_schedule_probing
 .text.handle_probing_timer
                0x00000000002097d4       0xd4 contiki-cc2538dk.a(rpl-timers.o)
 .text.rpl_verify_header
                0x00000000002098a8       0x98 contiki-cc2538dk.a(rpl-ext-header.)
                0x00000000002098a8                rpl_verify_header
 .text.rpl_update_header_empty
                0x0000000000209940      0x138 contiki-cc2538dk.a(rpl-ext-header.)
                0x0000000000209940                rpl_update_header_empty
 .text.rpl_update_header_final
                0x0000000000209a78       0x84 contiki-cc2538dk.a(rpl-ext-header.)
                0x0000000000209a78                rpl_update_header_final
 .text.rpl_invert_header
                0x0000000000209afc       0x68 contiki-cc2538dk.a(rpl-ext-header.)
                0x0000000000209afc                rpl_invert_header
 .text.rpl_insert_header
                0x0000000000209b64       0x1c contiki-cc2538dk.a(rpl-ext-header.)
                0x0000000000209b64                rpl_insert_header
 .text.rpl_get_mode
                0x0000000000209b80        0xc contiki-cc2538dk.a(rpl.o)
                0x0000000000209b80                rpl_get_mode
 .text.rpl_purge_routes
                0x0000000000209b8c       0x64 contiki-cc2538dk.a(rpl.o)
                0x0000000000209b8c                rpl_purge_routes
 .text.rpl_link_neighbor_callback
                0x0000000000209bf0       0x70 contiki-cc2538dk.a(rpl.o)
                0x0000000000209bf0                rpl_link_neighbor_callback
 .text.rpl_ipv6_neighbor_callback
                0x0000000000209c60       0x28 contiki-cc2538dk.a(rpl.o)
                0x0000000000209c60                rpl_ipv6_neighbor_callback
 .text.rpl_init
                0x0000000000209c88       0x58 contiki-cc2538dk.a(rpl.o)
                0x0000000000209c88                rpl_init
 .text.queuebuf_init
                0x0000000000209ce0       0x1c contiki-cc2538dk.a(queuebuf.o)
                0x0000000000209ce0                queuebuf_init
 .text.queuebuf_numfree
                0x0000000000209cfc        0xc contiki-cc2538dk.a(queuebuf.o)
                0x0000000000209cfc                queuebuf_numfree
 .text.queuebuf_new_from_packetbuf
                0x0000000000209d08       0x44 contiki-cc2538dk.a(queuebuf.o)
                0x0000000000209d08                queuebuf_new_from_packetbuf
 .text.queuebuf_free
                0x0000000000209d4c       0x2c contiki-cc2538dk.a(queuebuf.o)
                0x0000000000209d4c                queuebuf_free
 .text.queuebuf_to_packetbuf
                0x0000000000209d78       0x30 contiki-cc2538dk.a(queuebuf.o)
                0x0000000000209d78                queuebuf_to_packetbuf
 .text.index_from_key
                0x0000000000209da8       0x20 contiki-cc2538dk.a(nbr-table.o)
 .text.index_from_lladdr
                0x0000000000209dc8       0x40 contiki-cc2538dk.a(nbr-table.o)
 .text.key_from_item
                0x0000000000209e08       0x2c contiki-cc2538dk.a(nbr-table.o)
 .text.nbr_get_bit.constprop.0
                0x0000000000209e34       0x30 contiki-cc2538dk.a(nbr-table.o)
 .text.nbr_table_register
                0x0000000000209e64       0x28 contiki-cc2538dk.a(nbr-table.o)
                0x0000000000209e64                nbr_table_register
 .text.nbr_table_head
                0x0000000000209e8c       0x34 contiki-cc2538dk.a(nbr-table.o)
                0x0000000000209e8c                nbr_table_head
 .text.nbr_table_add_lladdr
                0x0000000000209ec0      0x118 contiki-cc2538dk.a(nbr-table.o)
                0x0000000000209ec0                nbr_table_add_lladdr
 .text.nbr_table_remove
                0x0000000000209fd8       0x2c contiki-cc2538dk.a(nbr-table.o)
                0x0000000000209fd8                nbr_table_remove
 .text.nbr_table_lock
                0x000000000020a004       0x14 contiki-cc2538dk.a(nbr-table.o)
                0x000000000020a004                nbr_table_lock
 .text.nbr_table_unlock
                0x000000000020a018       0x14 contiki-cc2538dk.a(nbr-table.o)
                0x000000000020a018                nbr_table_unlock
 .text.packetbuf_compact
                0x000000000020a02c       0x34 contiki-cc2538dk.a(packetbuf.o)
                0x000000000020a02c                packetbuf_compact
 .text.packetbuf_copyto
                0x000000000020a060       0x50 contiki-cc2538dk.a(packetbuf.o)
                0x000000000020a060                packetbuf_copyto
 .text.packetbuf_hdrreduce
                0x000000000020a0b0       0x28 contiki-cc2538dk.a(packetbuf.o)
                0x000000000020a0b0                packetbuf_hdrreduce
 .text.packetbuf_set_datalen
                0x000000000020a0d8        0xc contiki-cc2538dk.a(packetbuf.o)
                0x000000000020a0d8                packetbuf_set_datalen
 .text.packetbuf_dataptr
                0x000000000020a0e4       0x14 contiki-cc2538dk.a(packetbuf.o)
                0x000000000020a0e4                packetbuf_dataptr
 .text.packetbuf_hdrptr
                0x000000000020a0f8       0x14 contiki-cc2538dk.a(packetbuf.o)
                0x000000000020a0f8                packetbuf_hdrptr
 .text.packetbuf_datalen
                0x000000000020a10c        0xc contiki-cc2538dk.a(packetbuf.o)
                0x000000000020a10c                packetbuf_datalen
 .text.packetbuf_hdrlen
                0x000000000020a118       0x1c contiki-cc2538dk.a(packetbuf.o)
                0x000000000020a118                packetbuf_hdrlen
 .text.packetbuf_totlen
                0x000000000020a134       0x14 contiki-cc2538dk.a(packetbuf.o)
                0x000000000020a134                packetbuf_totlen
 .text.packetbuf_hdralloc
                0x000000000020a148       0x28 contiki-cc2538dk.a(packetbuf.o)
                0x000000000020a148                packetbuf_hdralloc
 .text.packetbuf_attr_clear
                0x000000000020a170       0x34 contiki-cc2538dk.a(packetbuf.o)
                0x000000000020a170                packetbuf_attr_clear
 .text.packetbuf_clear
                0x000000000020a1a4       0x30 contiki-cc2538dk.a(packetbuf.o)
                0x000000000020a1a4                packetbuf_clear
 .text.packetbuf_copyfrom
                0x000000000020a1d4       0x2c contiki-cc2538dk.a(packetbuf.o)
                0x000000000020a1d4                packetbuf_copyfrom
 .text.packetbuf_attr_copyto
                0x000000000020a200       0x34 contiki-cc2538dk.a(packetbuf.o)
                0x000000000020a200                packetbuf_attr_copyto
 .text.packetbuf_attr_copyfrom
                0x000000000020a234       0x34 contiki-cc2538dk.a(packetbuf.o)
                0x000000000020a234                packetbuf_attr_copyfrom
 .text.packetbuf_set_attr
                0x000000000020a268       0x10 contiki-cc2538dk.a(packetbuf.o)
                0x000000000020a268                packetbuf_set_attr
 .text.packetbuf_attr
                0x000000000020a278        0xc contiki-cc2538dk.a(packetbuf.o)
                0x000000000020a278                packetbuf_attr
 .text.packetbuf_set_addr
                0x000000000020a284       0x18 contiki-cc2538dk.a(packetbuf.o)
                0x000000000020a284                packetbuf_set_addr
 .text.packetbuf_addr
                0x000000000020a29c       0x10 contiki-cc2538dk.a(packetbuf.o)
                0x000000000020a29c                packetbuf_addr
 .text.packetbuf_holds_broadcast
                0x000000000020a2ac       0x10 contiki-cc2538dk.a(packetbuf.o)
                0x000000000020a2ac                packetbuf_holds_broadcast
 .text.netstack_init
                0x000000000020a2bc       0x2c contiki-cc2538dk.a(netstack.o)
                0x000000000020a2bc                netstack_init
 .text.send_packet
                0x000000000020a2e8       0x10 contiki-cc2538dk.a(nullmac.o)
 .text.packet_input
                0x000000000020a2f8       0x10 contiki-cc2538dk.a(nullmac.o)
 .text.on       0x000000000020a308       0x10 contiki-cc2538dk.a(nullmac.o)
 .text.off      0x000000000020a318       0x10 contiki-cc2538dk.a(nullmac.o)
 .text.create_frame.isra.0
                0x000000000020a328      0x110 contiki-cc2538dk.a(framer-802154.o)
 .text.frame802154_parse
                0x000000000020a438      0x114 contiki-cc2538dk.a(frame802154.o)
                0x000000000020a438                frame802154_parse
 .text.framer_canonical_create_and_secure
                0x000000000020a54c       0x30 contiki-cc2538dk.a(framer.o)
                0x000000000020a54c                framer_canonical_create_and_secure
 .text.on       0x000000000020a57c       0x10 contiki-cc2538dk.a(nullrdc.o)
 .text.send_one_packet
                0x000000000020a58c      0x118 contiki-cc2538dk.a(nullrdc.o)
 .text.off      0x000000000020a6a4       0x14 contiki-cc2538dk.a(nullrdc.o)
 .text.packet_input
                0x000000000020a6b8       0x4c contiki-cc2538dk.a(nullrdc.o)
 .text.input    0x000000000020a704       0x10 contiki-cc2538dk.a(nullsec.o)
 .text.send     0x000000000020a714       0x20 contiki-cc2538dk.a(nullsec.o)
 .text.leds_init
                0x000000000020a734       0x14 contiki-cc2538dk.a(leds.o)
                0x000000000020a734                leds_init
 .text.leds_on  0x000000000020a748       0x10 contiki-cc2538dk.a(leds.o)
                0x000000000020a748                leds_on
 .text.leds_off
                0x000000000020a758       0x14 contiki-cc2538dk.a(leds.o)
                0x000000000020a758                leds_off
 .text.leds_arch_init
                0x000000000020a76c       0x10 contiki-cc2538dk.a(leds-arch.o)
                0x000000000020a76c                leds_arch_init
 .text.leds_arch_set
                0x000000000020a77c        0xc contiki-cc2538dk.a(leds-arch.o)
                0x000000000020a77c                leds_arch_set
 .text.stimer_expired
                0x000000000020a788       0x20 contiki-cc2538dk.a(stimer.o)
                0x000000000020a788                stimer_expired
 .text.echo_reply_input
                0x000000000020a7a8       0xcc contiki-cc2538dk.a(uip-icmp6.o)
 .text.echo_request_input
                0x000000000020a874      0x100 contiki-cc2538dk.a(uip-icmp6.o)
 .text.uip_icmp6_input
                0x000000000020a974       0x38 contiki-cc2538dk.a(uip-icmp6.o)
                0x000000000020a974                uip_icmp6_input
 .text.uip_icmp6_register_input_handler
                0x000000000020a9ac        0xc contiki-cc2538dk.a(uip-icmp6.o)
                0x000000000020a9ac                uip_icmp6_register_input_handler
 .text.uip_icmp6_error_output
                0x000000000020a9b8      0x148 contiki-cc2538dk.a(uip-icmp6.o)
                0x000000000020a9b8                uip_icmp6_error_output
 .text.uip_icmp6_send
                0x000000000020ab00       0x90 contiki-cc2538dk.a(uip-icmp6.o)
                0x000000000020ab00                uip_icmp6_send
 .text.uip_icmp6_init
                0x000000000020ab90       0x1c contiki-cc2538dk.a(uip-icmp6.o)
                0x000000000020ab90                uip_icmp6_init
 .text.dao_ack_input
                0x000000000020abac       0x14 contiki-cc2538dk.a(rpl-icmp6.o)
 .text.dio_input
                0x000000000020abc0      0x280 contiki-cc2538dk.a(rpl-icmp6.o)
 .text.dis_output
                0x000000000020ae40       0x54 contiki-cc2538dk.a(rpl-icmp6.o)
                0x000000000020ae40                dis_output
 .text.dio_output
                0x000000000020ae94      0x20c contiki-cc2538dk.a(rpl-icmp6.o)
                0x000000000020ae94                dio_output
 .text.dis_input
                0x000000000020b0a0       0x3c contiki-cc2538dk.a(rpl-icmp6.o)
 .text.dao_output_target
                0x000000000020b0dc       0xe4 contiki-cc2538dk.a(rpl-icmp6.o)
                0x000000000020b0dc                dao_output_target
 .text.dao_output
                0x000000000020b1c0       0x60 contiki-cc2538dk.a(rpl-icmp6.o)
                0x000000000020b1c0                dao_output
 .text.dao_ack_output
                0x000000000020b220       0x34 contiki-cc2538dk.a(rpl-icmp6.o)
                0x000000000020b220                dao_ack_output
 .text.dao_input
                0x000000000020b254      0x1e8 contiki-cc2538dk.a(rpl-icmp6.o)
 .text.rpl_icmp6_register_handlers
                0x000000000020b43c       0x30 contiki-cc2538dk.a(rpl-icmp6.o)
                0x000000000020b43c                rpl_icmp6_register_handlers
 .text.mac_sequence_is_duplicate
                0x000000000020b46c       0x38 contiki-cc2538dk.a(mac-sequence.o)
                0x000000000020b46c                mac_sequence_is_duplicate
 .text.mac_sequence_register_seqno
                0x000000000020b4a4       0x68 contiki-cc2538dk.a(mac-sequence.o)
                0x000000000020b4a4                mac_sequence_register_seqno
 .text          0x000000000020b50c       0x2c /usr/lib/gcc/arm-none-eabi/4.8/armv7-m/libgcc.a(_aeabi_uldivmod.o)
                0x000000000020b50c                __aeabi_uldivmod
 .text          0x000000000020b538       0x60 /usr/lib/gcc/arm-none-eabi/4.8/armv7-m/libgcc.a(bpabi.o)
                0x000000000020b538                __gnu_ldivmod_helper
                0x000000000020b568                __gnu_uldivmod_helper
 .text          0x000000000020b598        0x4 /usr/lib/gcc/arm-none-eabi/4.8/armv7-m/libgcc.a(_dvmd_tls.o)
                0x000000000020b598                __aeabi_ldiv0
                0x000000000020b598                __aeabi_idiv0
 .text          0x000000000020b59c      0x2a0 /usr/lib/gcc/arm-none-eabi/4.8/armv7-m/libgcc.a(_divdi3.o)
                0x000000000020b59c                __divdi3
 .text          0x000000000020b83c      0x290 /usr/lib/gcc/arm-none-eabi/4.8/armv7-m/libgcc.a(_udivdi3.o)
                0x000000000020b83c                __udivdi3
 .text.memcmp   0x000000000020bacc       0x68 /usr/lib/gcc/arm-none-eabi/4.8/../../../arm-none-eabi/lib/armv7-m/libc.a(lib_a-memcmp.o)
                0x000000000020bacc                memcmp
 .text          0x000000000020bb34       0xec /usr/lib/gcc/arm-none-eabi/4.8/../../../arm-none-eabi/lib/armv7-m/libc.a(lib_a-memcpy.o)
                0x000000000020bb34                memcpy
 .text.memmove  0x000000000020bc20       0xcc /usr/lib/gcc/arm-none-eabi/4.8/../../../arm-none-eabi/lib/armv7-m/libc.a(lib_a-memmove.o)
                0x000000000020bc20                memmove
 .text.memset   0x000000000020bcec       0x94 /usr/lib/gcc/arm-none-eabi/4.8/../../../arm-none-eabi/lib/armv7-m/libc.a(lib_a-memset.o)
                0x000000000020bcec                memset
 .text.strlen   0x000000000020bd80       0x5c /usr/lib/gcc/arm-none-eabi/4.8/../../../arm-none-eabi/lib/armv7-m/libc.a(lib_a-strlen.o)
                0x000000000020bd80                strlen
 .text.default_handler
                0x000000000020bddc        0x2 obj_cc2538dk/startup-gcc.o
                0x000000000020bddc                default_handler
                0x000000000020bddc                usb_isr
 .text.nmi_handler
                0x000000000020bdde        0x6 obj_cc2538dk/startup-gcc.o
                0x000000000020bdde                nmi_handler
 .text.verify_ecdsa_key
                0x000000000020bde4        0x4 dtls-client.co
 .text.read_from_peer
                0x000000000020bde8       0x18 dtls-client.co
 .text.is_ecdsa_client_auth_supported
                0x000000000020be00       0x18 contiki-cc2538dk.a(dtls.o)
 .text.dtls_prng
                0x000000000020be18       0x3c contiki-cc2538dk.a(dtls.o)
 .text.dtls_add_ecdsa_signature_elem
                0x000000000020be54       0x58 contiki-cc2538dk.a(dtls.o)
 .text.dtls_send
                0x000000000020beac       0x22 contiki-cc2538dk.a(dtls.o)
 .text.dtls_stop_retransmission.isra.13
                0x000000000020bece       0x40 contiki-cc2538dk.a(dtls.o)
 .text.known_cipher
                0x000000000020bf0e       0x42 contiki-cc2538dk.a(dtls.o)
 .text.dtls_send_handshake_msg
                0x000000000020bf50       0x1c contiki-cc2538dk.a(dtls.o)
 .text.dtls_init
                0x000000000020bf6c       0x16 contiki-cc2538dk.a(dtls.o)
                0x000000000020bf6c                dtls_init
 .text.dtls_get_peer
                0x000000000020bf82       0x24 contiki-cc2538dk.a(dtls.o)
                0x000000000020bf82                dtls_get_peer
 .text.dtls_alert_send_from_err
                0x000000000020bfa6       0x70 contiki-cc2538dk.a(dtls.o)
 .text.dtls_close
                0x000000000020c016       0x36 contiki-cc2538dk.a(dtls.o)
                0x000000000020c016                dtls_close
 .text.dtls_free_context
                0x000000000020c04c       0x24 contiki-cc2538dk.a(dtls.o)
                0x000000000020c04c                dtls_free_context
 .text.dtls_write
                0x000000000020c070       0x3a contiki-cc2538dk.a(dtls.o)
                0x000000000020c070                dtls_write
 .text.dtls_ec_key_to_uint32
                0x000000000020c0aa       0x34 contiki-cc2538dk.a(tinycrypto.o)
 .text.dtls_prng
                0x000000000020c0de       0x3c contiki-cc2538dk.a(tinycrypto.o)
 .text.dtls_ec_key_from_uint32
                0x000000000020c11a       0x2e contiki-cc2538dk.a(tinycrypto.o)
 .text.dtls_p_hash
                0x000000000020c148      0x146 contiki-cc2538dk.a(tinycrypto.o)
                0x000000000020c148                dtls_p_hash
 .text.dtls_prf
                0x000000000020c28e       0x44 contiki-cc2538dk.a(tinycrypto.o)
                0x000000000020c28e                dtls_prf
 .text.dtls_psk_pre_master_secret
                0x000000000020c2d2       0x44 contiki-cc2538dk.a(tinycrypto.o)
                0x000000000020c2d2                dtls_psk_pre_master_secret
 .text.dtls_ec_key_from_uint32_asn1
                0x000000000020c316       0xa2 contiki-cc2538dk.a(tinycrypto.o)
                0x000000000020c316                dtls_ec_key_from_uint32_asn1
 .text.dtls_ecdh_pre_master_secret
                0x000000000020c3b8       0x52 contiki-cc2538dk.a(tinycrypto.o)
                0x000000000020c3b8                dtls_ecdh_pre_master_secret
 .text.dtls_ecdsa_create_sig_hash
                0x000000000020c40a       0x40 contiki-cc2538dk.a(tinycrypto.o)
                0x000000000020c40a                dtls_ecdsa_create_sig_hash
 .text.dtls_ecdsa_create_sig
                0x000000000020c44a       0x50 contiki-cc2538dk.a(tinycrypto.o)
                0x000000000020c44a                dtls_ecdsa_create_sig
 .text.dtls_ecdsa_verify_sig_hash
                0x000000000020c49a       0x4e contiki-cc2538dk.a(tinycrypto.o)
                0x000000000020c49a                dtls_ecdsa_verify_sig_hash
 .text.dtls_ecdsa_verify_sig
                0x000000000020c4e8       0x54 contiki-cc2538dk.a(tinycrypto.o)
                0x000000000020c4e8                dtls_ecdsa_verify_sig
 .text.rijndael_set_key_enc_only
                0x000000000020c53c       0x18 contiki-cc2538dk.a(rijndael.o)
                0x000000000020c53c                rijndael_set_key_enc_only
 .text.rijndael_encrypt
                0x000000000020c554       0x16 contiki-cc2538dk.a(rijndael.o)
                0x000000000020c554                rijndael_encrypt
 .text.memxor   0x000000000020c56a       0x16 contiki-cc2538dk.a(tinyccm.o)
 .text.block0   0x000000000020c580       0x42 contiki-cc2538dk.a(tinyccm.o)
 .text.mac      0x000000000020c5c2       0x22 contiki-cc2538dk.a(tinyccm.o)
 .text.dtls_ccm_encrypt_message
                0x000000000020c5e4      0x12c contiki-cc2538dk.a(tinyccm.o)
                0x000000000020c5e4                dtls_ccm_encrypt_message
 .text.dtls_ccm_decrypt_message
                0x000000000020c710      0x142 contiki-cc2538dk.a(tinyccm.o)
                0x000000000020c710                dtls_ccm_decrypt_message
 .text.netq_head
                0x000000000020c852        0x8 contiki-cc2538dk.a(netq.o)
                0x000000000020c852                netq_head
 .text.netq_next
                0x000000000020c85a        0x8 contiki-cc2538dk.a(netq.o)
                0x000000000020c85a                netq_next
 .text.netq_remove
                0x000000000020c862        0xa contiki-cc2538dk.a(netq.o)
                0x000000000020c862                netq_remove
 .text.add      0x000000000020c86c       0x42 contiki-cc2538dk.a(ecc.o)
 .text.sub      0x000000000020c8ae       0x3c contiki-cc2538dk.a(ecc.o)
 .text.rshiftby
                0x000000000020c8ea       0x32 contiki-cc2538dk.a(ecc.o)
 .text.isGreater
                0x000000000020c91c       0x38 contiki-cc2538dk.a(ecc.o)
 .text.isOne    0x000000000020c954       0x1c contiki-cc2538dk.a(ecc.o)
 .text.isZero   0x000000000020c970       0x1c contiki-cc2538dk.a(ecc.o)
 .text.rshift   0x000000000020c98c       0x20 contiki-cc2538dk.a(ecc.o)
 .text.setZero  0x000000000020c9ac        0x8 contiki-cc2538dk.a(ecc.o)
 .text.fieldMult
                0x000000000020c9b4       0xc2 contiki-cc2538dk.a(ecc.o)
 .text.fieldAddAndDivide
                0x000000000020ca76       0x62 contiki-cc2538dk.a(ecc.o)
 .text.fieldSub
                0x000000000020cad8       0x44 contiki-cc2538dk.a(ecc.o)
 .text.fieldInv
                0x000000000020cb1c      0x19a contiki-cc2538dk.a(ecc.o)
 .text.ecc_ec_mult
                0x000000000020ccb6       0xda contiki-cc2538dk.a(ecc.o)
                0x000000000020ccb6                ecc_ec_mult
 .text.dtls_ticks
                0x000000000020cd90        0xc contiki-cc2538dk.a(dtls_time.o)
                0x000000000020cd90                dtls_ticks
 .text.fade     0x000000000020cd9c       0x54 contiki-cc2538dk.a(contiki-main.o)
 .text.config   0x000000000020cdf0       0x40 contiki-cc2538dk.a(button-sensor.o)
 .text.status   0x000000000020ce30        0x4 contiki-cc2538dk.a(als-sensor.o)
 .text.clock_isr
                0x000000000020ce34        0x4 contiki-cc2538dk.a(clock.o)
                0x000000000020ce34                clock_isr
 .text.rtimer_arch_init
                0x000000000020ce38        0x2 contiki-cc2538dk.a(rtimer-arch.o)
                0x000000000020ce38                rtimer_arch_init
 .text.uart0_isr
                0x000000000020ce3a        0x6 contiki-cc2538dk.a(uart.o)
                0x000000000020ce3a                uart0_isr
 .text.uart1_isr
                0x000000000020ce40        0x6 contiki-cc2538dk.a(uart.o)
                0x000000000020ce40                uart1_isr
 .text.cpu_cpsie
                0x000000000020ce46        0x8 contiki-cc2538dk.a(cpu.o)
                0x000000000020ce46                cpu_cpsie
 .text.cpu_cpsid
                0x000000000020ce4e        0x8 contiki-cc2538dk.a(cpu.o)
                0x000000000020ce4e                cpu_cpsid
 .text.gpio_port_a_isr
                0x000000000020ce56        0x6 contiki-cc2538dk.a(gpio.o)
                0x000000000020ce56                gpio_port_a_isr
 .text.gpio_port_b_isr
                0x000000000020ce5c        0x6 contiki-cc2538dk.a(gpio.o)
                0x000000000020ce5c                gpio_port_b_isr
 .text.gpio_port_c_isr
                0x000000000020ce62        0x6 contiki-cc2538dk.a(gpio.o)
                0x000000000020ce62                gpio_port_c_isr
 .text.gpio_port_d_isr
                0x000000000020ce68        0x6 contiki-cc2538dk.a(gpio.o)
                0x000000000020ce68                gpio_port_d_isr
 .text.send     0x000000000020ce6e       0x12 contiki-cc2538dk.a(cc2538-rf.o)
 .text.putchar  0x000000000020ce80       0x10 contiki-cc2538dk.a(dbg.o)
                0x000000000020ce80                putchar
 .text.dbg_send_bytes
                0x000000000020ce90       0x22 contiki-cc2538dk.a(dbg.o)
                0x000000000020ce90                dbg_send_bytes
 .text.puts     0x000000000020ceb2       0x20 contiki-cc2538dk.a(dbg.o)
                0x000000000020ceb2                puts
 .text.configure
                0x000000000020ced2        0x4 contiki-cc2538dk.a(cc2538-temp-sen)
 .text.status   0x000000000020ced6        0x4 contiki-cc2538dk.a(cc2538-temp-sen)
 .text.value    0x000000000020ceda       0x34 contiki-cc2538dk.a(cc2538-temp-sen)
 .text.configure
                0x000000000020cf0e        0x4 contiki-cc2538dk.a(vdd3-sensor.o)
 .text.status   0x000000000020cf12        0x4 contiki-cc2538dk.a(vdd3-sensor.o)
 .text.value    0x000000000020cf16       0x2a contiki-cc2538dk.a(vdd3-sensor.o)
 .text.write_str
                0x000000000020cf40       0x10 contiki-cc2538dk.a(dbg-printf.o)
 .text.buffer_str
                0x000000000020cf50       0x16 contiki-cc2538dk.a(dbg-sprintf.o)
 .text.autostart_start
                0x000000000020cf66       0x14 contiki-cc2538dk.a(autostart.o)
                0x000000000020cf66                autostart_start
 .text.energest_init
                0x000000000020cf7a        0x2 contiki-cc2538dk.a(energest.o)
                0x000000000020cf7a                energest_init
 .text.etimer_set
                0x000000000020cf7c       0x12 contiki-cc2538dk.a(etimer.o)
                0x000000000020cf7c                etimer_set
 .text.etimer_reset
                0x000000000020cf8e       0x12 contiki-cc2538dk.a(etimer.o)
                0x000000000020cf8e                etimer_reset
 .text.etimer_expired
                0x000000000020cfa0        0xc contiki-cc2538dk.a(etimer.o)
                0x000000000020cfa0                etimer_expired
 .text.etimer_expiration_time
                0x000000000020cfac        0x6 contiki-cc2538dk.a(etimer.o)
                0x000000000020cfac                etimer_expiration_time
 .text.call_process
                0x000000000020cfb2        0xc contiki-cc2538dk.a(process.o)
 .text.rtimer_init
                0x000000000020cfbe        0x4 contiki-cc2538dk.a(rtimer.o)
                0x000000000020cfbe                rtimer_init
 .text.timer_set
                0x000000000020cfc2        0xe contiki-cc2538dk.a(timer.o)
                0x000000000020cfc2                timer_set
 .text.timer_reset
                0x000000000020cfd0        0xa contiki-cc2538dk.a(timer.o)
                0x000000000020cfd0                timer_reset
 .text.timer_expired
                0x000000000020cfda       0x1c contiki-cc2538dk.a(timer.o)
                0x000000000020cfda                timer_expired
 .text.list_init
                0x000000000020cff6        0x6 contiki-cc2538dk.a(list.o)
                0x000000000020cff6                list_init
 .text.list_head
                0x000000000020cffc        0x4 contiki-cc2538dk.a(list.o)
                0x000000000020cffc                list_head
 .text.list_tail
                0x000000000020d000        0xe contiki-cc2538dk.a(list.o)
                0x000000000020d000                list_tail
 .text.list_pop
                0x000000000020d00e        0xc contiki-cc2538dk.a(list.o)
                0x000000000020d00e                list_pop
 .text.list_remove
                0x000000000020d01a       0x28 contiki-cc2538dk.a(list.o)
                0x000000000020d01a                list_remove
 .text.list_add
                0x000000000020d042       0x1e contiki-cc2538dk.a(list.o)
                0x000000000020d042                list_add
 .text.list_push
                0x000000000020d060       0x12 contiki-cc2538dk.a(list.o)
                0x000000000020d060                list_push
 .text.list_length
                0x000000000020d072        0xe contiki-cc2538dk.a(list.o)
                0x000000000020d072                list_length
 .text.list_insert
                0x000000000020d080       0x10 contiki-cc2538dk.a(list.o)
                0x000000000020d080                list_insert
 .text.list_item_next
                0x000000000020d090        0x6 contiki-cc2538dk.a(list.o)
                0x000000000020d090                list_item_next
 .text.memb_init
                0x000000000020d096       0x20 contiki-cc2538dk.a(memb.o)
                0x000000000020d096                memb_init
 .text.memb_alloc
                0x000000000020d0b6       0x28 contiki-cc2538dk.a(memb.o)
                0x000000000020d0b6                memb_alloc
 .text.memb_free
                0x000000000020d0de       0x2c contiki-cc2538dk.a(memb.o)
                0x000000000020d0de                memb_free
 .text.memb_inmemb
                0x000000000020d10a       0x1c contiki-cc2538dk.a(memb.o)
                0x000000000020d10a                memb_inmemb
 .text.memb_numfree
                0x000000000020d126       0x1c contiki-cc2538dk.a(memb.o)
                0x000000000020d126                memb_numfree
 .text.ringbuf_init
                0x000000000020d142        0xe contiki-cc2538dk.a(ringbuf.o)
                0x000000000020d142                ringbuf_init
 .text.ringbuf_put
                0x000000000020d150       0x26 contiki-cc2538dk.a(ringbuf.o)
                0x000000000020d150                ringbuf_put
 .text.ringbuf_get
                0x000000000020d176       0x20 contiki-cc2538dk.a(ringbuf.o)
                0x000000000020d176                ringbuf_get
 .text.uip_ds6_list_loop
                0x000000000020d196       0x4a contiki-cc2538dk.a(uip-ds6.o)
                0x000000000020d196                uip_ds6_list_loop
 .text.uip_ds6_maddr_rm
                0x000000000020d1e0        0x8 contiki-cc2538dk.a(uip-ds6.o)
                0x000000000020d1e0                uip_ds6_maddr_rm
 .text.uip_ds6_set_addr_iid
                0x000000000020d1e8       0x12 contiki-cc2538dk.a(uip-ds6.o)
                0x000000000020d1e8                uip_ds6_set_addr_iid
 .text.get_match_length
                0x000000000020d1fa       0x36 contiki-cc2538dk.a(uip-ds6.o)
                0x000000000020d1fa                get_match_length
 .text.uip_ds6_route_next
                0x000000000020d230        0x8 contiki-cc2538dk.a(uip-ds6-route.o)
                0x000000000020d230                uip_ds6_route_next
 .text.rm_routelist_callback
                0x000000000020d238        0x4 contiki-cc2538dk.a(uip-ds6-route.o)
 .text.chksum   0x000000000020d23c       0x38 contiki-cc2538dk.a(uip6.o)
 .text.uip_icmp6chksum
                0x000000000020d274        0x6 contiki-cc2538dk.a(uip6.o)
                0x000000000020d274                uip_icmp6chksum
 .text.uip_udpchksum
                0x000000000020d27a        0x6 contiki-cc2538dk.a(uip6.o)
                0x000000000020d27a                uip_udpchksum
 .text.uip_htons
                0x000000000020d280        0x6 contiki-cc2538dk.a(uip6.o)
                0x000000000020d280                uip_htons
 .text.uip_htonl
                0x000000000020d286       0x14 contiki-cc2538dk.a(uip6.o)
                0x000000000020d286                uip_htonl
 .text.uip_ds6_nbr_ipaddr_from_lladdr
                0x000000000020d29a        0x4 contiki-cc2538dk.a(uip-ds6-nbr.o)
                0x000000000020d29a                uip_ds6_nbr_ipaddr_from_lladdr
 .text.uip_ds6_nbr_lladdr_from_ipaddr
                0x000000000020d29e       0x12 contiki-cc2538dk.a(uip-ds6-nbr.o)
                0x000000000020d29e                uip_ds6_nbr_lladdr_from_ipaddr
 .text.lollipop_greater_than
                0x000000000020d2b0       0x34 contiki-cc2538dk.a(rpl-dag.o)
 .text.check_prefix
                0x000000000020d2e4       0x58 contiki-cc2538dk.a(rpl-dag.o)
 .text.rpl_set_prefix
                0x000000000020d33c       0x6e contiki-cc2538dk.a(rpl-dag.o)
                0x000000000020d33c                rpl_set_prefix
 .text.rpl_set_default_route
                0x000000000020d3aa       0x42 contiki-cc2538dk.a(rpl-dag.o)
                0x000000000020d3aa                rpl_set_default_route
 .text.rpl_find_parent
                0x000000000020d3ec       0x16 contiki-cc2538dk.a(rpl-dag.o)
                0x000000000020d3ec                rpl_find_parent
 .text.rpl_find_parent_any_dag
                0x000000000020d402       0x24 contiki-cc2538dk.a(rpl-dag.o)
                0x000000000020d402                rpl_find_parent_any_dag
 .text.rpl_select_dag
                0x000000000020d426      0x152 contiki-cc2538dk.a(rpl-dag.o)
                0x000000000020d426                rpl_select_dag
 .text.rpl_nullify_parent
                0x000000000020d578       0x48 contiki-cc2538dk.a(rpl-dag.o)
                0x000000000020d578                rpl_nullify_parent
 .text.nbr_callback
                0x000000000020d5c0        0x4 contiki-cc2538dk.a(rpl-dag.o)
 .text.rpl_move_parent
                0x000000000020d5c4       0x48 contiki-cc2538dk.a(rpl-dag.o)
                0x000000000020d5c4                rpl_move_parent
 .text.rpl_repair_root
                0x000000000020d60c       0x48 contiki-cc2538dk.a(rpl-dag.o)
                0x000000000020d60c                rpl_repair_root
 .text.rpl_alloc_dag
                0x000000000020d654       0x48 contiki-cc2538dk.a(rpl-dag.o)
                0x000000000020d654                rpl_alloc_dag
 .text.rpl_process_parent_event
                0x000000000020d69c       0x60 contiki-cc2538dk.a(rpl-dag.o)
                0x000000000020d69c                rpl_process_parent_event
 .text.rpl_add_dag
                0x000000000020d6fc      0x100 contiki-cc2538dk.a(rpl-dag.o)
                0x000000000020d6fc                rpl_add_dag
 .text.rpl_process_dio
                0x000000000020d7fc      0x29e contiki-cc2538dk.a(rpl-dag.o)
                0x000000000020d7fc                rpl_process_dio
 .text.rpl_reset_dio_timer
                0x000000000020da9a       0x1c contiki-cc2538dk.a(rpl-timers.o)
                0x000000000020da9a                rpl_reset_dio_timer
 .text.rpl_schedule_dao
                0x000000000020dab6        0x8 contiki-cc2538dk.a(rpl-timers.o)
                0x000000000020dab6                rpl_schedule_dao
 .text.rpl_remove_routes
                0x000000000020dabe       0x1e contiki-cc2538dk.a(rpl.o)
                0x000000000020dabe                rpl_remove_routes
 .text.rpl_remove_routes_by_nexthop
                0x000000000020dadc       0x36 contiki-cc2538dk.a(rpl.o)
                0x000000000020dadc                rpl_remove_routes_by_nexthop
 .text.rpl_add_route
                0x000000000020db12       0x28 contiki-cc2538dk.a(rpl.o)
                0x000000000020db12                rpl_add_route
 .text.reset    0x000000000020db3a        0x2 contiki-cc2538dk.a(rpl-mrhof.o)
 .text.update_metric_container
                0x000000000020db3c        0x6 contiki-cc2538dk.a(rpl-mrhof.o)
 .text.calculate_rank
                0x000000000020db42       0x34 contiki-cc2538dk.a(rpl-mrhof.o)
 .text.neighbor_link_callback
                0x000000000020db76       0x44 contiki-cc2538dk.a(rpl-mrhof.o)
 .text.best_dag
                0x000000000020dbba       0x2a contiki-cc2538dk.a(rpl-mrhof.o)
 .text.best_parent
                0x000000000020dbe4       0x58 contiki-cc2538dk.a(rpl-mrhof.o)
 .text.nbr_set_bit
                0x000000000020dc3c       0x34 contiki-cc2538dk.a(nbr-table.o)
 .text.item_from_key
                0x000000000020dc70       0x22 contiki-cc2538dk.a(nbr-table.o)
 .text.nbr_table_next
                0x000000000020dc92       0x2e contiki-cc2538dk.a(nbr-table.o)
                0x000000000020dc92                nbr_table_next
 .text.nbr_table_get_from_lladdr
                0x000000000020dcc0       0x32 contiki-cc2538dk.a(nbr-table.o)
                0x000000000020dcc0                nbr_table_get_from_lladdr
 .text.nbr_table_get_lladdr
                0x000000000020dcf2        0xc contiki-cc2538dk.a(nbr-table.o)
                0x000000000020dcf2                nbr_table_get_lladdr
 .text.linkaddr_copy
                0x000000000020dcfe        0xa contiki-cc2538dk.a(linkaddr.o)
                0x000000000020dcfe                linkaddr_copy
 .text.linkaddr_cmp
                0x000000000020dd08       0x12 contiki-cc2538dk.a(linkaddr.o)
                0x000000000020dd08                linkaddr_cmp
 .text.channel_check_interval
                0x000000000020dd1a        0x4 contiki-cc2538dk.a(nullmac.o)
 .text.init     0x000000000020dd1e        0x2 contiki-cc2538dk.a(nullmac.o)
 .text.parse    0x000000000020dd20       0x92 contiki-cc2538dk.a(framer-802154.o)
 .text.create   0x000000000020ddb2        0x6 contiki-cc2538dk.a(framer-802154.o)
 .text.hdr_length
                0x000000000020ddb8        0x6 contiki-cc2538dk.a(framer-802154.o)
 .text.field_len
                0x000000000020ddbe       0x70 contiki-cc2538dk.a(frame802154.o)
 .text.frame802154_hdrlen
                0x000000000020de2e       0x2c contiki-cc2538dk.a(frame802154.o)
                0x000000000020de2e                frame802154_hdrlen
 .text.frame802154_create
                0x000000000020de5a       0xc2 contiki-cc2538dk.a(frame802154.o)
                0x000000000020de5a                frame802154_create
 .text.channel_check_interval
                0x000000000020df1c        0x4 contiki-cc2538dk.a(nullrdc.o)
 .text.init     0x000000000020df20        0x4 contiki-cc2538dk.a(nullrdc.o)
 .text.send_list
                0x000000000020df24       0x20 contiki-cc2538dk.a(nullrdc.o)
 .text.send_packet
                0x000000000020df44        0x4 contiki-cc2538dk.a(nullrdc.o)
 .text.bootstrap
                0x000000000020df48        0x6 contiki-cc2538dk.a(nullsec.o)
 .text.on_frame_created
                0x000000000020df4e        0x4 contiki-cc2538dk.a(nullsec.o)
 .text.get_overhead
                0x000000000020df52        0x4 contiki-cc2538dk.a(nullsec.o)
 .text.stimer_set
                0x000000000020df56        0xe contiki-cc2538dk.a(stimer.o)
                0x000000000020df56                stimer_set
 .text.get32    0x000000000020df64       0x18 contiki-cc2538dk.a(rpl-icmp6.o)
 .text.set32    0x000000000020df7c       0x12 contiki-cc2538dk.a(rpl-icmp6.o)
 .text.get16    0x000000000020df8e        0xc contiki-cc2538dk.a(rpl-icmp6.o)
 .text.set16    0x000000000020df9a        0xa contiki-cc2538dk.a(rpl-icmp6.o)
 .text.mac_call_sent_callback
                0x000000000020dfa4       0x10 contiki-cc2538dk.a(mac.o)
                0x000000000020dfa4                mac_call_sent_callback
 *(SORT(.rodata*))
 .rodata.ecdsa_key.8580
                0x000000000020dfb4       0x10 dtls-client.co
 .rodata.autostart_processes
                0x000000000020dfc4        0x8 dtls-client.co
                0x000000000020dfc4                autostart_processes
 .rodata        0x000000000020dfcc       0x34 contiki-cc2538dk.a(dtls.o)
 .rodata.CSWTCH.151
                0x000000000020e000       0x54 contiki-cc2538dk.a(dtls.o)
 .rodata.rcon   0x000000000020e054       0x28 contiki-cc2538dk.a(rijndael.o)
 .rodata.Te0    0x000000000020e07c      0x400 contiki-cc2538dk.a(rijndael.o)
 .rodata.Te1    0x000000000020e47c      0x400 contiki-cc2538dk.a(rijndael.o)
 .rodata.Te2    0x000000000020e87c      0x400 contiki-cc2538dk.a(rijndael.o)
 .rodata.Te3    0x000000000020ec7c      0x400 contiki-cc2538dk.a(rijndael.o)
 .rodata.Te4    0x000000000020f07c      0x400 contiki-cc2538dk.a(rijndael.o)
 .rodata.sha256_initial_hash_value
                0x000000000020f47c       0x20 contiki-cc2538dk.a(sha2.o)
 .rodata.K256   0x000000000020f49c      0x100 contiki-cc2538dk.a(sha2.o)
 .rodata.ecc_order_mu
                0x000000000020f59c       0x24 contiki-cc2538dk.a(ecc.o)
 .rodata.ecc_prime_m
                0x000000000020f5c0       0x20 contiki-cc2538dk.a(ecc.o)
 .rodata.ecc_order_m
                0x000000000020f5e0       0x24 contiki-cc2538dk.a(ecc.o)
 .rodata.ecc_prime_r
                0x000000000020f604       0x20 contiki-cc2538dk.a(ecc.o)
 .rodata.ecc_order_r
                0x000000000020f624       0x20 contiki-cc2538dk.a(ecc.o)
 .rodata.ecc_g_point_x
                0x000000000020f644       0x20 contiki-cc2538dk.a(ecc.o)
                0x000000000020f644                ecc_g_point_x
 .rodata.ecc_g_point_y
                0x000000000020f664       0x20 contiki-cc2538dk.a(ecc.o)
                0x000000000020f664                ecc_g_point_y
 .rodata.loglevels
                0x000000000020f684       0x1c contiki-cc2538dk.a(debug.o)
 .rodata.button_select_sensor
                0x000000000020f6a0       0x10 contiki-cc2538dk.a(button-sensor.o)
                0x000000000020f6a0                button_select_sensor
 .rodata.button_up_sensor
                0x000000000020f6b0       0x10 contiki-cc2538dk.a(button-sensor.o)
                0x000000000020f6b0                button_up_sensor
 .rodata.button_left_sensor
                0x000000000020f6c0       0x10 contiki-cc2538dk.a(button-sensor.o)
                0x000000000020f6c0                button_left_sensor
 .rodata.button_right_sensor
                0x000000000020f6d0       0x10 contiki-cc2538dk.a(button-sensor.o)
                0x000000000020f6d0                button_right_sensor
 .rodata.button_down_sensor
                0x000000000020f6e0       0x10 contiki-cc2538dk.a(button-sensor.o)
                0x000000000020f6e0                button_down_sensor
 .rodata.als_sensor
                0x000000000020f6f0       0x10 contiki-cc2538dk.a(als-sensor.o)
                0x000000000020f6f0                als_sensor
 .rodata.uart_regs
                0x000000000020f700       0x58 contiki-cc2538dk.a(uart.o)
 .rodata.cc2538_rf_driver
                0x000000000020f758       0x38 contiki-cc2538dk.a(cc2538-rf.o)
                0x000000000020f758                cc2538_rf_driver
 .rodata.output_power
                0x000000000020f790       0x70 contiki-cc2538dk.a(cc2538-rf.o)
 .rodata.cc2538_temp_sensor
                0x000000000020f800       0x10 contiki-cc2538dk.a(cc2538-temp-sen)
                0x000000000020f800                cc2538_temp_sensor
 .rodata.vdd3_sensor
                0x000000000020f810       0x10 contiki-cc2538dk.a(vdd3-sensor.o)
                0x000000000020f810                vdd3_sensor
 .rodata.sicslowpan_driver
                0x000000000020f820        0xc contiki-cc2538dk.a(sicslowpan.o)
                0x000000000020f820                sicslowpan_driver
 .rodata.nullmac_driver
                0x000000000020f82c       0x1c contiki-cc2538dk.a(nullmac.o)
                0x000000000020f82c                nullmac_driver
 .rodata.framer_802154
                0x000000000020f848       0x10 contiki-cc2538dk.a(framer-802154.o)
                0x000000000020f848                framer_802154
 .rodata.nullrdc_driver
                0x000000000020f858       0x20 contiki-cc2538dk.a(nullrdc.o)
                0x000000000020f858                nullrdc_driver
 .rodata.nullsec_driver
                0x000000000020f878       0x18 contiki-cc2538dk.a(nullsec.o)
                0x000000000020f878                nullsec_driver
 .rodata.ecdsa_priv_key
                0x000000000020f890       0x20 dtls-client.co
 .rodata.ecdsa_pub_key_x
                0x000000000020f8b0       0x20 dtls-client.co
 .rodata.ecdsa_pub_key_y
                0x000000000020f8d0       0x20 dtls-client.co
 .rodata.str1.1
                0x000000000020f8f0       0x9c dtls-client.co
                                         0xa1 (size before relaxing)
 .rodata.prf_label_server
                0x000000000020f98c        0x7 contiki-cc2538dk.a(dtls.o)
 .rodata.prf_label_master
                0x000000000020f993        0xe contiki-cc2538dk.a(dtls.o)
 .rodata.prf_label_finished
                0x000000000020f9a1        0xa contiki-cc2538dk.a(dtls.o)
 .rodata.str1.1
                0x000000000020f9ab     0x15e1 contiki-cc2538dk.a(dtls.o)
                                       0x1600 (size before relaxing)
 .rodata.prf_label_client
                0x0000000000210f8c        0x7 contiki-cc2538dk.a(dtls.o)
 .rodata.prf_label_key
                0x0000000000210f93        0xe contiki-cc2538dk.a(dtls.o)
 .rodata.cert_asn1_header
                0x0000000000210fa1       0x1b contiki-cc2538dk.a(dtls.o)
 .rodata.str1.1
                0x0000000000210fbc       0xbd contiki-cc2538dk.a(tinycrypto.o)
 .rodata.str1.1
                0x0000000000211079       0x38 contiki-cc2538dk.a(hmac.o)
 .rodata.str1.1
                0x00000000002110b1       0x4e contiki-cc2538dk.a(sha2.o)
 .rodata.str1.1
                0x00000000002110ff       0x3b contiki-cc2538dk.a(tinyccm.o)
 .rodata.str1.1
                0x000000000021113a       0x4e contiki-cc2538dk.a(netq.o)
 .rodata.str1.1
                0x0000000000211188        0xe contiki-cc2538dk.a(peer.o)
 .rodata.str1.1
                0x0000000000211196       0x3b contiki-cc2538dk.a(session.o)
 .rodata.str1.1
                0x00000000002111d1       0x7c contiki-cc2538dk.a(debug.o)
 .rodata.str1.1
                0x000000000021124d       0x6b contiki-cc2538dk.a(contiki-main.o)
                                         0x71 (size before relaxing)
 .rodata.str1.1
                0x00000000002112b8        0x8 contiki-cc2538dk.a(sensors.o)
 .rodata.str1.1
                0x00000000002112c0        0x7 contiki-cc2538dk.a(button-sensor.o)
 .rodata.str1.1
                0x00000000002112c7        0x4 contiki-cc2538dk.a(als-sensor.o)
 .rodata.str1.1
                0x00000000002112cb       0x11 contiki-cc2538dk.a(cc2538-rf.o)
 .rodata.str1.1
                0x00000000002112dc       0x14 contiki-cc2538dk.a(cc2538-temp-sen)
 .rodata.str1.1
                0x00000000002112f0        0x5 contiki-cc2538dk.a(vdd3-sensor.o)
 .rodata.str1.1
                0x00000000002112f5       0x24 contiki-cc2538dk.a(strformat.o)
                                         0x37 (size before relaxing)
 .rodata.buffer.4135
                0x0000000000211319       0x10 contiki-cc2538dk.a(strformat.o)
 .rodata.buffer.4144
                0x0000000000211329       0x10 contiki-cc2538dk.a(strformat.o)
 .rodata.str1.1
                0x0000000000211339        0xc contiki-cc2538dk.a(etimer.o)
 .rodata.str1.1
                0x0000000000211345        0xf contiki-cc2538dk.a(ctimer.o)
 .rodata.str1.1
                0x0000000000211354        0xe contiki-cc2538dk.a(serial-line.o)
 .rodata.str1.1
                0x0000000000211362       0x25 contiki-cc2538dk.a(assert.o)
 .rodata        0x0000000000211387        0x2 contiki-cc2538dk.a(sicslowpan.o)
 .rodata.ttl_values
                0x0000000000211389        0x4 contiki-cc2538dk.a(sicslowpan.o)
 .rodata.unc_llconf
                0x000000000021138d        0x4 contiki-cc2538dk.a(sicslowpan.o)
                0x000000000021138d                unc_llconf
 .rodata.llprefix
                0x0000000000211391        0x2 contiki-cc2538dk.a(sicslowpan.o)
                0x0000000000211391                llprefix
 .rodata.unc_mxconf
                0x0000000000211393        0x4 contiki-cc2538dk.a(sicslowpan.o)
                0x0000000000211393                unc_mxconf
 .rodata.str1.1
                0x0000000000211397        0xb contiki-cc2538dk.a(sicslowpan.o)
 .rodata.unc_ctxconf
                0x00000000002113a2        0x4 contiki-cc2538dk.a(sicslowpan.o)
                0x00000000002113a2                unc_ctxconf
 .rodata.str1.1
                0x00000000002113a6       0x24 contiki-cc2538dk.a(uip-debug.o)
                                         0x29 (size before relaxing)
 .rodata.str1.1
                0x00000000002113ca        0xd contiki-cc2538dk.a(tcpip.o)
 .rodata.linkaddr_null
                0x00000000002113d7        0x8 contiki-cc2538dk.a(linkaddr.o)
                0x00000000002113d7                linkaddr_null
 .rodata.str1.1
                0x00000000002113df        0x8 contiki-cc2538dk.a(nullmac.o)
 .rodata.str1.1
                0x00000000002113e7        0x8 contiki-cc2538dk.a(nullrdc.o)
 .rodata.str1.1
                0x00000000002113ef        0x8 contiki-cc2538dk.a(nullsec.o)
                0x00000000002113f7                _etext = .

.glue_7         0x00000000002113f8        0x0
 .glue_7        0x00000000002113f8        0x0 linker stubs

.glue_7t        0x00000000002113f8        0x0
 .glue_7t       0x00000000002113f8        0x0 linker stubs

.vfp11_veneer   0x00000000002113f8        0x0
 .vfp11_veneer  0x00000000002113f8        0x0 linker stubs

.v4_bx          0x00000000002113f8        0x0
 .v4_bx         0x00000000002113f8        0x0 linker stubs

.iplt           0x00000000002113f8        0x0
 .iplt          0x00000000002113f8        0x0 obj_cc2538dk/startup-gcc.o

.socdata        0x0000000020000000       0x40
 *(SORT(.udma_channel_control_table))
 .udma_channel_control_table
                0x0000000020000000       0x40 contiki-cc2538dk.a(udma.o)

.data           0x0000000020000040      0x202 load address 0x00000000002113f8
                0x0000000020000040                _data = .
 *(SORT(.data*))
 .data.cb.8612  0x0000000020000040       0x18 dtls-client.co
 .data.udp_server_process
                0x0000000020000058       0x10 dtls-client.co
                0x0000000020000058                udp_server_process
 .data.dtls_retransmit_process
                0x0000000020000068       0x10 contiki-cc2538dk.a(dtls.o)
                0x0000000020000068                dtls_retransmit_process
 .data.security_storage
                0x0000000020000078        0xc contiki-cc2538dk.a(tinycrypto.o)
 .data.handshake_storage
                0x0000000020000084        0xc contiki-cc2538dk.a(tinycrypto.o)
 .data.hmac_context_storage
                0x0000000020000090        0xc contiki-cc2538dk.a(hmac.o)
 .data.netq_storage
                0x000000002000009c        0xc contiki-cc2538dk.a(netq.o)
 .data.peer_storage
                0x00000000200000a8        0xc contiki-cc2538dk.a(peer.o)
 .data.maxlog   0x00000000200000b4        0x4 contiki-cc2538dk.a(debug.o)
 .data.sensors_process
                0x00000000200000b8       0x10 contiki-cc2538dk.a(sensors.o)
                0x00000000200000b8                sensors_process
 .data.sensors  0x00000000200000c8       0x24 contiki-cc2538dk.a(smartrf-sensors)
                0x00000000200000c8                sensors
 .data.cc2538_rf_process
                0x00000000200000ec       0x10 contiki-cc2538dk.a(cc2538-rf.o)
                0x00000000200000ec                cc2538_rf_process
 .data.ctxt     0x00000000200000fc        0x8 contiki-cc2538dk.a(dbg-printf.o)
 .data.etimer_process
                0x0000000020000104       0x10 contiki-cc2538dk.a(etimer.o)
                0x0000000020000104                etimer_process
 .data.ctimer_process
                0x0000000020000114       0x10 contiki-cc2538dk.a(ctimer.o)
                0x0000000020000114                ctimer_process
 .data.serial_line_process
                0x0000000020000124       0x10 contiki-cc2538dk.a(serial-line.o)
                0x0000000020000124                serial_line_process
 .data.defaultroutermemb
                0x0000000020000134        0xc contiki-cc2538dk.a(uip-ds6-route.o)
 .data.nbr_routes_struct
                0x0000000020000140       0x10 contiki-cc2538dk.a(uip-ds6-route.o)
 .data.routememb
                0x0000000020000150        0xc contiki-cc2538dk.a(uip-ds6-route.o)
 .data.neighborroutememb
                0x000000002000015c        0xc contiki-cc2538dk.a(uip-ds6-route.o)
 .data.ds6_neighbors
                0x0000000020000168        0x4 contiki-cc2538dk.a(uip-ds6-nbr.o)
                0x0000000020000168                ds6_neighbors
 .data.ds6_neighbors_struct
                0x000000002000016c       0x10 contiki-cc2538dk.a(uip-ds6-nbr.o)
 .data.ns_input_handler
                0x000000002000017c        0xc contiki-cc2538dk.a(uip-nd6.o)
 .data.na_input_handler
                0x0000000020000188        0xc contiki-cc2538dk.a(uip-nd6.o)
 .data.tcpip_process
                0x0000000020000194       0x10 contiki-cc2538dk.a(tcpip.o)
                0x0000000020000194                tcpip_process
 .data.rpl_parents
                0x00000000200001a4        0x4 contiki-cc2538dk.a(rpl-dag.o)
                0x00000000200001a4                rpl_parents
 .data.rpl_parents_struct
                0x00000000200001a8       0x10 contiki-cc2538dk.a(rpl-dag.o)
 .data.rpl_mrhof
                0x00000000200001b8       0x1c contiki-cc2538dk.a(rpl-mrhof.o)
                0x00000000200001b8                rpl_mrhof
 .data.bufmem   0x00000000200001d4        0xc contiki-cc2538dk.a(queuebuf.o)
 .data.buframmem
                0x00000000200001e0        0xc contiki-cc2538dk.a(queuebuf.o)
 .data.neighbor_addr_mem
                0x00000000200001ec        0xc contiki-cc2538dk.a(nbr-table.o)
 .data.echo_request_handler
                0x00000000200001f8        0xc contiki-cc2538dk.a(uip-icmp6.o)
 .data.echo_reply_handler
                0x0000000020000204        0xc contiki-cc2538dk.a(uip-icmp6.o)
 .data.dao_ack_handler
                0x0000000020000210        0xc contiki-cc2538dk.a(rpl-icmp6.o)
 .data.dis_handler
                0x000000002000021c        0xc contiki-cc2538dk.a(rpl-icmp6.o)
 .data.dao_handler
                0x0000000020000228        0xc contiki-cc2538dk.a(rpl-icmp6.o)
 .data.dio_handler
                0x0000000020000234        0xc contiki-cc2538dk.a(rpl-icmp6.o)
 .data.rf_channel
                0x0000000020000240        0x1 contiki-cc2538dk.a(cc2538-rf.o)
 .data.dao_sequence
                0x0000000020000241        0x1 contiki-cc2538dk.a(rpl-icmp6.o)
                0x0000000020000242                _edata = .
                0x00000000002113f8                _ldata = LOADADDR (.data)

.igot.plt       0x0000000020000244        0x0 load address 0x00000000002115fa
 .igot.plt      0x0000000020000244        0x0 obj_cc2538dk/startup-gcc.o

.ARM.exidx      0x00000000002115fc        0x8
 *(SORT(.ARM.exidx*))
 .ARM.exidx     0x00000000002115fc        0x8 /usr/lib/gcc/arm-none-eabi/4.8/armv7-m/libgcc.a(_divdi3.o)
 .ARM.exidx     0x0000000000211604        0x0 /usr/lib/gcc/arm-none-eabi/4.8/armv7-m/libgcc.a(_udivdi3.o)
                                          0x8 (size before relaxing)

.bss            0x0000000020000248     0x2f77
                0x0000000020000248                _bss = .
 *(SORT(.bss*))
 .bss.security_storage_memb_mem
                0x0000000020000248       0x70 contiki-cc2538dk.a(tinycrypto.o)
 .bss.handshake_storage_memb_mem
                0x00000000200002b8      0x160 contiki-cc2538dk.a(tinycrypto.o)
 .bss.hmac_context_storage_memb_mem
                0x0000000020000418      0x1f8 contiki-cc2538dk.a(hmac.o)
 .bss.rt_ticks_startup
                0x0000000020000610        0x8 contiki-cc2538dk.a(clock.o)
 .bss.rt_ticks_epoch
                0x0000000020000618        0x8 contiki-cc2538dk.a(clock.o)
 .bss.session.8597
                0x0000000020000620       0x18 dtls-client.co
 .bss.buflen    0x0000000020000638        0x4 dtls-client.co
 .bss.client_conn
                0x000000002000063c        0x4 dtls-client.co
 .bss.dtls_context
                0x0000000020000640        0x4 dtls-client.co
 .bss.dst.8619  0x0000000020000644       0x18 dtls-client.co
 .bss.connected.8618
                0x000000002000065c        0x4 dtls-client.co
 .bss.the_dtls_context
                0x0000000020000660      0x100 contiki-cc2538dk.a(dtls.o)
 .bss.cipher_context
                0x0000000020000760       0xb4 contiki-cc2538dk.a(tinycrypto.o)
 .bss.counter_tmp.7346
                0x0000000020000814        0x4 contiki-cc2538dk.a(tinyccm.o)
 .bss.netq_storage_memb_mem
                0x0000000020000818      0x460 contiki-cc2538dk.a(netq.o)
 .bss.peer_storage_memb_mem
                0x0000000020000c78       0x2c contiki-cc2538dk.a(peer.o)